[0.008s] Invoking command in '/home/ahmed/colcon_ws/build/autonomy_msgs': DEBUGINFOD_URLS=https://debuginfod.ubuntu.com /usr/bin/cmake /home/ahmed/colcon_ws/src/autonomy_msgs -DCATKIN_INSTALL_INTO_PREFIX_ROOT=0 -DCMAKE_INSTALL_PREFIX=/home/ahmed/colcon_ws/install/autonomy_msgs
[0.054s] -- The C compiler identification is GNU 13.3.0
[0.103s] -- The CXX compiler identification is GNU 13.3.0
[0.116s] -- Detecting C compiler ABI info
[0.190s] -- Detecting C compiler ABI info - done
[0.200s] -- Check for working C compiler: /usr/bin/cc - skipped
[0.201s] -- Detecting C compile features
[0.201s] -- Detecting C compile features - done
[0.210s] -- Detecting CXX compiler ABI info
[0.293s] -- Detecting CXX compiler ABI info - done
[0.304s] -- Check for working CXX compiler: /usr/bin/c++ - skipped
[0.305s] -- Detecting CXX compile features
[0.305s] -- Detecting CXX compile features - done
[0.309s] -- Found ament_cmake: 2.5.5 (/opt/ros/jazzy/share/ament_cmake/cmake)
[0.447s] -- Found Python3: /usr/bin/python3 (found version "3.12.3") found components: Interpreter 
[0.556s] -- Found rosidl_default_generators: 1.6.0 (/opt/ros/jazzy/share/rosidl_default_generators/cmake)
[0.563s] -- Using all available rosidl_typesupport_c: rosidl_typesupport_fastrtps_c;rosidl_typesupport_introspection_c
[0.625s] -- Using all available rosidl_typesupport_cpp: rosidl_typesupport_fastrtps_cpp;rosidl_typesupport_introspection_cpp
[0.674s] -- Found rosidl_adapter: 4.6.7 (/opt/ros/jazzy/share/rosidl_adapter/cmake)
[0.678s] -- Found std_msgs: 5.3.6 (/opt/ros/jazzy/share/std_msgs/cmake)
[0.717s] -- Found geometry_msgs: 5.3.6 (/opt/ros/jazzy/share/geometry_msgs/cmake)
[1.310s] -- Found ament_cmake_ros: 0.12.0 (/opt/ros/jazzy/share/ament_cmake_ros/cmake)
[1.781s] -- Using all available rosidl_typesupport_c: rosidl_typesupport_fastrtps_c;rosidl_typesupport_introspection_c
[2.399s] -- Using all available rosidl_typesupport_cpp: rosidl_typesupport_fastrtps_cpp;rosidl_typesupport_introspection_cpp
[2.403s] -- Found python_cmake_module: 0.11.1 (/opt/ros/jazzy/share/python_cmake_module/cmake)
[2.524s] -- Found PythonExtra: /usr/bin/python3  
[2.920s] -- Found Python3: /usr/bin/python3 (found version "3.12.3") found components: Interpreter Development NumPy Development.Module Development.Embed 
[2.985s] -- Configuring done (3.0s)
[3.021s] -- Generating done (0.0s)
[3.023s] [33mCMake Warning:
[3.024s]   Manually-specified variables were not used by the project:
[3.024s] 
[3.024s]     CATKIN_INSTALL_INTO_PREFIX_ROOT
[3.024s] 
[3.024s] [0m
[3.034s] -- Build files have been written to: /home/ahmed/colcon_ws/build/autonomy_msgs
[3.039s] Invoked command in '/home/ahmed/colcon_ws/build/autonomy_msgs' returned '0': DEBUGINFOD_URLS=https://debuginfod.ubuntu.com /usr/bin/cmake /home/ahmed/colcon_ws/src/autonomy_msgs -DCATKIN_INSTALL_INTO_PREFIX_ROOT=0 -DCMAKE_INSTALL_PREFIX=/home/ahmed/colcon_ws/install/autonomy_msgs
[3.040s] Invoking command in '/home/ahmed/colcon_ws/build/autonomy_msgs': DEBUGINFOD_URLS=https://debuginfod.ubuntu.com /usr/bin/cmake --build /home/ahmed/colcon_ws/build/autonomy_msgs -- -j12 -l12
[3.084s] [  2%] [34m[1mGenerating type hashes for ROS interfaces[0m
[3.092s] [  2%] Built target ament_cmake_python_copy_autonomy_msgs
[3.284s] [  2%] Built target autonomy_msgs__rosidl_generator_type_description
[3.293s] [  4%] [34m[1mGenerating C code for ROS interfaces[0m
[3.302s] [  6%] [34m[1mGenerating C++ code for ROS interfaces[0m
[3.318s] running egg_info
[3.319s] creating autonomy_msgs.egg-info
[3.342s] writing autonomy_msgs.egg-info/PKG-INFO
[3.342s] writing dependency_links to autonomy_msgs.egg-info/dependency_links.txt
[3.342s] writing top-level names to autonomy_msgs.egg-info/top_level.txt
[3.342s] writing manifest file 'autonomy_msgs.egg-info/SOURCES.txt'
[3.411s] reading manifest file 'autonomy_msgs.egg-info/SOURCES.txt'
[3.411s] writing manifest file 'autonomy_msgs.egg-info/SOURCES.txt'
[3.434s] [  6%] Built target ament_cmake_python_build_autonomy_msgs_egg
[3.570s] [  6%] Built target autonomy_msgs__cpp
[3.615s] [ 18%] [32mBuilding C object CMakeFiles/autonomy_msgs__rosidl_generator_c.dir/rosidl_generator_c/autonomy_msgs/msg/detail/detection__type_support.c.o[0m
[3.615s] [ 18%] [32mBuilding C object CMakeFiles/autonomy_msgs__rosidl_generator_c.dir/rosidl_generator_c/autonomy_msgs/msg/detail/detection__description.c.o[0m
[3.615s] [ 18%] [32mBuilding C object CMakeFiles/autonomy_msgs__rosidl_generator_c.dir/rosidl_generator_c/autonomy_msgs/msg/detail/detection_array__description.c.o[0m
[3.615s] [ 20%] [32mBuilding C object CMakeFiles/autonomy_msgs__rosidl_generator_c.dir/rosidl_generator_c/autonomy_msgs/msg/detail/detection_array__functions.c.o[0m
[3.616s] [ 18%] [32mBuilding C object CMakeFiles/autonomy_msgs__rosidl_generator_c.dir/rosidl_generator_c/autonomy_msgs/msg/detail/detection__functions.c.o[0m
[3.616s] [ 20%] [32mBuilding C object CMakeFiles/autonomy_msgs__rosidl_generator_c.dir/rosidl_generator_c/autonomy_msgs/msg/detail/detection_array__type_support.c.o[0m
[3.662s] [ 22%] [32m[1mLinking C shared library libautonomy_msgs__rosidl_generator_c.so[0m
[3.695s] [ 22%] Built target autonomy_msgs__rosidl_generator_c
[3.705s] [ 36%] [34m[1mGenerating C++ type support for eProsima Fast-RTPS[0m
[3.705s] [ 36%] [34m[1mGenerating C introspection for ROS interfaces[0m
[3.705s] [ 36%] [34m[1mGenerating C type support dispatch for ROS interfaces[0m
[3.705s] [ 36%] [34m[1mGenerating C++ type support dispatch for ROS interfaces[0m
[3.705s] [ 36%] [34m[1mGenerating C++ introspection for ROS interfaces[0m
[3.705s] [ 36%] [34m[1mGenerating C type support for eProsima Fast-RTPS[0m
[3.943s] [ 38%] [32mBuilding CXX object CMakeFiles/autonomy_msgs__rosidl_typesupport_c.dir/rosidl_typesupport_c/autonomy_msgs/msg/detection__type_support.cpp.o[0m
[3.945s] [ 40%] [32mBuilding CXX object CMakeFiles/autonomy_msgs__rosidl_typesupport_cpp.dir/rosidl_typesupport_cpp/autonomy_msgs/msg/detection_array__type_support.cpp.o[0m
[3.945s] [ 43%] [32mBuilding CXX object CMakeFiles/autonomy_msgs__rosidl_typesupport_cpp.dir/rosidl_typesupport_cpp/autonomy_msgs/msg/detection__type_support.cpp.o[0m
[3.946s] [ 45%] [32mBuilding CXX object CMakeFiles/autonomy_msgs__rosidl_typesupport_c.dir/rosidl_typesupport_c/autonomy_msgs/msg/detection_array__type_support.cpp.o[0m
[3.972s] [ 50%] [32mBuilding CXX object CMakeFiles/autonomy_msgs__rosidl_typesupport_introspection_cpp.dir/rosidl_typesupport_introspection_cpp/autonomy_msgs/msg/detail/detection__type_support.cpp.o[0m
[3.972s] [ 50%] [32mBuilding CXX object CMakeFiles/autonomy_msgs__rosidl_typesupport_introspection_cpp.dir/rosidl_typesupport_introspection_cpp/autonomy_msgs/msg/detail/detection_array__type_support.cpp.o[0m
[3.980s] [ 52%] [32mBuilding C object CMakeFiles/autonomy_msgs__rosidl_typesupport_introspection_c.dir/rosidl_typesupport_introspection_c/autonomy_msgs/msg/detail/detection__type_support.c.o[0m
[3.981s] [ 54%] [32mBuilding C object CMakeFiles/autonomy_msgs__rosidl_typesupport_introspection_c.dir/rosidl_typesupport_introspection_c/autonomy_msgs/msg/detail/detection_array__type_support.c.o[0m
[4.004s] [ 56%] [32m[1mLinking CXX shared library libautonomy_msgs__rosidl_typesupport_c.so[0m
[4.023s] [ 59%] [32mBuilding CXX object CMakeFiles/autonomy_msgs__rosidl_typesupport_fastrtps_cpp.dir/rosidl_typesupport_fastrtps_cpp/autonomy_msgs/msg/detail/dds_fastrtps/detection__type_support.cpp.o[0m
[4.024s] [ 61%] [32mBuilding CXX object CMakeFiles/autonomy_msgs__rosidl_typesupport_fastrtps_cpp.dir/rosidl_typesupport_fastrtps_cpp/autonomy_msgs/msg/detail/dds_fastrtps/detection_array__type_support.cpp.o[0m
[4.037s] [ 63%] [32mBuilding CXX object CMakeFiles/autonomy_msgs__rosidl_typesupport_fastrtps_c.dir/rosidl_typesupport_fastrtps_c/autonomy_msgs/msg/detail/detection_array__type_support_c.cpp.o[0m
[4.038s] [ 65%] [32mBuilding CXX object CMakeFiles/autonomy_msgs__rosidl_typesupport_fastrtps_c.dir/rosidl_typesupport_fastrtps_c/autonomy_msgs/msg/detail/detection__type_support_c.cpp.o[0m
[4.041s] [ 68%] [32m[1mLinking C shared library libautonomy_msgs__rosidl_typesupport_introspection_c.so[0m
[4.053s] [ 68%] Built target autonomy_msgs__rosidl_typesupport_c
[4.084s] [ 68%] Built target autonomy_msgs__rosidl_typesupport_introspection_c
[4.428s] [ 70%] [32m[1mLinking CXX shared library libautonomy_msgs__rosidl_typesupport_cpp.so[0m
[4.450s] [ 72%] [32m[1mLinking CXX shared library libautonomy_msgs__rosidl_typesupport_introspection_cpp.so[0m
[4.467s] [ 72%] Built target autonomy_msgs__rosidl_typesupport_cpp
[4.523s] [ 72%] Built target autonomy_msgs__rosidl_typesupport_introspection_cpp
[4.544s] [ 75%] [32m[1mLinking CXX shared library libautonomy_msgs__rosidl_typesupport_fastrtps_cpp.so[0m
[4.609s] [ 75%] Built target autonomy_msgs__rosidl_typesupport_fastrtps_cpp
[4.654s] [ 77%] [32m[1mLinking CXX shared library libautonomy_msgs__rosidl_typesupport_fastrtps_c.so[0m
[4.716s] [ 77%] Built target autonomy_msgs__rosidl_typesupport_fastrtps_c
[4.733s] [ 77%] Built target autonomy_msgs
[4.752s] [ 79%] [34m[1mGenerating Python code for ROS interfaces[0m
[5.082s] [ 79%] Built target autonomy_msgs__py
[5.100s] [ 84%] [32mBuilding C object CMakeFiles/autonomy_msgs__rosidl_generator_py.dir/rosidl_generator_py/autonomy_msgs/msg/_detection_array_s.c.o[0m
[5.100s] [ 84%] [32mBuilding C object CMakeFiles/autonomy_msgs__rosidl_generator_py.dir/rosidl_generator_py/autonomy_msgs/msg/_detection_s.c.o[0m
[5.219s] [ 86%] [32m[1mLinking C shared library libautonomy_msgs__rosidl_generator_py.so[0m
[5.258s] [ 86%] Built target autonomy_msgs__rosidl_generator_py
[5.276s] [ 93%] [32mBuilding C object CMakeFiles/autonomy_msgs_s__rosidl_typesupport_fastrtps_c.dir/rosidl_generator_py/autonomy_msgs/_autonomy_msgs_s.ep.rosidl_typesupport_fastrtps_c.c.o[0m
[5.276s] [ 93%] [32mBuilding C object CMakeFiles/autonomy_msgs_s__rosidl_typesupport_introspection_c.dir/rosidl_generator_py/autonomy_msgs/_autonomy_msgs_s.ep.rosidl_typesupport_introspection_c.c.o[0m
[5.276s] [ 93%] [32mBuilding C object CMakeFiles/autonomy_msgs_s__rosidl_typesupport_c.dir/rosidl_generator_py/autonomy_msgs/_autonomy_msgs_s.ep.rosidl_typesupport_c.c.o[0m
[5.373s] [ 97%] [32m[1mLinking C shared module rosidl_generator_py/autonomy_msgs/autonomy_msgs_s__rosidl_typesupport_introspection_c.so[0m
[5.373s] [ 97%] [32m[1mLinking C shared module rosidl_generator_py/autonomy_msgs/autonomy_msgs_s__rosidl_typesupport_c.so[0m
[5.375s] [100%] [32m[1mLinking C shared module rosidl_generator_py/autonomy_msgs/autonomy_msgs_s__rosidl_typesupport_fastrtps_c.so[0m
[5.401s] [100%] Built target autonomy_msgs_s__rosidl_typesupport_introspection_c
[5.401s] [100%] Built target autonomy_msgs_s__rosidl_typesupport_c
[5.403s] [100%] Built target autonomy_msgs_s__rosidl_typesupport_fastrtps_c
[5.414s] Invoked command in '/home/ahmed/colcon_ws/build/autonomy_msgs' returned '0': DEBUGINFOD_URLS=https://debuginfod.ubuntu.com /usr/bin/cmake --build /home/ahmed/colcon_ws/build/autonomy_msgs -- -j12 -l12
[5.423s] Invoking command in '/home/ahmed/colcon_ws/build/autonomy_msgs': DEBUGINFOD_URLS=https://debuginfod.ubuntu.com /usr/bin/cmake --install /home/ahmed/colcon_ws/build/autonomy_msgs
[5.430s] -- Install configuration: ""
[5.430s] -- Installing: /home/ahmed/colcon_ws/install/autonomy_msgs/share/ament_index/resource_index/rosidl_interfaces/autonomy_msgs
[5.430s] -- Installing: /home/ahmed/colcon_ws/install/autonomy_msgs/share/autonomy_msgs/msg/Detection.json
[5.430s] -- Installing: /home/ahmed/colcon_ws/install/autonomy_msgs/share/autonomy_msgs/msg/DetectionArray.json
[5.430s] -- Installing: /home/ahmed/colcon_ws/install/autonomy_msgs/include/autonomy_msgs/autonomy_msgs
[5.430s] -- Installing: /home/ahmed/colcon_ws/install/autonomy_msgs/include/autonomy_msgs/autonomy_msgs/msg
[5.431s] -- Installing: /home/ahmed/colcon_ws/install/autonomy_msgs/include/autonomy_msgs/autonomy_msgs/msg/detail
[5.431s] -- Installing: /home/ahmed/colcon_ws/install/autonomy_msgs/include/autonomy_msgs/autonomy_msgs/msg/detail/detection__type_support.h
[5.431s] -- Installing: /home/ahmed/colcon_ws/install/autonomy_msgs/include/autonomy_msgs/autonomy_msgs/msg/detail/detection_array__description.c
[5.431s] -- Installing: /home/ahmed/colcon_ws/install/autonomy_msgs/include/autonomy_msgs/autonomy_msgs/msg/detail/detection_array__type_support.h
[5.431s] -- Installing: /home/ahmed/colcon_ws/install/autonomy_msgs/include/autonomy_msgs/autonomy_msgs/msg/detail/detection__struct.h
[5.431s] -- Installing: /home/ahmed/colcon_ws/install/autonomy_msgs/include/autonomy_msgs/autonomy_msgs/msg/detail/detection__type_support.c
[5.431s] -- Installing: /home/ahmed/colcon_ws/install/autonomy_msgs/include/autonomy_msgs/autonomy_msgs/msg/detail/detection_array__functions.c
[5.431s] -- Installing: /home/ahmed/colcon_ws/install/autonomy_msgs/include/autonomy_msgs/autonomy_msgs/msg/detail/detection__functions.c
[5.431s] -- Installing: /home/ahmed/colcon_ws/install/autonomy_msgs/include/autonomy_msgs/autonomy_msgs/msg/detail/detection__functions.h
[5.432s] -- Installing: /home/ahmed/colcon_ws/install/autonomy_msgs/include/autonomy_msgs/autonomy_msgs/msg/detail/detection__description.c
[5.432s] -- Installing: /home/ahmed/colcon_ws/install/autonomy_msgs/include/autonomy_msgs/autonomy_msgs/msg/detail/detection_array__functions.h
[5.432s] -- Installing: /home/ahmed/colcon_ws/install/autonomy_msgs/include/autonomy_msgs/autonomy_msgs/msg/detail/detection_array__type_support.c
[5.432s] -- Installing: /home/ahmed/colcon_ws/install/autonomy_msgs/include/autonomy_msgs/autonomy_msgs/msg/detail/detection_array__struct.h
[5.432s] -- Installing: /home/ahmed/colcon_ws/install/autonomy_msgs/include/autonomy_msgs/autonomy_msgs/msg/detection.h
[5.432s] -- Installing: /home/ahmed/colcon_ws/install/autonomy_msgs/include/autonomy_msgs/autonomy_msgs/msg/rosidl_generator_c__visibility_control.h
[5.432s] -- Installing: /home/ahmed/colcon_ws/install/autonomy_msgs/include/autonomy_msgs/autonomy_msgs/msg/detection_array.h
[5.432s] -- Installing: /home/ahmed/colcon_ws/install/autonomy_msgs/share/autonomy_msgs/environment/library_path.sh
[5.432s] -- Installing: /home/ahmed/colcon_ws/install/autonomy_msgs/share/autonomy_msgs/environment/library_path.dsv
[5.433s] -- Installing: /home/ahmed/colcon_ws/install/autonomy_msgs/lib/libautonomy_msgs__rosidl_generator_c.so
[5.433s] -- Set non-toolchain portion of runtime path of "/home/ahmed/colcon_ws/install/autonomy_msgs/lib/libautonomy_msgs__rosidl_generator_c.so" to ""
[5.433s] -- Up-to-date: /home/ahmed/colcon_ws/install/autonomy_msgs/include/autonomy_msgs/autonomy_msgs
[5.433s] -- Up-to-date: /home/ahmed/colcon_ws/install/autonomy_msgs/include/autonomy_msgs/autonomy_msgs/msg
[5.433s] -- Up-to-date: /home/ahmed/colcon_ws/install/autonomy_msgs/include/autonomy_msgs/autonomy_msgs/msg/detail
[5.433s] -- Installing: /home/ahmed/colcon_ws/install/autonomy_msgs/include/autonomy_msgs/autonomy_msgs/msg/detail/detection_array__rosidl_typesupport_fastrtps_c.h
[5.433s] -- Installing: /home/ahmed/colcon_ws/install/autonomy_msgs/include/autonomy_msgs/autonomy_msgs/msg/detail/detection__rosidl_typesupport_fastrtps_c.h
[5.433s] -- Installing: /home/ahmed/colcon_ws/install/autonomy_msgs/include/autonomy_msgs/autonomy_msgs/msg/rosidl_typesupport_fastrtps_c__visibility_control.h
[5.434s] -- Installing: /home/ahmed/colcon_ws/install/autonomy_msgs/lib/libautonomy_msgs__rosidl_typesupport_fastrtps_c.so
[5.434s] -- Set non-toolchain portion of runtime path of "/home/ahmed/colcon_ws/install/autonomy_msgs/lib/libautonomy_msgs__rosidl_typesupport_fastrtps_c.so" to ""
[5.434s] -- Up-to-date: /home/ahmed/colcon_ws/install/autonomy_msgs/include/autonomy_msgs/autonomy_msgs
[5.434s] -- Up-to-date: /home/ahmed/colcon_ws/install/autonomy_msgs/include/autonomy_msgs/autonomy_msgs/msg
[5.434s] -- Up-to-date: /home/ahmed/colcon_ws/install/autonomy_msgs/include/autonomy_msgs/autonomy_msgs/msg/detail
[5.434s] -- Installing: /home/ahmed/colcon_ws/install/autonomy_msgs/include/autonomy_msgs/autonomy_msgs/msg/detail/detection__rosidl_typesupport_introspection_c.h
[5.434s] -- Installing: /home/ahmed/colcon_ws/install/autonomy_msgs/include/autonomy_msgs/autonomy_msgs/msg/detail/detection_array__rosidl_typesupport_introspection_c.h
[5.434s] -- Up-to-date: /home/ahmed/colcon_ws/install/autonomy_msgs/include/autonomy_msgs/autonomy_msgs/msg/detail/detection__type_support.c
[5.434s] -- Up-to-date: /home/ahmed/colcon_ws/install/autonomy_msgs/include/autonomy_msgs/autonomy_msgs/msg/detail/detection_array__type_support.c
[5.434s] -- Installing: /home/ahmed/colcon_ws/install/autonomy_msgs/include/autonomy_msgs/autonomy_msgs/msg/rosidl_typesupport_introspection_c__visibility_control.h
[5.435s] -- Installing: /home/ahmed/colcon_ws/install/autonomy_msgs/lib/libautonomy_msgs__rosidl_typesupport_introspection_c.so
[5.435s] -- Set non-toolchain portion of runtime path of "/home/ahmed/colcon_ws/install/autonomy_msgs/lib/libautonomy_msgs__rosidl_typesupport_introspection_c.so" to ""
[5.435s] -- Installing: /home/ahmed/colcon_ws/install/autonomy_msgs/lib/libautonomy_msgs__rosidl_typesupport_c.so
[5.435s] -- Set non-toolchain portion of runtime path of "/home/ahmed/colcon_ws/install/autonomy_msgs/lib/libautonomy_msgs__rosidl_typesupport_c.so" to ""
[5.435s] -- Up-to-date: /home/ahmed/colcon_ws/install/autonomy_msgs/include/autonomy_msgs/autonomy_msgs
[5.435s] -- Up-to-date: /home/ahmed/colcon_ws/install/autonomy_msgs/include/autonomy_msgs/autonomy_msgs/msg
[5.435s] -- Up-to-date: /home/ahmed/colcon_ws/install/autonomy_msgs/include/autonomy_msgs/autonomy_msgs/msg/detail
[5.435s] -- Installing: /home/ahmed/colcon_ws/install/autonomy_msgs/include/autonomy_msgs/autonomy_msgs/msg/detail/detection__struct.hpp
[5.435s] -- Installing: /home/ahmed/colcon_ws/install/autonomy_msgs/include/autonomy_msgs/autonomy_msgs/msg/detail/detection__type_support.hpp
[5.435s] -- Installing: /home/ahmed/colcon_ws/install/autonomy_msgs/include/autonomy_msgs/autonomy_msgs/msg/detail/detection_array__type_support.hpp
[5.436s] -- Installing: /home/ahmed/colcon_ws/install/autonomy_msgs/include/autonomy_msgs/autonomy_msgs/msg/detail/detection_array__struct.hpp
[5.436s] -- Installing: /home/ahmed/colcon_ws/install/autonomy_msgs/include/autonomy_msgs/autonomy_msgs/msg/detail/detection__builder.hpp
[5.436s] -- Installing: /home/ahmed/colcon_ws/install/autonomy_msgs/include/autonomy_msgs/autonomy_msgs/msg/detail/detection_array__traits.hpp
[5.436s] -- Installing: /home/ahmed/colcon_ws/install/autonomy_msgs/include/autonomy_msgs/autonomy_msgs/msg/detail/detection__traits.hpp
[5.436s] -- Installing: /home/ahmed/colcon_ws/install/autonomy_msgs/include/autonomy_msgs/autonomy_msgs/msg/detail/detection_array__builder.hpp
[5.436s] -- Installing: /home/ahmed/colcon_ws/install/autonomy_msgs/include/autonomy_msgs/autonomy_msgs/msg/rosidl_generator_cpp__visibility_control.hpp
[5.437s] -- Installing: /home/ahmed/colcon_ws/install/autonomy_msgs/include/autonomy_msgs/autonomy_msgs/msg/detection.hpp
[5.437s] -- Installing: /home/ahmed/colcon_ws/install/autonomy_msgs/include/autonomy_msgs/autonomy_msgs/msg/detection_array.hpp
[5.437s] -- Up-to-date: /home/ahmed/colcon_ws/install/autonomy_msgs/include/autonomy_msgs/autonomy_msgs
[5.437s] -- Up-to-date: /home/ahmed/colcon_ws/install/autonomy_msgs/include/autonomy_msgs/autonomy_msgs/msg
[5.437s] -- Installing: /home/ahmed/colcon_ws/install/autonomy_msgs/include/autonomy_msgs/autonomy_msgs/msg/rosidl_typesupport_fastrtps_cpp__visibility_control.h
[5.437s] -- Up-to-date: /home/ahmed/colcon_ws/install/autonomy_msgs/include/autonomy_msgs/autonomy_msgs/msg/detail
[5.437s] -- Installing: /home/ahmed/colcon_ws/install/autonomy_msgs/include/autonomy_msgs/autonomy_msgs/msg/detail/dds_fastrtps
[5.437s] -- Installing: /home/ahmed/colcon_ws/install/autonomy_msgs/include/autonomy_msgs/autonomy_msgs/msg/detail/detection_array__rosidl_typesupport_fastrtps_cpp.hpp
[5.437s] -- Installing: /home/ahmed/colcon_ws/install/autonomy_msgs/include/autonomy_msgs/autonomy_msgs/msg/detail/detection__rosidl_typesupport_fastrtps_cpp.hpp
[5.437s] -- Installing: /home/ahmed/colcon_ws/install/autonomy_msgs/lib/libautonomy_msgs__rosidl_typesupport_fastrtps_cpp.so
[5.438s] -- Set non-toolchain portion of runtime path of "/home/ahmed/colcon_ws/install/autonomy_msgs/lib/libautonomy_msgs__rosidl_typesupport_fastrtps_cpp.so" to ""
[5.438s] -- Up-to-date: /home/ahmed/colcon_ws/install/autonomy_msgs/include/autonomy_msgs/autonomy_msgs
[5.438s] -- Up-to-date: /home/ahmed/colcon_ws/install/autonomy_msgs/include/autonomy_msgs/autonomy_msgs/msg
[5.438s] -- Up-to-date: /home/ahmed/colcon_ws/install/autonomy_msgs/include/autonomy_msgs/autonomy_msgs/msg/detail
[5.438s] -- Installing: /home/ahmed/colcon_ws/install/autonomy_msgs/include/autonomy_msgs/autonomy_msgs/msg/detail/detection__type_support.cpp
[5.438s] -- Installing: /home/ahmed/colcon_ws/install/autonomy_msgs/include/autonomy_msgs/autonomy_msgs/msg/detail/detection__rosidl_typesupport_introspection_cpp.hpp
[5.438s] -- Installing: /home/ahmed/colcon_ws/install/autonomy_msgs/include/autonomy_msgs/autonomy_msgs/msg/detail/detection_array__rosidl_typesupport_introspection_cpp.hpp
[5.438s] -- Installing: /home/ahmed/colcon_ws/install/autonomy_msgs/include/autonomy_msgs/autonomy_msgs/msg/detail/detection_array__type_support.cpp
[5.438s] -- Installing: /home/ahmed/colcon_ws/install/autonomy_msgs/lib/libautonomy_msgs__rosidl_typesupport_introspection_cpp.so
[5.438s] -- Set non-toolchain portion of runtime path of "/home/ahmed/colcon_ws/install/autonomy_msgs/lib/libautonomy_msgs__rosidl_typesupport_introspection_cpp.so" to ""
[5.439s] -- Installing: /home/ahmed/colcon_ws/install/autonomy_msgs/lib/libautonomy_msgs__rosidl_typesupport_cpp.so
[5.439s] -- Set non-toolchain portion of runtime path of "/home/ahmed/colcon_ws/install/autonomy_msgs/lib/libautonomy_msgs__rosidl_typesupport_cpp.so" to ""
[5.439s] -- Installing: /home/ahmed/colcon_ws/install/autonomy_msgs/share/autonomy_msgs/environment/pythonpath.sh
[5.439s] -- Installing: /home/ahmed/colcon_ws/install/autonomy_msgs/share/autonomy_msgs/environment/pythonpath.dsv
[5.439s] -- Installing: /home/ahmed/colcon_ws/install/autonomy_msgs/lib/python3.12/site-packages/autonomy_msgs-0.0.0-py3.12.egg-info
[5.439s] -- Installing: /home/ahmed/colcon_ws/install/autonomy_msgs/lib/python3.12/site-packages/autonomy_msgs-0.0.0-py3.12.egg-info/top_level.txt
[5.439s] -- Installing: /home/ahmed/colcon_ws/install/autonomy_msgs/lib/python3.12/site-packages/autonomy_msgs-0.0.0-py3.12.egg-info/SOURCES.txt
[5.439s] -- Installing: /home/ahmed/colcon_ws/install/autonomy_msgs/lib/python3.12/site-packages/autonomy_msgs-0.0.0-py3.12.egg-info/dependency_links.txt
[5.439s] -- Installing: /home/ahmed/colcon_ws/install/autonomy_msgs/lib/python3.12/site-packages/autonomy_msgs-0.0.0-py3.12.egg-info/PKG-INFO
[5.440s] -- Installing: /home/ahmed/colcon_ws/install/autonomy_msgs/lib/python3.12/site-packages/autonomy_msgs
[5.440s] -- Installing: /home/ahmed/colcon_ws/install/autonomy_msgs/lib/python3.12/site-packages/autonomy_msgs/_autonomy_msgs_s.ep.rosidl_typesupport_introspection_c.c
[5.440s] -- Installing: /home/ahmed/colcon_ws/install/autonomy_msgs/lib/python3.12/site-packages/autonomy_msgs/autonomy_msgs_s__rosidl_typesupport_c.so
[5.440s] -- Installing: /home/ahmed/colcon_ws/install/autonomy_msgs/lib/python3.12/site-packages/autonomy_msgs/_autonomy_msgs_s.ep.rosidl_typesupport_c.c
[5.440s] -- Installing: /home/ahmed/colcon_ws/install/autonomy_msgs/lib/python3.12/site-packages/autonomy_msgs/_autonomy_msgs_s.ep.rosidl_typesupport_fastrtps_c.c
[5.440s] -- Installing: /home/ahmed/colcon_ws/install/autonomy_msgs/lib/python3.12/site-packages/autonomy_msgs/msg
[5.440s] -- Installing: /home/ahmed/colcon_ws/install/autonomy_msgs/lib/python3.12/site-packages/autonomy_msgs/msg/_detection.py
[5.440s] -- Installing: /home/ahmed/colcon_ws/install/autonomy_msgs/lib/python3.12/site-packages/autonomy_msgs/msg/_detection_array_s.c
[5.440s] -- Installing: /home/ahmed/colcon_ws/install/autonomy_msgs/lib/python3.12/site-packages/autonomy_msgs/msg/_detection_s.c
[5.440s] -- Installing: /home/ahmed/colcon_ws/install/autonomy_msgs/lib/python3.12/site-packages/autonomy_msgs/msg/__init__.py
[5.440s] -- Installing: /home/ahmed/colcon_ws/install/autonomy_msgs/lib/python3.12/site-packages/autonomy_msgs/msg/_detection_array.py
[5.440s] -- Installing: /home/ahmed/colcon_ws/install/autonomy_msgs/lib/python3.12/site-packages/autonomy_msgs/__init__.py
[5.441s] -- Installing: /home/ahmed/colcon_ws/install/autonomy_msgs/lib/python3.12/site-packages/autonomy_msgs/autonomy_msgs_s__rosidl_typesupport_fastrtps_c.so
[5.441s] -- Installing: /home/ahmed/colcon_ws/install/autonomy_msgs/lib/python3.12/site-packages/autonomy_msgs/autonomy_msgs_s__rosidl_typesupport_introspection_c.so
[5.477s] Listing '/home/ahmed/colcon_ws/install/autonomy_msgs/lib/python3.12/site-packages/autonomy_msgs'...
[5.477s] Compiling '/home/ahmed/colcon_ws/install/autonomy_msgs/lib/python3.12/site-packages/autonomy_msgs/__init__.py'...
[5.477s] Listing '/home/ahmed/colcon_ws/install/autonomy_msgs/lib/python3.12/site-packages/autonomy_msgs/msg'...
[5.477s] Compiling '/home/ahmed/colcon_ws/install/autonomy_msgs/lib/python3.12/site-packages/autonomy_msgs/msg/__init__.py'...
[5.477s] Compiling '/home/ahmed/colcon_ws/install/autonomy_msgs/lib/python3.12/site-packages/autonomy_msgs/msg/_detection.py'...
[5.477s] Compiling '/home/ahmed/colcon_ws/install/autonomy_msgs/lib/python3.12/site-packages/autonomy_msgs/msg/_detection_array.py'...
[5.482s] -- Installing: /home/ahmed/colcon_ws/install/autonomy_msgs/lib/python3.12/site-packages/autonomy_msgs/autonomy_msgs_s__rosidl_typesupport_fastrtps_c.so
[5.482s] -- Set non-toolchain portion of runtime path of "/home/ahmed/colcon_ws/install/autonomy_msgs/lib/python3.12/site-packages/autonomy_msgs/autonomy_msgs_s__rosidl_typesupport_fastrtps_c.so" to ""
[5.483s] -- Installing: /home/ahmed/colcon_ws/install/autonomy_msgs/lib/python3.12/site-packages/autonomy_msgs/autonomy_msgs_s__rosidl_typesupport_introspection_c.so
[5.483s] -- Set non-toolchain portion of runtime path of "/home/ahmed/colcon_ws/install/autonomy_msgs/lib/python3.12/site-packages/autonomy_msgs/autonomy_msgs_s__rosidl_typesupport_introspection_c.so" to ""
[5.483s] -- Installing: /home/ahmed/colcon_ws/install/autonomy_msgs/lib/python3.12/site-packages/autonomy_msgs/autonomy_msgs_s__rosidl_typesupport_c.so
[5.483s] -- Set non-toolchain portion of runtime path of "/home/ahmed/colcon_ws/install/autonomy_msgs/lib/python3.12/site-packages/autonomy_msgs/autonomy_msgs_s__rosidl_typesupport_c.so" to ""
[5.483s] -- Installing: /home/ahmed/colcon_ws/install/autonomy_msgs/lib/libautonomy_msgs__rosidl_generator_py.so
[5.483s] -- Set non-toolchain portion of runtime path of "/home/ahmed/colcon_ws/install/autonomy_msgs/lib/libautonomy_msgs__rosidl_generator_py.so" to ""
[5.484s] -- Installing: /home/ahmed/colcon_ws/install/autonomy_msgs/share/autonomy_msgs/msg/Detection.idl
[5.484s] -- Installing: /home/ahmed/colcon_ws/install/autonomy_msgs/share/autonomy_msgs/msg/DetectionArray.idl
[5.484s] -- Installing: /home/ahmed/colcon_ws/install/autonomy_msgs/share/autonomy_msgs/msg/Detection.msg
[5.484s] -- Installing: /home/ahmed/colcon_ws/install/autonomy_msgs/share/autonomy_msgs/msg/DetectionArray.msg
[5.484s] -- Installing: /home/ahmed/colcon_ws/install/autonomy_msgs/share/ament_index/resource_index/package_run_dependencies/autonomy_msgs
[5.484s] -- Installing: /home/ahmed/colcon_ws/install/autonomy_msgs/share/ament_index/resource_index/parent_prefix_path/autonomy_msgs
[5.484s] -- Installing: /home/ahmed/colcon_ws/install/autonomy_msgs/share/autonomy_msgs/environment/ament_prefix_path.sh
[5.484s] -- Installing: /home/ahmed/colcon_ws/install/autonomy_msgs/share/autonomy_msgs/environment/ament_prefix_path.dsv
[5.484s] -- Installing: /home/ahmed/colcon_ws/install/autonomy_msgs/share/autonomy_msgs/environment/path.sh
[5.485s] -- Installing: /home/ahmed/colcon_ws/install/autonomy_msgs/share/autonomy_msgs/environment/path.dsv
[5.485s] -- Installing: /home/ahmed/colcon_ws/install/autonomy_msgs/share/autonomy_msgs/local_setup.bash
[5.485s] -- Installing: /home/ahmed/colcon_ws/install/autonomy_msgs/share/autonomy_msgs/local_setup.sh
[5.485s] -- Installing: /home/ahmed/colcon_ws/install/autonomy_msgs/share/autonomy_msgs/local_setup.zsh
[5.485s] -- Installing: /home/ahmed/colcon_ws/install/autonomy_msgs/share/autonomy_msgs/local_setup.dsv
[5.485s] -- Installing: /home/ahmed/colcon_ws/install/autonomy_msgs/share/autonomy_msgs/package.dsv
[5.485s] -- Installing: /home/ahmed/colcon_ws/install/autonomy_msgs/share/ament_index/resource_index/packages/autonomy_msgs
[5.485s] -- Installing: /home/ahmed/colcon_ws/install/autonomy_msgs/share/autonomy_msgs/cmake/export_autonomy_msgs__rosidl_generator_cExport.cmake
[5.486s] -- Installing: /home/ahmed/colcon_ws/install/autonomy_msgs/share/autonomy_msgs/cmake/export_autonomy_msgs__rosidl_generator_cExport-noconfig.cmake
[5.486s] -- Installing: /home/ahmed/colcon_ws/install/autonomy_msgs/share/autonomy_msgs/cmake/export_autonomy_msgs__rosidl_typesupport_fastrtps_cExport.cmake
[5.486s] -- Installing: /home/ahmed/colcon_ws/install/autonomy_msgs/share/autonomy_msgs/cmake/export_autonomy_msgs__rosidl_typesupport_fastrtps_cExport-noconfig.cmake
[5.486s] -- Installing: /home/ahmed/colcon_ws/install/autonomy_msgs/share/autonomy_msgs/cmake/autonomy_msgs__rosidl_typesupport_introspection_cExport.cmake
[5.486s] -- Installing: /home/ahmed/colcon_ws/install/autonomy_msgs/share/autonomy_msgs/cmake/autonomy_msgs__rosidl_typesupport_introspection_cExport-noconfig.cmake
[5.486s] -- Installing: /home/ahmed/colcon_ws/install/autonomy_msgs/share/autonomy_msgs/cmake/autonomy_msgs__rosidl_typesupport_cExport.cmake
[5.486s] -- Installing: /home/ahmed/colcon_ws/install/autonomy_msgs/share/autonomy_msgs/cmake/autonomy_msgs__rosidl_typesupport_cExport-noconfig.cmake
[5.486s] -- Installing: /home/ahmed/colcon_ws/install/autonomy_msgs/share/autonomy_msgs/cmake/export_autonomy_msgs__rosidl_generator_cppExport.cmake
[5.487s] -- Installing: /home/ahmed/colcon_ws/install/autonomy_msgs/share/autonomy_msgs/cmake/export_autonomy_msgs__rosidl_typesupport_fastrtps_cppExport.cmake
[5.487s] -- Installing: /home/ahmed/colcon_ws/install/autonomy_msgs/share/autonomy_msgs/cmake/export_autonomy_msgs__rosidl_typesupport_fastrtps_cppExport-noconfig.cmake
[5.487s] -- Installing: /home/ahmed/colcon_ws/install/autonomy_msgs/share/autonomy_msgs/cmake/autonomy_msgs__rosidl_typesupport_introspection_cppExport.cmake
[5.487s] -- Installing: /home/ahmed/colcon_ws/install/autonomy_msgs/share/autonomy_msgs/cmake/autonomy_msgs__rosidl_typesupport_introspection_cppExport-noconfig.cmake
[5.487s] -- Installing: /home/ahmed/colcon_ws/install/autonomy_msgs/share/autonomy_msgs/cmake/autonomy_msgs__rosidl_typesupport_cppExport.cmake
[5.487s] -- Installing: /home/ahmed/colcon_ws/install/autonomy_msgs/share/autonomy_msgs/cmake/autonomy_msgs__rosidl_typesupport_cppExport-noconfig.cmake
[5.487s] -- Installing: /home/ahmed/colcon_ws/install/autonomy_msgs/share/autonomy_msgs/cmake/export_autonomy_msgs__rosidl_generator_pyExport.cmake
[5.488s] -- Installing: /home/ahmed/colcon_ws/install/autonomy_msgs/share/autonomy_msgs/cmake/export_autonomy_msgs__rosidl_generator_pyExport-noconfig.cmake
[5.488s] -- Installing: /home/ahmed/colcon_ws/install/autonomy_msgs/share/autonomy_msgs/cmake/rosidl_cmake-extras.cmake
[5.488s] -- Installing: /home/ahmed/colcon_ws/install/autonomy_msgs/share/autonomy_msgs/cmake/ament_cmake_export_dependencies-extras.cmake
[5.488s] -- Installing: /home/ahmed/colcon_ws/install/autonomy_msgs/share/autonomy_msgs/cmake/ament_cmake_export_include_directories-extras.cmake
[5.488s] -- Installing: /home/ahmed/colcon_ws/install/autonomy_msgs/share/autonomy_msgs/cmake/ament_cmake_export_libraries-extras.cmake
[5.488s] -- Installing: /home/ahmed/colcon_ws/install/autonomy_msgs/share/autonomy_msgs/cmake/ament_cmake_export_targets-extras.cmake
[5.488s] -- Installing: /home/ahmed/colcon_ws/install/autonomy_msgs/share/autonomy_msgs/cmake/rosidl_cmake_export_typesupport_targets-extras.cmake
[5.488s] -- Installing: /home/ahmed/colcon_ws/install/autonomy_msgs/share/autonomy_msgs/cmake/rosidl_cmake_export_typesupport_libraries-extras.cmake
[5.488s] -- Installing: /home/ahmed/colcon_ws/install/autonomy_msgs/share/autonomy_msgs/cmake/autonomy_msgsConfig.cmake
[5.489s] -- Installing: /home/ahmed/colcon_ws/install/autonomy_msgs/share/autonomy_msgs/cmake/autonomy_msgsConfig-version.cmake
[5.489s] -- Installing: /home/ahmed/colcon_ws/install/autonomy_msgs/share/autonomy_msgs/package.xml
[5.490s] Invoked command in '/home/ahmed/colcon_ws/build/autonomy_msgs' returned '0': DEBUGINFOD_URLS=https://debuginfod.ubuntu.com /usr/bin/cmake --install /home/ahmed/colcon_ws/build/autonomy_msgs
