running develop
running egg_info
creating sensor_drivers.egg-info
writing sensor_drivers.egg-info/PKG-INFO
writing dependency_links to sensor_drivers.egg-info/dependency_links.txt
writing entry points to sensor_drivers.egg-info/entry_points.txt
writing requirements to sensor_drivers.egg-info/requires.txt
writing top-level names to sensor_drivers.egg-info/top_level.txt
writing manifest file 'sensor_drivers.egg-info/SOURCES.txt'
reading manifest file 'sensor_drivers.egg-info/SOURCES.txt'
writing manifest file 'sensor_drivers.egg-info/SOURCES.txt'
running build_ext
Creating /home/ahmed/colcon_ws/install/sensor_drivers/lib/python3.12/site-packages/sensor-drivers.egg-link (link to .)
Installing lidar_driver script to /home/ahmed/colcon_ws/install/sensor_drivers/lib/sensor_drivers

Installed /home/ahmed/colcon_ws/build/sensor_drivers
running symlink_data
creating /home/ahmed/colcon_ws/install/sensor_drivers/share/ament_index
creating /home/ahmed/colcon_ws/install/sensor_drivers/share/ament_index/resource_index
creating /home/ahmed/colcon_ws/install/sensor_drivers/share/ament_index/resource_index/packages
symbolically linking /home/ahmed/colcon_ws/build/sensor_drivers/resource/sensor_drivers -> /home/ahmed/colcon_ws/install/sensor_drivers/share/ament_index/resource_index/packages
symbolically linking /home/ahmed/colcon_ws/build/sensor_drivers/package.xml -> /home/ahmed/colcon_ws/install/sensor_drivers/share/sensor_drivers
