[1.398s] Invoking command in '/home/ahmed/colcon_ws/build/sensor_drivers': DEBUGINFOD_URLS=https://debuginfod.ubuntu.com PYTHONPATH=/home/ahmed/colcon_ws/build/sensor_drivers/prefix_override:/usr/lib/python3/dist-packages/colcon_core/task/python/colcon_distutils_commands:/home/ahmed/colcon_ws/install/sensor_drivers/lib/python3.12/site-packages:${PYTHONPATH} /usr/bin/python3 -W ignore:setup.py install is deprecated -W ignore:easy_install command is deprecated setup.py develop --editable --build-directory /home/ahmed/colcon_ws/build/sensor_drivers/build --no-deps symlink_data
[1.759s] running develop
[1.990s] running egg_info
[1.990s] creating sensor_drivers.egg-info
[2.012s] writing sensor_drivers.egg-info/PKG-INFO
[2.013s] writing dependency_links to sensor_drivers.egg-info/dependency_links.txt
[2.013s] writing entry points to sensor_drivers.egg-info/entry_points.txt
[2.013s] writing requirements to sensor_drivers.egg-info/requires.txt
[2.013s] writing top-level names to sensor_drivers.egg-info/top_level.txt
[2.013s] writing manifest file 'sensor_drivers.egg-info/SOURCES.txt'
[2.059s] reading manifest file 'sensor_drivers.egg-info/SOURCES.txt'
[2.059s] writing manifest file 'sensor_drivers.egg-info/SOURCES.txt'
[2.084s] running build_ext
[2.084s] Creating /home/ahmed/colcon_ws/install/sensor_drivers/lib/python3.12/site-packages/sensor-drivers.egg-link (link to .)
[2.085s] Installing lidar_driver script to /home/ahmed/colcon_ws/install/sensor_drivers/lib/sensor_drivers
[2.085s] 
[2.085s] Installed /home/ahmed/colcon_ws/build/sensor_drivers
[2.085s] running symlink_data
[2.085s] creating /home/ahmed/colcon_ws/install/sensor_drivers/share/ament_index
[2.086s] creating /home/ahmed/colcon_ws/install/sensor_drivers/share/ament_index/resource_index
[2.086s] creating /home/ahmed/colcon_ws/install/sensor_drivers/share/ament_index/resource_index/packages
[2.086s] symbolically linking /home/ahmed/colcon_ws/build/sensor_drivers/resource/sensor_drivers -> /home/ahmed/colcon_ws/install/sensor_drivers/share/ament_index/resource_index/packages
[2.086s] symbolically linking /home/ahmed/colcon_ws/build/sensor_drivers/package.xml -> /home/ahmed/colcon_ws/install/sensor_drivers/share/sensor_drivers
[2.131s] Invoked command in '/home/ahmed/colcon_ws/build/sensor_drivers' returned '0': DEBUGINFOD_URLS=https://debuginfod.ubuntu.com PYTHONPATH=/home/ahmed/colcon_ws/build/sensor_drivers/prefix_override:/usr/lib/python3/dist-packages/colcon_core/task/python/colcon_distutils_commands:/home/ahmed/colcon_ws/install/sensor_drivers/lib/python3.12/site-packages:${PYTHONPATH} /usr/bin/python3 -W ignore:setup.py install is deprecated -W ignore:easy_install command is deprecated setup.py develop --editable --build-directory /home/ahmed/colcon_ws/build/sensor_drivers/build --no-deps symlink_data
