running develop
running egg_info
creating autonomy.egg-info
writing autonomy.egg-info/PKG-INFO
writing dependency_links to autonomy.egg-info/dependency_links.txt
writing requirements to autonomy.egg-info/requires.txt
writing top-level names to autonomy.egg-info/top_level.txt
writing manifest file 'autonomy.egg-info/SOURCES.txt'
reading manifest file 'autonomy.egg-info/SOURCES.txt'
writing manifest file 'autonomy.egg-info/SOURCES.txt'
running build_ext
Creating /home/ahmed/colcon_ws/install/autonomy/lib/python3.12/site-packages/autonomy.egg-link (link to .)

Installed /home/ahmed/colcon_ws/build/autonomy
running symlink_data
creating /home/ahmed/colcon_ws/install/autonomy/share/ament_index
creating /home/ahmed/colcon_ws/install/autonomy/share/ament_index/resource_index
creating /home/ahmed/colcon_ws/install/autonomy/share/ament_index/resource_index/packages
symbolically linking /home/ahmed/colcon_ws/build/autonomy/resource/autonomy -> /home/ahmed/colcon_ws/install/autonomy/share/ament_index/resource_index/packages
symbolically linking /home/ahmed/colcon_ws/build/autonomy/package.xml -> /home/ahmed/colcon_ws/install/autonomy/share/autonomy
creating /home/ahmed/colcon_ws/install/autonomy/share/autonomy/launch
symbolically linking /home/ahmed/colcon_ws/build/autonomy/launch/autonomy_bringup.launch.py -> /home/ahmed/colcon_ws/install/autonomy/share/autonomy/launch
