[0.876s] Invoking command in '/home/ahmed/colcon_ws/build/autonomy': DEBUGINFOD_URLS=https://debuginfod.ubuntu.com PYTHONPATH=/home/ahmed/colcon_ws/build/autonomy/prefix_override:/usr/lib/python3/dist-packages/colcon_core/task/python/colcon_distutils_commands:/home/ahmed/colcon_ws/install/autonomy/lib/python3.12/site-packages:${PYTHONPATH} /usr/bin/python3 -W ignore:setup.py install is deprecated -W ignore:easy_install command is deprecated setup.py develop --editable --build-directory /home/ahmed/colcon_ws/build/autonomy/build --no-deps symlink_data
[1.234s] running develop
[1.478s] running egg_info
[1.478s] creating autonomy.egg-info
[1.503s] writing autonomy.egg-info/PKG-INFO
[1.503s] writing dependency_links to autonomy.egg-info/dependency_links.txt
[1.503s] writing requirements to autonomy.egg-info/requires.txt
[1.504s] writing top-level names to autonomy.egg-info/top_level.txt
[1.504s] writing manifest file 'autonomy.egg-info/SOURCES.txt'
[1.550s] reading manifest file 'autonomy.egg-info/SOURCES.txt'
[1.551s] writing manifest file 'autonomy.egg-info/SOURCES.txt'
[1.574s] running build_ext
[1.574s] Creating /home/ahmed/colcon_ws/install/autonomy/lib/python3.12/site-packages/autonomy.egg-link (link to .)
[1.575s] 
[1.575s] Installed /home/ahmed/colcon_ws/build/autonomy
[1.575s] running symlink_data
[1.575s] creating /home/ahmed/colcon_ws/install/autonomy/share/ament_index
[1.575s] creating /home/ahmed/colcon_ws/install/autonomy/share/ament_index/resource_index
[1.576s] creating /home/ahmed/colcon_ws/install/autonomy/share/ament_index/resource_index/packages
[1.576s] symbolically linking /home/ahmed/colcon_ws/build/autonomy/resource/autonomy -> /home/ahmed/colcon_ws/install/autonomy/share/ament_index/resource_index/packages
[1.576s] symbolically linking /home/ahmed/colcon_ws/build/autonomy/package.xml -> /home/ahmed/colcon_ws/install/autonomy/share/autonomy
[1.576s] creating /home/ahmed/colcon_ws/install/autonomy/share/autonomy/launch
[1.576s] symbolically linking /home/ahmed/colcon_ws/build/autonomy/launch/autonomy_bringup.launch.py -> /home/ahmed/colcon_ws/install/autonomy/share/autonomy/launch
[1.604s] Invoked command in '/home/ahmed/colcon_ws/build/autonomy' returned '0': DEBUGINFOD_URLS=https://debuginfod.ubuntu.com PYTHONPATH=/home/ahmed/colcon_ws/build/autonomy/prefix_override:/usr/lib/python3/dist-packages/colcon_core/task/python/colcon_distutils_commands:/home/ahmed/colcon_ws/install/autonomy/lib/python3.12/site-packages:${PYTHONPATH} /usr/bin/python3 -W ignore:setup.py install is deprecated -W ignore:easy_install command is deprecated setup.py develop --editable --build-directory /home/ahmed/colcon_ws/build/autonomy/build --no-deps symlink_data
