[0.111s] DEBUG:colcon:Command line arguments: ['/usr/bin/colcon', 'build', '--packages-select', 'planning', 'autonomy', 'perception', '--symlink-install']
[0.111s] DEBUG:colcon:Parsed command line arguments: Namespace(log_base=None, log_level=None, verb_name='build', build_base='build', install_base='install', merge_install=False, symlink_install=True, test_result_base=None, continue_on_error=False, executor='parallel', parallel_workers=12, event_handlers=None, ignore_user_meta=False, metas=['./colcon.meta'], base_paths=['.'], packages_ignore=None, packages_ignore_regex=None, paths=None, packages_up_to=None, packages_up_to_regex=None, packages_above=None, packages_above_and_dependencies=None, packages_above_depth=None, packages_select_by_dep=None, packages_skip_by_dep=None, packages_skip_up_to=None, packages_select_build_failed=False, packages_skip_build_finished=False, packages_select_test_failures=False, packages_skip_test_passed=False, packages_select=['planning', 'autonomy', 'perception'], packages_skip=None, packages_select_regex=None, packages_skip_regex=None, packages_start=None, packages_end=None, allow_overriding=[], cmake_args=None, cmake_target=None, cmake_target_skip_unavailable=False, cmake_clean_cache=False, cmake_clean_first=False, cmake_force_configure=False, ament_cmake_args=None, catkin_cmake_args=None, catkin_skip_building_tests=False, mixin_files=None, mixin=None, verb_parser=<colcon_mixin.mixin.mixin_argument.MixinArgumentDecorator object at 0x7ac68a799cd0>, verb_extension=<colcon_core.verb.build.BuildVerb object at 0x7ac68a717c80>, main=<bound method BuildVerb.main of <colcon_core.verb.build.BuildVerb object at 0x7ac68a717c80>>, mixin_verb=('build',))
[0.147s] Level 1:colcon.colcon_core.package_discovery:discover_packages(colcon_meta) check parameters
[0.147s] Level 1:colcon.colcon_core.package_discovery:discover_packages(recursive) check parameters
[0.147s] Level 1:colcon.colcon_core.package_discovery:discover_packages(ignore) check parameters
[0.147s] Level 1:colcon.colcon_core.package_discovery:discover_packages(path) check parameters
[0.147s] Level 1:colcon.colcon_core.package_discovery:discover_packages(colcon_meta) discover
[0.147s] Level 1:colcon.colcon_core.package_discovery:discover_packages(recursive) discover
[0.147s] INFO:colcon.colcon_core.package_discovery:Crawling recursively for packages in '/home/ahmed/colcon_ws'
[0.147s] Level 1:colcon.colcon_core.package_identification:_identify(.) by extensions ['ignore', 'ignore_ament_install']
[0.147s] Level 1:colcon.colcon_core.package_identification:_identify(.) by extension 'ignore'
[0.147s] Level 1:colcon.colcon_core.package_identification:_identify(.) by extension 'ignore_ament_install'
[0.148s] Level 1:colcon.colcon_core.package_identification:_identify(.) by extensions ['colcon_pkg']
[0.148s] Level 1:colcon.colcon_core.package_identification:_identify(.) by extension 'colcon_pkg'
[0.148s] Level 1:colcon.colcon_core.package_identification:_identify(.) by extensions ['colcon_meta']
[0.148s] Level 1:colcon.colcon_core.package_identification:_identify(.) by extension 'colcon_meta'
[0.148s] Level 1:colcon.colcon_core.package_identification:_identify(.) by extensions ['ros']
[0.148s] Level 1:colcon.colcon_core.package_identification:_identify(.) by extension 'ros'
[0.173s] Level 1:colcon.colcon_core.package_identification:_identify(.) by extensions ['cmake', 'python']
[0.173s] Level 1:colcon.colcon_core.package_identification:_identify(.) by extension 'cmake'
[0.173s] Level 1:colcon.colcon_core.package_identification:_identify(.) by extension 'python'
[0.173s] Level 1:colcon.colcon_core.package_identification:_identify(.) by extensions ['python_setup_py']
[0.173s] Level 1:colcon.colcon_core.package_identification:_identify(.) by extension 'python_setup_py'
[0.173s] Level 1:colcon.colcon_core.package_identification:_identify(build) by extensions ['ignore', 'ignore_ament_install']
[0.173s] Level 1:colcon.colcon_core.package_identification:_identify(build) by extension 'ignore'
[0.173s] Level 1:colcon.colcon_core.package_identification:_identify(build) ignored
[0.173s] Level 1:colcon.colcon_core.package_identification:_identify(install) by extensions ['ignore', 'ignore_ament_install']
[0.173s] Level 1:colcon.colcon_core.package_identification:_identify(install) by extension 'ignore'
[0.173s] Level 1:colcon.colcon_core.package_identification:_identify(install) ignored
[0.173s] Level 1:colcon.colcon_core.package_identification:_identify(log) by extensions ['ignore', 'ignore_ament_install']
[0.173s] Level 1:colcon.colcon_core.package_identification:_identify(log) by extension 'ignore'
[0.173s] Level 1:colcon.colcon_core.package_identification:_identify(log) ignored
[0.174s] Level 1:colcon.colcon_core.package_identification:_identify(src) by extensions ['ignore', 'ignore_ament_install']
[0.174s] Level 1:colcon.colcon_core.package_identification:_identify(src) by extension 'ignore'
[0.174s] Level 1:colcon.colcon_core.package_identification:_identify(src) by extension 'ignore_ament_install'
[0.174s] Level 1:colcon.colcon_core.package_identification:_identify(src) by extensions ['colcon_pkg']
[0.174s] Level 1:colcon.colcon_core.package_identification:_identify(src) by extension 'colcon_pkg'
[0.174s] Level 1:colcon.colcon_core.package_identification:_identify(src) by extensions ['colcon_meta']
[0.174s] Level 1:colcon.colcon_core.package_identification:_identify(src) by extension 'colcon_meta'
[0.174s] Level 1:colcon.colcon_core.package_identification:_identify(src) by extensions ['ros']
[0.174s] Level 1:colcon.colcon_core.package_identification:_identify(src) by extension 'ros'
[0.174s] Level 1:colcon.colcon_core.package_identification:_identify(src) by extensions ['cmake', 'python']
[0.174s] Level 1:colcon.colcon_core.package_identification:_identify(src) by extension 'cmake'
[0.174s] Level 1:colcon.colcon_core.package_identification:_identify(src) by extension 'python'
[0.174s] Level 1:colcon.colcon_core.package_identification:_identify(src) by extensions ['python_setup_py']
[0.174s] Level 1:colcon.colcon_core.package_identification:_identify(src) by extension 'python_setup_py'
[0.174s] Level 1:colcon.colcon_core.package_identification:_identify(src/autonomy) by extensions ['ignore', 'ignore_ament_install']
[0.174s] Level 1:colcon.colcon_core.package_identification:_identify(src/autonomy) by extension 'ignore'
[0.174s] Level 1:colcon.colcon_core.package_identification:_identify(src/autonomy) by extension 'ignore_ament_install'
[0.174s] Level 1:colcon.colcon_core.package_identification:_identify(src/autonomy) by extensions ['colcon_pkg']
[0.174s] Level 1:colcon.colcon_core.package_identification:_identify(src/autonomy) by extension 'colcon_pkg'
[0.175s] Level 1:colcon.colcon_core.package_identification:_identify(src/autonomy) by extensions ['colcon_meta']
[0.175s] Level 1:colcon.colcon_core.package_identification:_identify(src/autonomy) by extension 'colcon_meta'
[0.175s] Level 1:colcon.colcon_core.package_identification:_identify(src/autonomy) by extensions ['ros']
[0.175s] Level 1:colcon.colcon_core.package_identification:_identify(src/autonomy) by extension 'ros'
[0.177s] DEBUG:colcon.colcon_core.package_identification:Package 'src/autonomy' with type 'ros.ament_python' and name 'autonomy'
[0.177s] Level 1:colcon.colcon_core.package_identification:_identify(src/autonomy_msgs) by extensions ['ignore', 'ignore_ament_install']
[0.177s] Level 1:colcon.colcon_core.package_identification:_identify(src/autonomy_msgs) by extension 'ignore'
[0.177s] Level 1:colcon.colcon_core.package_identification:_identify(src/autonomy_msgs) by extension 'ignore_ament_install'
[0.177s] Level 1:colcon.colcon_core.package_identification:_identify(src/autonomy_msgs) by extensions ['colcon_pkg']
[0.177s] Level 1:colcon.colcon_core.package_identification:_identify(src/autonomy_msgs) by extension 'colcon_pkg'
[0.177s] Level 1:colcon.colcon_core.package_identification:_identify(src/autonomy_msgs) by extensions ['colcon_meta']
[0.177s] Level 1:colcon.colcon_core.package_identification:_identify(src/autonomy_msgs) by extension 'colcon_meta'
[0.177s] Level 1:colcon.colcon_core.package_identification:_identify(src/autonomy_msgs) by extensions ['ros']
[0.177s] Level 1:colcon.colcon_core.package_identification:_identify(src/autonomy_msgs) by extension 'ros'
[0.178s] DEBUG:colcon.colcon_core.package_identification:Package 'src/autonomy_msgs' with type 'ros.ament_cmake' and name 'autonomy_msgs'
[0.178s] Level 1:colcon.colcon_core.package_identification:_identify(src/build) by extensions ['ignore', 'ignore_ament_install']
[0.178s] Level 1:colcon.colcon_core.package_identification:_identify(src/build) by extension 'ignore'
[0.178s] Level 1:colcon.colcon_core.package_identification:_identify(src/build) ignored
[0.178s] Level 1:colcon.colcon_core.package_identification:_identify(src/control) by extensions ['ignore', 'ignore_ament_install']
[0.178s] Level 1:colcon.colcon_core.package_identification:_identify(src/control) by extension 'ignore'
[0.178s] Level 1:colcon.colcon_core.package_identification:_identify(src/control) by extension 'ignore_ament_install'
[0.178s] Level 1:colcon.colcon_core.package_identification:_identify(src/control) by extensions ['colcon_pkg']
[0.178s] Level 1:colcon.colcon_core.package_identification:_identify(src/control) by extension 'colcon_pkg'
[0.178s] Level 1:colcon.colcon_core.package_identification:_identify(src/control) by extensions ['colcon_meta']
[0.178s] Level 1:colcon.colcon_core.package_identification:_identify(src/control) by extension 'colcon_meta'
[0.178s] Level 1:colcon.colcon_core.package_identification:_identify(src/control) by extensions ['ros']
[0.178s] Level 1:colcon.colcon_core.package_identification:_identify(src/control) by extension 'ros'
[0.179s] DEBUG:colcon.colcon_core.package_identification:Package 'src/control' with type 'ros.ament_python' and name 'control'
[0.179s] Level 1:colcon.colcon_core.package_identification:_identify(src/install) by extensions ['ignore', 'ignore_ament_install']
[0.179s] Level 1:colcon.colcon_core.package_identification:_identify(src/install) by extension 'ignore'
[0.179s] Level 1:colcon.colcon_core.package_identification:_identify(src/install) ignored
[0.179s] Level 1:colcon.colcon_core.package_identification:_identify(src/localization) by extensions ['ignore', 'ignore_ament_install']
[0.179s] Level 1:colcon.colcon_core.package_identification:_identify(src/localization) by extension 'ignore'
[0.179s] Level 1:colcon.colcon_core.package_identification:_identify(src/localization) by extension 'ignore_ament_install'
[0.179s] Level 1:colcon.colcon_core.package_identification:_identify(src/localization) by extensions ['colcon_pkg']
[0.179s] Level 1:colcon.colcon_core.package_identification:_identify(src/localization) by extension 'colcon_pkg'
[0.180s] Level 1:colcon.colcon_core.package_identification:_identify(src/localization) by extensions ['colcon_meta']
[0.180s] Level 1:colcon.colcon_core.package_identification:_identify(src/localization) by extension 'colcon_meta'
[0.180s] Level 1:colcon.colcon_core.package_identification:_identify(src/localization) by extensions ['ros']
[0.180s] Level 1:colcon.colcon_core.package_identification:_identify(src/localization) by extension 'ros'
[0.180s] DEBUG:colcon.colcon_core.package_identification:Package 'src/localization' with type 'ros.ament_python' and name 'localization'
[0.180s] Level 1:colcon.colcon_core.package_identification:_identify(src/log) by extensions ['ignore', 'ignore_ament_install']
[0.180s] Level 1:colcon.colcon_core.package_identification:_identify(src/log) by extension 'ignore'
[0.180s] Level 1:colcon.colcon_core.package_identification:_identify(src/log) ignored
[0.180s] Level 1:colcon.colcon_core.package_identification:_identify(src/perception) by extensions ['ignore', 'ignore_ament_install']
[0.181s] Level 1:colcon.colcon_core.package_identification:_identify(src/perception) by extension 'ignore'
[0.181s] Level 1:colcon.colcon_core.package_identification:_identify(src/perception) by extension 'ignore_ament_install'
[0.181s] Level 1:colcon.colcon_core.package_identification:_identify(src/perception) by extensions ['colcon_pkg']
[0.181s] Level 1:colcon.colcon_core.package_identification:_identify(src/perception) by extension 'colcon_pkg'
[0.181s] Level 1:colcon.colcon_core.package_identification:_identify(src/perception) by extensions ['colcon_meta']
[0.181s] Level 1:colcon.colcon_core.package_identification:_identify(src/perception) by extension 'colcon_meta'
[0.181s] Level 1:colcon.colcon_core.package_identification:_identify(src/perception) by extensions ['ros']
[0.181s] Level 1:colcon.colcon_core.package_identification:_identify(src/perception) by extension 'ros'
[0.182s] DEBUG:colcon.colcon_core.package_identification:Package 'src/perception' with type 'ros.ament_python' and name 'perception'
[0.182s] Level 1:colcon.colcon_core.package_identification:_identify(src/planning) by extensions ['ignore', 'ignore_ament_install']
[0.182s] Level 1:colcon.colcon_core.package_identification:_identify(src/planning) by extension 'ignore'
[0.182s] Level 1:colcon.colcon_core.package_identification:_identify(src/planning) by extension 'ignore_ament_install'
[0.182s] Level 1:colcon.colcon_core.package_identification:_identify(src/planning) by extensions ['colcon_pkg']
[0.182s] Level 1:colcon.colcon_core.package_identification:_identify(src/planning) by extension 'colcon_pkg'
[0.182s] Level 1:colcon.colcon_core.package_identification:_identify(src/planning) by extensions ['colcon_meta']
[0.182s] Level 1:colcon.colcon_core.package_identification:_identify(src/planning) by extension 'colcon_meta'
[0.182s] Level 1:colcon.colcon_core.package_identification:_identify(src/planning) by extensions ['ros']
[0.182s] Level 1:colcon.colcon_core.package_identification:_identify(src/planning) by extension 'ros'
[0.182s] DEBUG:colcon.colcon_core.package_identification:Package 'src/planning' with type 'ros.ament_python' and name 'planning'
[0.183s] Level 1:colcon.colcon_core.package_identification:_identify(src/safety) by extensions ['ignore', 'ignore_ament_install']
[0.183s] Level 1:colcon.colcon_core.package_identification:_identify(src/safety) by extension 'ignore'
[0.183s] Level 1:colcon.colcon_core.package_identification:_identify(src/safety) by extension 'ignore_ament_install'
[0.183s] Level 1:colcon.colcon_core.package_identification:_identify(src/safety) by extensions ['colcon_pkg']
[0.183s] Level 1:colcon.colcon_core.package_identification:_identify(src/safety) by extension 'colcon_pkg'
[0.183s] Level 1:colcon.colcon_core.package_identification:_identify(src/safety) by extensions ['colcon_meta']
[0.183s] Level 1:colcon.colcon_core.package_identification:_identify(src/safety) by extension 'colcon_meta'
[0.183s] Level 1:colcon.colcon_core.package_identification:_identify(src/safety) by extensions ['ros']
[0.183s] Level 1:colcon.colcon_core.package_identification:_identify(src/safety) by extension 'ros'
[0.183s] DEBUG:colcon.colcon_core.package_identification:Package 'src/safety' with type 'ros.ament_python' and name 'safety'
[0.183s] Level 1:colcon.colcon_core.package_identification:_identify(src/sensor_drivers) by extensions ['ignore', 'ignore_ament_install']
[0.184s] Level 1:colcon.colcon_core.package_identification:_identify(src/sensor_drivers) by extension 'ignore'
[0.184s] Level 1:colcon.colcon_core.package_identification:_identify(src/sensor_drivers) by extension 'ignore_ament_install'
[0.184s] Level 1:colcon.colcon_core.package_identification:_identify(src/sensor_drivers) by extensions ['colcon_pkg']
[0.184s] Level 1:colcon.colcon_core.package_identification:_identify(src/sensor_drivers) by extension 'colcon_pkg'
[0.184s] Level 1:colcon.colcon_core.package_identification:_identify(src/sensor_drivers) by extensions ['colcon_meta']
[0.184s] Level 1:colcon.colcon_core.package_identification:_identify(src/sensor_drivers) by extension 'colcon_meta'
[0.184s] Level 1:colcon.colcon_core.package_identification:_identify(src/sensor_drivers) by extensions ['ros']
[0.184s] Level 1:colcon.colcon_core.package_identification:_identify(src/sensor_drivers) by extension 'ros'
[0.184s] DEBUG:colcon.colcon_core.package_identification:Package 'src/sensor_drivers' with type 'ros.ament_python' and name 'sensor_drivers'
[0.184s] Level 1:colcon.colcon_core.package_identification:_identify(src/simulation) by extensions ['ignore', 'ignore_ament_install']
[0.185s] Level 1:colcon.colcon_core.package_identification:_identify(src/simulation) by extension 'ignore'
[0.185s] Level 1:colcon.colcon_core.package_identification:_identify(src/simulation) by extension 'ignore_ament_install'
[0.185s] Level 1:colcon.colcon_core.package_identification:_identify(src/simulation) by extensions ['colcon_pkg']
[0.185s] Level 1:colcon.colcon_core.package_identification:_identify(src/simulation) by extension 'colcon_pkg'
[0.185s] Level 1:colcon.colcon_core.package_identification:_identify(src/simulation) by extensions ['colcon_meta']
[0.185s] Level 1:colcon.colcon_core.package_identification:_identify(src/simulation) by extension 'colcon_meta'
[0.185s] Level 1:colcon.colcon_core.package_identification:_identify(src/simulation) by extensions ['ros']
[0.185s] Level 1:colcon.colcon_core.package_identification:_identify(src/simulation) by extension 'ros'
[0.185s] DEBUG:colcon.colcon_core.package_identification:Package 'src/simulation' with type 'ros.ament_python' and name 'simulation'
[0.185s] Level 1:colcon.colcon_core.package_identification:_identify(src/vehicle_interface) by extensions ['ignore', 'ignore_ament_install']
[0.186s] Level 1:colcon.colcon_core.package_identification:_identify(src/vehicle_interface) by extension 'ignore'
[0.186s] Level 1:colcon.colcon_core.package_identification:_identify(src/vehicle_interface) by extension 'ignore_ament_install'
[0.186s] Level 1:colcon.colcon_core.package_identification:_identify(src/vehicle_interface) by extensions ['colcon_pkg']
[0.186s] Level 1:colcon.colcon_core.package_identification:_identify(src/vehicle_interface) by extension 'colcon_pkg'
[0.186s] Level 1:colcon.colcon_core.package_identification:_identify(src/vehicle_interface) by extensions ['colcon_meta']
[0.186s] Level 1:colcon.colcon_core.package_identification:_identify(src/vehicle_interface) by extension 'colcon_meta'
[0.186s] Level 1:colcon.colcon_core.package_identification:_identify(src/vehicle_interface) by extensions ['ros']
[0.186s] Level 1:colcon.colcon_core.package_identification:_identify(src/vehicle_interface) by extension 'ros'
[0.186s] DEBUG:colcon.colcon_core.package_identification:Package 'src/vehicle_interface' with type 'ros.ament_python' and name 'vehicle_interface'
[0.186s] Level 1:colcon.colcon_core.package_discovery:discover_packages(recursive) using defaults
[0.186s] Level 1:colcon.colcon_core.package_discovery:discover_packages(ignore) discover
[0.186s] Level 1:colcon.colcon_core.package_discovery:discover_packages(ignore) using defaults
[0.186s] Level 1:colcon.colcon_core.package_discovery:discover_packages(path) discover
[0.187s] Level 1:colcon.colcon_core.package_discovery:discover_packages(path) using defaults
[0.204s] INFO:colcon.colcon_core.package_selection:Skipping not selected package 'autonomy_msgs' in 'src/autonomy_msgs'
[0.204s] INFO:colcon.colcon_core.package_selection:Skipping not selected package 'control' in 'src/control'
[0.205s] INFO:colcon.colcon_core.package_selection:Skipping not selected package 'localization' in 'src/localization'
[0.205s] INFO:colcon.colcon_core.package_selection:Skipping not selected package 'safety' in 'src/safety'
[0.205s] INFO:colcon.colcon_core.package_selection:Skipping not selected package 'sensor_drivers' in 'src/sensor_drivers'
[0.205s] INFO:colcon.colcon_core.package_selection:Skipping not selected package 'simulation' in 'src/simulation'
[0.205s] INFO:colcon.colcon_core.package_selection:Skipping not selected package 'vehicle_interface' in 'src/vehicle_interface'
[0.205s] Level 1:colcon.colcon_core.package_discovery:discover_packages(prefix_path) check parameters
[0.205s] Level 1:colcon.colcon_core.package_discovery:discover_packages(prefix_path) discover
[0.207s] DEBUG:colcon.colcon_installed_package_information.package_discovery:Found 7 installed packages in /home/ahmed/colcon_ws/install
[0.208s] DEBUG:colcon.colcon_installed_package_information.package_discovery:Found 319 installed packages in /opt/ros/jazzy
[0.209s] Level 1:colcon.colcon_core.package_discovery:discover_packages(prefix_path) using defaults
[0.256s] Level 5:colcon.colcon_core.verb:set package 'autonomy' build argument 'cmake_args' from command line to 'None'
[0.256s] Level 5:colcon.colcon_core.verb:set package 'autonomy' build argument 'cmake_target' from command line to 'None'
[0.256s] Level 5:colcon.colcon_core.verb:set package 'autonomy' build argument 'cmake_target_skip_unavailable' from command line to 'False'
[0.256s] Level 5:colcon.colcon_core.verb:set package 'autonomy' build argument 'cmake_clean_cache' from command line to 'False'
[0.256s] Level 5:colcon.colcon_core.verb:set package 'autonomy' build argument 'cmake_clean_first' from command line to 'False'
[0.256s] Level 5:colcon.colcon_core.verb:set package 'autonomy' build argument 'cmake_force_configure' from command line to 'False'
[0.256s] Level 5:colcon.colcon_core.verb:set package 'autonomy' build argument 'ament_cmake_args' from command line to 'None'
[0.256s] Level 5:colcon.colcon_core.verb:set package 'autonomy' build argument 'catkin_cmake_args' from command line to 'None'
[0.256s] Level 5:colcon.colcon_core.verb:set package 'autonomy' build argument 'catkin_skip_building_tests' from command line to 'False'
[0.256s] DEBUG:colcon.colcon_core.verb:Building package 'autonomy' with the following arguments: {'ament_cmake_args': None, 'build_base': '/home/ahmed/colcon_ws/build/autonomy', 'catkin_cmake_args': None, 'catkin_skip_building_tests': False, 'cmake_args': None, 'cmake_clean_cache': False, 'cmake_clean_first': False, 'cmake_force_configure': False, 'cmake_target': None, 'cmake_target_skip_unavailable': False, 'install_base': '/home/ahmed/colcon_ws/install/autonomy', 'merge_install': False, 'path': '/home/ahmed/colcon_ws/src/autonomy', 'symlink_install': True, 'test_result_base': None}
[0.256s] Level 5:colcon.colcon_core.verb:set package 'planning' build argument 'cmake_args' from command line to 'None'
[0.256s] Level 5:colcon.colcon_core.verb:set package 'planning' build argument 'cmake_target' from command line to 'None'
[0.256s] Level 5:colcon.colcon_core.verb:set package 'planning' build argument 'cmake_target_skip_unavailable' from command line to 'False'
[0.256s] Level 5:colcon.colcon_core.verb:set package 'planning' build argument 'cmake_clean_cache' from command line to 'False'
[0.256s] Level 5:colcon.colcon_core.verb:set package 'planning' build argument 'cmake_clean_first' from command line to 'False'
[0.256s] Level 5:colcon.colcon_core.verb:set package 'planning' build argument 'cmake_force_configure' from command line to 'False'
[0.256s] Level 5:colcon.colcon_core.verb:set package 'planning' build argument 'ament_cmake_args' from command line to 'None'
[0.256s] Level 5:colcon.colcon_core.verb:set package 'planning' build argument 'catkin_cmake_args' from command line to 'None'
[0.256s] Level 5:colcon.colcon_core.verb:set package 'planning' build argument 'catkin_skip_building_tests' from command line to 'False'
[0.256s] DEBUG:colcon.colcon_core.verb:Building package 'planning' with the following arguments: {'ament_cmake_args': None, 'build_base': '/home/ahmed/colcon_ws/build/planning', 'catkin_cmake_args': None, 'catkin_skip_building_tests': False, 'cmake_args': None, 'cmake_clean_cache': False, 'cmake_clean_first': False, 'cmake_force_configure': False, 'cmake_target': None, 'cmake_target_skip_unavailable': False, 'install_base': '/home/ahmed/colcon_ws/install/planning', 'merge_install': False, 'path': '/home/ahmed/colcon_ws/src/planning', 'symlink_install': True, 'test_result_base': None}
[0.257s] Level 5:colcon.colcon_core.verb:set package 'perception' build argument 'cmake_args' from command line to 'None'
[0.257s] Level 5:colcon.colcon_core.verb:set package 'perception' build argument 'cmake_target' from command line to 'None'
[0.257s] Level 5:colcon.colcon_core.verb:set package 'perception' build argument 'cmake_target_skip_unavailable' from command line to 'False'
[0.257s] Level 5:colcon.colcon_core.verb:set package 'perception' build argument 'cmake_clean_cache' from command line to 'False'
[0.257s] Level 5:colcon.colcon_core.verb:set package 'perception' build argument 'cmake_clean_first' from command line to 'False'
[0.257s] Level 5:colcon.colcon_core.verb:set package 'perception' build argument 'cmake_force_configure' from command line to 'False'
[0.257s] Level 5:colcon.colcon_core.verb:set package 'perception' build argument 'ament_cmake_args' from command line to 'None'
[0.257s] Level 5:colcon.colcon_core.verb:set package 'perception' build argument 'catkin_cmake_args' from command line to 'None'
[0.257s] Level 5:colcon.colcon_core.verb:set package 'perception' build argument 'catkin_skip_building_tests' from command line to 'False'
[0.257s] DEBUG:colcon.colcon_core.verb:Building package 'perception' with the following arguments: {'ament_cmake_args': None, 'build_base': '/home/ahmed/colcon_ws/build/perception', 'catkin_cmake_args': None, 'catkin_skip_building_tests': False, 'cmake_args': None, 'cmake_clean_cache': False, 'cmake_clean_first': False, 'cmake_force_configure': False, 'cmake_target': None, 'cmake_target_skip_unavailable': False, 'install_base': '/home/ahmed/colcon_ws/install/perception', 'merge_install': False, 'path': '/home/ahmed/colcon_ws/src/perception', 'symlink_install': True, 'test_result_base': None}
[0.257s] INFO:colcon.colcon_core.executor:Executing jobs using 'parallel' executor
[0.258s] DEBUG:colcon.colcon_parallel_executor.executor.parallel:run_until_complete
[0.258s] INFO:colcon.colcon_ros.task.ament_python.build:Building ROS package in '/home/ahmed/colcon_ws/src/autonomy' with build type 'ament_python'
[0.258s] Level 1:colcon.colcon_core.shell:create_environment_hook('autonomy', 'ament_prefix_path')
[0.260s] INFO:colcon.colcon_core.plugin_system:Skipping extension 'colcon_core.shell.bat': Not used on non-Windows systems
[0.260s] INFO:colcon.colcon_core.shell:Creating environment hook '/home/ahmed/colcon_ws/install/autonomy/share/autonomy/hook/ament_prefix_path.ps1'
[0.261s] INFO:colcon.colcon_core.shell:Creating environment descriptor '/home/ahmed/colcon_ws/install/autonomy/share/autonomy/hook/ament_prefix_path.dsv'
[0.261s] INFO:colcon.colcon_core.shell:Creating environment hook '/home/ahmed/colcon_ws/install/autonomy/share/autonomy/hook/ament_prefix_path.sh'
[0.262s] INFO:colcon.colcon_core.shell:Skip shell extension 'powershell' for command environment: Not usable outside of PowerShell
[0.262s] DEBUG:colcon.colcon_core.shell:Skip shell extension 'dsv' for command environment
[0.265s] INFO:colcon.colcon_ros.task.ament_python.build:Building ROS package in '/home/ahmed/colcon_ws/src/planning' with build type 'ament_python'
[0.265s] Level 1:colcon.colcon_core.shell:create_environment_hook('planning', 'ament_prefix_path')
[0.266s] INFO:colcon.colcon_core.shell:Creating environment hook '/home/ahmed/colcon_ws/install/planning/share/planning/hook/ament_prefix_path.ps1'
[0.266s] INFO:colcon.colcon_core.shell:Creating environment descriptor '/home/ahmed/colcon_ws/install/planning/share/planning/hook/ament_prefix_path.dsv'
[0.266s] INFO:colcon.colcon_core.shell:Creating environment hook '/home/ahmed/colcon_ws/install/planning/share/planning/hook/ament_prefix_path.sh'
[0.267s] INFO:colcon.colcon_core.shell:Skip shell extension 'powershell' for command environment: Not usable outside of PowerShell
[0.267s] DEBUG:colcon.colcon_core.shell:Skip shell extension 'dsv' for command environment
[0.270s] INFO:colcon.colcon_ros.task.ament_python.build:Building ROS package in '/home/ahmed/colcon_ws/src/perception' with build type 'ament_python'
[0.270s] Level 1:colcon.colcon_core.shell:create_environment_hook('perception', 'ament_prefix_path')
[0.270s] INFO:colcon.colcon_core.shell:Creating environment hook '/home/ahmed/colcon_ws/install/perception/share/perception/hook/ament_prefix_path.ps1'
[0.270s] INFO:colcon.colcon_core.shell:Creating environment descriptor '/home/ahmed/colcon_ws/install/perception/share/perception/hook/ament_prefix_path.dsv'
[0.271s] INFO:colcon.colcon_core.shell:Creating environment hook '/home/ahmed/colcon_ws/install/perception/share/perception/hook/ament_prefix_path.sh'
[0.271s] INFO:colcon.colcon_core.shell:Skip shell extension 'powershell' for command environment: Not usable outside of PowerShell
[0.271s] DEBUG:colcon.colcon_core.shell:Skip shell extension 'dsv' for command environment
[0.497s] INFO:colcon.colcon_core.task.python.build:Building Python package in '/home/ahmed/colcon_ws/src/autonomy'
[0.497s] INFO:colcon.colcon_core.shell:Skip shell extension 'powershell' for command environment: Not usable outside of PowerShell
[0.497s] DEBUG:colcon.colcon_core.shell:Skip shell extension 'dsv' for command environment
[0.716s] INFO:colcon.colcon_core.task.python.build:Building Python package in '/home/ahmed/colcon_ws/src/planning'
[0.716s] INFO:colcon.colcon_core.shell:Skip shell extension 'powershell' for command environment: Not usable outside of PowerShell
[0.716s] DEBUG:colcon.colcon_core.shell:Skip shell extension 'dsv' for command environment
[0.940s] INFO:colcon.colcon_core.task.python.build:Building Python package in '/home/ahmed/colcon_ws/src/perception'
[0.940s] INFO:colcon.colcon_core.shell:Skip shell extension 'powershell' for command environment: Not usable outside of PowerShell
[0.940s] DEBUG:colcon.colcon_core.shell:Skip shell extension 'dsv' for command environment
[1.589s] DEBUG:colcon.colcon_core.event_handler.log_command:Invoking command in '/home/ahmed/colcon_ws/build/planning': DEBUGINFOD_URLS=https://debuginfod.ubuntu.com PYTHONPATH=/home/ahmed/colcon_ws/build/planning/prefix_override:/usr/lib/python3/dist-packages/colcon_core/task/python/colcon_distutils_commands:/home/ahmed/colcon_ws/install/planning/lib/python3.12/site-packages:${PYTHONPATH} /usr/bin/python3 -W ignore:setup.py install is deprecated -W ignore:easy_install command is deprecated setup.py develop --editable --build-directory /home/ahmed/colcon_ws/build/planning/build --no-deps symlink_data
[1.592s] DEBUG:colcon.colcon_core.event_handler.log_command:Invoking command in '/home/ahmed/colcon_ws/build/autonomy': DEBUGINFOD_URLS=https://debuginfod.ubuntu.com PYTHONPATH=/home/ahmed/colcon_ws/build/autonomy/prefix_override:/usr/lib/python3/dist-packages/colcon_core/task/python/colcon_distutils_commands:/home/ahmed/colcon_ws/install/autonomy/lib/python3.12/site-packages:${PYTHONPATH} /usr/bin/python3 -W ignore:setup.py install is deprecated -W ignore:easy_install command is deprecated setup.py develop --editable --build-directory /home/ahmed/colcon_ws/build/autonomy/build --no-deps symlink_data
[1.595s] DEBUG:colcon.colcon_core.event_handler.log_command:Invoking command in '/home/ahmed/colcon_ws/build/perception': DEBUGINFOD_URLS=https://debuginfod.ubuntu.com PYTHONPATH=/home/ahmed/colcon_ws/build/perception/prefix_override:/usr/lib/python3/dist-packages/colcon_core/task/python/colcon_distutils_commands:/home/ahmed/colcon_ws/install/perception/lib/python3.12/site-packages:/home/ahmed/colcon_ws/install/autonomy_msgs/lib/python3.12/site-packages:/home/ahmed/colcon_ws/build/simulation:/home/ahmed/colcon_ws/install/simulation/lib/python3.12/site-packages:/home/ahmed/colcon_ws/build/sensor_drivers:/home/ahmed/colcon_ws/install/sensor_drivers/lib/python3.12/site-packages:/home/ahmed/colcon_ws/build/planning:/home/ahmed/colcon_ws/install/planning/lib/python3.12/site-packages:/home/ahmed/colcon_ws/build/perception:/home/ahmed/colcon_ws/install/perception/lib/python3.12/site-packages:/home/ahmed/colcon_ws/build/control:/home/ahmed/colcon_ws/install/control/lib/python3.12/site-packages:/home/ahmed/colcon_ws/build/autonomy:/home/ahmed/colcon_ws/install/autonomy/lib/python3.12/site-packages:/opt/ros/jazzy/lib/python3.12/site-packages /usr/bin/python3 -W ignore:setup.py install is deprecated -W ignore:easy_install command is deprecated setup.py develop --editable --build-directory /home/ahmed/colcon_ws/build/perception/build --no-deps symlink_data
[2.313s] Level 1:colcon.colcon_core.shell:create_environment_hook('perception', 'pythonpath_develop')
[2.313s] INFO:colcon.colcon_core.shell:Creating environment hook '/home/ahmed/colcon_ws/build/perception/share/perception/hook/pythonpath_develop.ps1'
[2.314s] DEBUG:colcon.colcon_core.event_handler.log_command:Invoked command in '/home/ahmed/colcon_ws/build/perception' returned '0': DEBUGINFOD_URLS=https://debuginfod.ubuntu.com PYTHONPATH=/home/ahmed/colcon_ws/build/perception/prefix_override:/usr/lib/python3/dist-packages/colcon_core/task/python/colcon_distutils_commands:/home/ahmed/colcon_ws/install/perception/lib/python3.12/site-packages:/home/ahmed/colcon_ws/install/autonomy_msgs/lib/python3.12/site-packages:/home/ahmed/colcon_ws/build/simulation:/home/ahmed/colcon_ws/install/simulation/lib/python3.12/site-packages:/home/ahmed/colcon_ws/build/sensor_drivers:/home/ahmed/colcon_ws/install/sensor_drivers/lib/python3.12/site-packages:/home/ahmed/colcon_ws/build/planning:/home/ahmed/colcon_ws/install/planning/lib/python3.12/site-packages:/home/ahmed/colcon_ws/build/perception:/home/ahmed/colcon_ws/install/perception/lib/python3.12/site-packages:/home/ahmed/colcon_ws/build/control:/home/ahmed/colcon_ws/install/control/lib/python3.12/site-packages:/home/ahmed/colcon_ws/build/autonomy:/home/ahmed/colcon_ws/install/autonomy/lib/python3.12/site-packages:/opt/ros/jazzy/lib/python3.12/site-packages /usr/bin/python3 -W ignore:setup.py install is deprecated -W ignore:easy_install command is deprecated setup.py develop --editable --build-directory /home/ahmed/colcon_ws/build/perception/build --no-deps symlink_data
[2.314s] INFO:colcon.colcon_core.shell:Creating environment descriptor '/home/ahmed/colcon_ws/build/perception/share/perception/hook/pythonpath_develop.dsv'
[2.314s] INFO:colcon.colcon_core.shell:Creating environment hook '/home/ahmed/colcon_ws/build/perception/share/perception/hook/pythonpath_develop.sh'
[2.317s] Level 1:colcon.colcon_core.environment:checking '/home/ahmed/colcon_ws/install/perception' for CMake module files
[2.318s] Level 1:colcon.colcon_core.environment:checking '/home/ahmed/colcon_ws/install/perception' for CMake config files
[2.318s] Level 1:colcon.colcon_core.environment:checking '/home/ahmed/colcon_ws/install/perception/lib'
[2.319s] Level 1:colcon.colcon_core.environment:checking '/home/ahmed/colcon_ws/install/perception/bin'
[2.319s] Level 1:colcon.colcon_core.environment:checking '/home/ahmed/colcon_ws/install/perception/lib/pkgconfig/perception.pc'
[2.319s] Level 1:colcon.colcon_core.environment:checking '/home/ahmed/colcon_ws/install/perception/lib/python3.12/site-packages'
[2.319s] Level 1:colcon.colcon_core.shell:create_environment_hook('perception', 'pythonpath')
[2.319s] INFO:colcon.colcon_core.shell:Creating environment hook '/home/ahmed/colcon_ws/install/perception/share/perception/hook/pythonpath.ps1'
[2.320s] INFO:colcon.colcon_core.shell:Creating environment descriptor '/home/ahmed/colcon_ws/install/perception/share/perception/hook/pythonpath.dsv'
[2.320s] INFO:colcon.colcon_core.shell:Creating environment hook '/home/ahmed/colcon_ws/install/perception/share/perception/hook/pythonpath.sh'
[2.321s] Level 1:colcon.colcon_core.environment:checking '/home/ahmed/colcon_ws/install/perception/bin'
[2.321s] Level 1:colcon.colcon_core.environment:create_environment_scripts_only(perception)
[2.321s] INFO:colcon.colcon_core.shell:Creating package script '/home/ahmed/colcon_ws/install/perception/share/perception/package.ps1'
[2.322s] INFO:colcon.colcon_core.shell:Creating package descriptor '/home/ahmed/colcon_ws/install/perception/share/perception/package.dsv'
[2.323s] INFO:colcon.colcon_core.shell:Creating package script '/home/ahmed/colcon_ws/install/perception/share/perception/package.sh'
[2.323s] INFO:colcon.colcon_core.shell:Creating package script '/home/ahmed/colcon_ws/install/perception/share/perception/package.bash'
[2.324s] INFO:colcon.colcon_core.shell:Creating package script '/home/ahmed/colcon_ws/install/perception/share/perception/package.zsh'
[2.325s] Level 1:colcon.colcon_core.environment:create_file_with_runtime_dependencies(/home/ahmed/colcon_ws/install/perception/share/colcon-core/packages/perception)
[2.326s] Level 1:colcon.colcon_core.shell:create_environment_hook('planning', 'pythonpath_develop')
[2.326s] INFO:colcon.colcon_core.shell:Creating environment hook '/home/ahmed/colcon_ws/build/planning/share/planning/hook/pythonpath_develop.ps1'
[2.327s] DEBUG:colcon.colcon_core.event_handler.log_command:Invoked command in '/home/ahmed/colcon_ws/build/planning' returned '0': DEBUGINFOD_URLS=https://debuginfod.ubuntu.com PYTHONPATH=/home/ahmed/colcon_ws/build/planning/prefix_override:/usr/lib/python3/dist-packages/colcon_core/task/python/colcon_distutils_commands:/home/ahmed/colcon_ws/install/planning/lib/python3.12/site-packages:${PYTHONPATH} /usr/bin/python3 -W ignore:setup.py install is deprecated -W ignore:easy_install command is deprecated setup.py develop --editable --build-directory /home/ahmed/colcon_ws/build/planning/build --no-deps symlink_data
[2.327s] INFO:colcon.colcon_core.shell:Creating environment descriptor '/home/ahmed/colcon_ws/build/planning/share/planning/hook/pythonpath_develop.dsv'
[2.327s] INFO:colcon.colcon_core.shell:Creating environment hook '/home/ahmed/colcon_ws/build/planning/share/planning/hook/pythonpath_develop.sh'
[2.328s] Level 1:colcon.colcon_core.environment:checking '/home/ahmed/colcon_ws/install/planning' for CMake module files
[2.329s] Level 1:colcon.colcon_core.environment:checking '/home/ahmed/colcon_ws/install/planning' for CMake config files
[2.329s] Level 1:colcon.colcon_core.environment:checking '/home/ahmed/colcon_ws/install/planning/lib'
[2.329s] Level 1:colcon.colcon_core.environment:checking '/home/ahmed/colcon_ws/install/planning/bin'
[2.330s] Level 1:colcon.colcon_core.environment:checking '/home/ahmed/colcon_ws/install/planning/lib/pkgconfig/planning.pc'
[2.330s] Level 1:colcon.colcon_core.environment:checking '/home/ahmed/colcon_ws/install/planning/lib/python3.12/site-packages'
[2.330s] Level 1:colcon.colcon_core.shell:create_environment_hook('planning', 'pythonpath')
[2.330s] INFO:colcon.colcon_core.shell:Creating environment hook '/home/ahmed/colcon_ws/install/planning/share/planning/hook/pythonpath.ps1'
[2.330s] INFO:colcon.colcon_core.shell:Creating environment descriptor '/home/ahmed/colcon_ws/install/planning/share/planning/hook/pythonpath.dsv'
[2.331s] INFO:colcon.colcon_core.shell:Creating environment hook '/home/ahmed/colcon_ws/install/planning/share/planning/hook/pythonpath.sh'
[2.332s] Level 1:colcon.colcon_core.environment:checking '/home/ahmed/colcon_ws/install/planning/bin'
[2.332s] Level 1:colcon.colcon_core.environment:create_environment_scripts_only(planning)
[2.332s] INFO:colcon.colcon_core.shell:Creating package script '/home/ahmed/colcon_ws/install/planning/share/planning/package.ps1'
[2.332s] INFO:colcon.colcon_core.shell:Creating package descriptor '/home/ahmed/colcon_ws/install/planning/share/planning/package.dsv'
[2.333s] INFO:colcon.colcon_core.shell:Creating package script '/home/ahmed/colcon_ws/install/planning/share/planning/package.sh'
[2.333s] INFO:colcon.colcon_core.shell:Creating package script '/home/ahmed/colcon_ws/install/planning/share/planning/package.bash'
[2.334s] INFO:colcon.colcon_core.shell:Creating package script '/home/ahmed/colcon_ws/install/planning/share/planning/package.zsh'
[2.334s] Level 1:colcon.colcon_core.environment:create_file_with_runtime_dependencies(/home/ahmed/colcon_ws/install/planning/share/colcon-core/packages/planning)
[2.335s] Level 1:colcon.colcon_core.shell:create_environment_hook('autonomy', 'pythonpath_develop')
[2.335s] INFO:colcon.colcon_core.shell:Creating environment hook '/home/ahmed/colcon_ws/build/autonomy/share/autonomy/hook/pythonpath_develop.ps1'
[2.335s] INFO:colcon.colcon_core.shell:Creating environment descriptor '/home/ahmed/colcon_ws/build/autonomy/share/autonomy/hook/pythonpath_develop.dsv'
[2.336s] DEBUG:colcon.colcon_core.event_handler.log_command:Invoked command in '/home/ahmed/colcon_ws/build/autonomy' returned '0': DEBUGINFOD_URLS=https://debuginfod.ubuntu.com PYTHONPATH=/home/ahmed/colcon_ws/build/autonomy/prefix_override:/usr/lib/python3/dist-packages/colcon_core/task/python/colcon_distutils_commands:/home/ahmed/colcon_ws/install/autonomy/lib/python3.12/site-packages:${PYTHONPATH} /usr/bin/python3 -W ignore:setup.py install is deprecated -W ignore:easy_install command is deprecated setup.py develop --editable --build-directory /home/ahmed/colcon_ws/build/autonomy/build --no-deps symlink_data
[2.336s] INFO:colcon.colcon_core.shell:Creating environment hook '/home/ahmed/colcon_ws/build/autonomy/share/autonomy/hook/pythonpath_develop.sh'
[2.336s] Level 1:colcon.colcon_core.environment:checking '/home/ahmed/colcon_ws/install/autonomy' for CMake module files
[2.337s] Level 1:colcon.colcon_core.environment:checking '/home/ahmed/colcon_ws/install/autonomy' for CMake config files
[2.337s] Level 1:colcon.colcon_core.environment:checking '/home/ahmed/colcon_ws/install/autonomy/lib'
[2.337s] Level 1:colcon.colcon_core.environment:checking '/home/ahmed/colcon_ws/install/autonomy/bin'
[2.338s] Level 1:colcon.colcon_core.environment:checking '/home/ahmed/colcon_ws/install/autonomy/lib/pkgconfig/autonomy.pc'
[2.338s] Level 1:colcon.colcon_core.environment:checking '/home/ahmed/colcon_ws/install/autonomy/lib/python3.12/site-packages'
[2.338s] Level 1:colcon.colcon_core.shell:create_environment_hook('autonomy', 'pythonpath')
[2.338s] INFO:colcon.colcon_core.shell:Creating environment hook '/home/ahmed/colcon_ws/install/autonomy/share/autonomy/hook/pythonpath.ps1'
[2.338s] INFO:colcon.colcon_core.shell:Creating environment descriptor '/home/ahmed/colcon_ws/install/autonomy/share/autonomy/hook/pythonpath.dsv'
[2.339s] INFO:colcon.colcon_core.shell:Creating environment hook '/home/ahmed/colcon_ws/install/autonomy/share/autonomy/hook/pythonpath.sh'
[2.339s] Level 1:colcon.colcon_core.environment:checking '/home/ahmed/colcon_ws/install/autonomy/bin'
[2.339s] Level 1:colcon.colcon_core.environment:create_environment_scripts_only(autonomy)
[2.340s] INFO:colcon.colcon_core.shell:Creating package script '/home/ahmed/colcon_ws/install/autonomy/share/autonomy/package.ps1'
[2.340s] INFO:colcon.colcon_core.shell:Creating package descriptor '/home/ahmed/colcon_ws/install/autonomy/share/autonomy/package.dsv'
[2.341s] INFO:colcon.colcon_core.shell:Creating package script '/home/ahmed/colcon_ws/install/autonomy/share/autonomy/package.sh'
[2.341s] INFO:colcon.colcon_core.shell:Creating package script '/home/ahmed/colcon_ws/install/autonomy/share/autonomy/package.bash'
[2.342s] INFO:colcon.colcon_core.shell:Creating package script '/home/ahmed/colcon_ws/install/autonomy/share/autonomy/package.zsh'
[2.342s] Level 1:colcon.colcon_core.environment:create_file_with_runtime_dependencies(/home/ahmed/colcon_ws/install/autonomy/share/colcon-core/packages/autonomy)
[2.342s] DEBUG:colcon.colcon_parallel_executor.executor.parallel:closing loop
[2.342s] DEBUG:colcon.colcon_parallel_executor.executor.parallel:loop closed
[2.342s] DEBUG:colcon.colcon_parallel_executor.executor.parallel:run_until_complete finished with '0'
[2.342s] DEBUG:colcon.colcon_core.event_reactor:joining thread
[2.348s] INFO:colcon.colcon_core.plugin_system:Skipping extension 'colcon_notification.desktop_notification.terminal_notifier': Not used on non-Darwin systems
[2.348s] INFO:colcon.colcon_core.plugin_system:Skipping extension 'colcon_notification.desktop_notification.win32': Not used on non-Windows systems
[2.348s] INFO:colcon.colcon_notification.desktop_notification:Sending desktop notification using 'notify2'
[2.361s] DEBUG:colcon.colcon_core.event_reactor:joined thread
[2.361s] INFO:colcon.colcon_core.shell:Creating prefix script '/home/ahmed/colcon_ws/install/local_setup.ps1'
[2.362s] INFO:colcon.colcon_core.shell:Creating prefix util module '/home/ahmed/colcon_ws/install/_local_setup_util_ps1.py'
[2.363s] INFO:colcon.colcon_core.shell:Creating prefix chain script '/home/ahmed/colcon_ws/install/setup.ps1'
[2.365s] INFO:colcon.colcon_core.shell:Creating prefix script '/home/ahmed/colcon_ws/install/local_setup.sh'
[2.365s] INFO:colcon.colcon_core.shell:Creating prefix util module '/home/ahmed/colcon_ws/install/_local_setup_util_sh.py'
[2.366s] INFO:colcon.colcon_core.shell:Creating prefix chain script '/home/ahmed/colcon_ws/install/setup.sh'
[2.367s] INFO:colcon.colcon_core.shell:Creating prefix script '/home/ahmed/colcon_ws/install/local_setup.bash'
[2.367s] INFO:colcon.colcon_core.shell:Creating prefix chain script '/home/ahmed/colcon_ws/install/setup.bash'
[2.368s] INFO:colcon.colcon_core.shell:Creating prefix script '/home/ahmed/colcon_ws/install/local_setup.zsh'
[2.369s] INFO:colcon.colcon_core.shell:Creating prefix chain script '/home/ahmed/colcon_ws/install/setup.zsh'
