running develop
running egg_info
creating perception.egg-info
writing perception.egg-info/PKG-INFO
writing dependency_links to perception.egg-info/dependency_links.txt
writing entry points to perception.egg-info/entry_points.txt
writing requirements to perception.egg-info/requires.txt
writing top-level names to perception.egg-info/top_level.txt
writing manifest file 'perception.egg-info/SOURCES.txt'
reading manifest file 'perception.egg-info/SOURCES.txt'
writing manifest file 'perception.egg-info/SOURCES.txt'
running build_ext
Creating /home/ahmed/colcon_ws/install/perception/lib/python3.12/site-packages/perception.egg-link (link to .)
Installing perception_node script to /home/ahmed/colcon_ws/install/perception/lib/perception

Installed /home/ahmed/colcon_ws/build/perception
running symlink_data
creating /home/ahmed/colcon_ws/install/perception/share/ament_index
creating /home/ahmed/colcon_ws/install/perception/share/ament_index/resource_index
creating /home/ahmed/colcon_ws/install/perception/share/ament_index/resource_index/packages
symbolically linking /home/ahmed/colcon_ws/build/perception/resource/perception -> /home/ahmed/colcon_ws/install/perception/share/ament_index/resource_index/packages
symbolically linking /home/ahmed/colcon_ws/build/perception/package.xml -> /home/ahmed/colcon_ws/install/perception/share/perception
