[0.993s] Invoking command in '/home/ahmed/colcon_ws/build/perception': DEBUGINFOD_URLS=https://debuginfod.ubuntu.com PYTHONPATH=/home/ahmed/colcon_ws/build/perception/prefix_override:/usr/lib/python3/dist-packages/colcon_core/task/python/colcon_distutils_commands:/home/ahmed/colcon_ws/install/perception/lib/python3.12/site-packages:${PYTHONPATH} /usr/bin/python3 -W ignore:setup.py install is deprecated -W ignore:easy_install command is deprecated setup.py develop --editable --build-directory /home/ahmed/colcon_ws/build/perception/build --no-deps symlink_data
[1.409s] running develop
[1.671s] running egg_info
[1.671s] creating perception.egg-info
[1.695s] writing perception.egg-info/PKG-INFO
[1.695s] writing dependency_links to perception.egg-info/dependency_links.txt
[1.695s] writing entry points to perception.egg-info/entry_points.txt
[1.695s] writing requirements to perception.egg-info/requires.txt
[1.695s] writing top-level names to perception.egg-info/top_level.txt
[1.696s] writing manifest file 'perception.egg-info/SOURCES.txt'
[1.745s] reading manifest file 'perception.egg-info/SOURCES.txt'
[1.746s] writing manifest file 'perception.egg-info/SOURCES.txt'
[1.772s] running build_ext
[1.772s] Creating /home/ahmed/colcon_ws/install/perception/lib/python3.12/site-packages/perception.egg-link (link to .)
[1.773s] Installing perception_node script to /home/ahmed/colcon_ws/install/perception/lib/perception
[1.773s] 
[1.773s] Installed /home/ahmed/colcon_ws/build/perception
[1.773s] running symlink_data
[1.774s] creating /home/ahmed/colcon_ws/install/perception/share/ament_index
[1.774s] creating /home/ahmed/colcon_ws/install/perception/share/ament_index/resource_index
[1.774s] creating /home/ahmed/colcon_ws/install/perception/share/ament_index/resource_index/packages
[1.774s] symbolically linking /home/ahmed/colcon_ws/build/perception/resource/perception -> /home/ahmed/colcon_ws/install/perception/share/ament_index/resource_index/packages
[1.774s] symbolically linking /home/ahmed/colcon_ws/build/perception/package.xml -> /home/ahmed/colcon_ws/install/perception/share/perception
[1.801s] Invoked command in '/home/ahmed/colcon_ws/build/perception' returned '0': DEBUGINFOD_URLS=https://debuginfod.ubuntu.com PYTHONPATH=/home/ahmed/colcon_ws/build/perception/prefix_override:/usr/lib/python3/dist-packages/colcon_core/task/python/colcon_distutils_commands:/home/ahmed/colcon_ws/install/perception/lib/python3.12/site-packages:${PYTHONPATH} /usr/bin/python3 -W ignore:setup.py install is deprecated -W ignore:easy_install command is deprecated setup.py develop --editable --build-directory /home/ahmed/colcon_ws/build/perception/build --no-deps symlink_data
