-- The C compiler identification is GNU 13.3.0
-- The CXX compiler identification is GNU 13.3.0
-- Detecting C compiler ABI info
-- Detecting C compiler ABI info - done
-- Check for working C compiler: /usr/bin/cc - skipped
-- Detecting C compile features
-- Detecting C compile features - done
-- Detecting CXX compiler ABI info
-- Detecting CXX compiler ABI info - done
-- Check for working CXX compiler: /usr/bin/c++ - skipped
-- Detecting CXX compile features
-- Detecting CXX compile features - done
-- Found ament_cmake: 2.5.5 (/opt/ros/jazzy/share/ament_cmake/cmake)
-- Found Python3: /usr/bin/python3 (found version "3.12.3") found components: Interpreter 
-- Found rosidl_default_generators: 1.6.0 (/opt/ros/jazzy/share/rosidl_default_generators/cmake)
-- Using all available rosidl_typesupport_c: rosidl_typesupport_fastrtps_c;rosidl_typesupport_introspection_c
-- Using all available rosidl_typesupport_cpp: rosidl_typesupport_fastrtps_cpp;rosidl_typesupport_introspection_cpp
-- Found rosidl_adapter: 4.6.7 (/opt/ros/jazzy/share/rosidl_adapter/cmake)
-- Found std_msgs: 5.3.6 (/opt/ros/jazzy/share/std_msgs/cmake)
-- Found ament_cmake_ros: 0.12.0 (/opt/ros/jazzy/share/ament_cmake_ros/cmake)
-- Using all available rosidl_typesupport_c: rosidl_typesupport_fastrtps_c;rosidl_typesupport_introspection_c
-- Using all available rosidl_typesupport_cpp: rosidl_typesupport_fastrtps_cpp;rosidl_typesupport_introspection_cpp
-- Found python_cmake_module: 0.11.1 (/opt/ros/jazzy/share/python_cmake_module/cmake)
-- Found PythonExtra: /usr/bin/python3  
-- Found Python3: /usr/bin/python3 (found version "3.12.3") found components: Interpreter Development NumPy Development.Module Development.Embed 
-- Configuring done (7.5s)
-- Generating done (0.1s)
[33mCMake Warning:
  Manually-specified variables were not used by the project:

    CATKIN_INSTALL_INTO_PREFIX_ROOT
    CATKIN_SYMLINK_INSTALL

[0m
-- Build files have been written to: /home/ahmed/colcon_ws/build/interfaces
[  1%] [34m[1mGenerating type hashes for ROS interfaces[0m
[  1%] Built target ament_cmake_python_copy_interfaces
[  1%] Built target interfaces__rosidl_generator_type_description
[  3%] [34m[1mGenerating C code for ROS interfaces[0m
[  5%] [34m[1mGenerating C++ code for ROS interfaces[0m
running egg_info
creating interfaces.egg-info
writing interfaces.egg-info/PKG-INFO
writing dependency_links to interfaces.egg-info/dependency_links.txt
writing top-level names to interfaces.egg-info/top_level.txt
writing manifest file 'interfaces.egg-info/SOURCES.txt'
reading manifest file 'interfaces.egg-info/SOURCES.txt'
writing manifest file 'interfaces.egg-info/SOURCES.txt'
[  5%] Built target ament_cmake_python_build_interfaces_egg
[  5%] Built target interfaces__cpp
[  9%] [32mBuilding C object CMakeFiles/interfaces__rosidl_generator_c.dir/rosidl_generator_c/interfaces/msg/detail/vehicle_status__description.c.o[0m
[  9%] [32mBuilding C object CMakeFiles/interfaces__rosidl_generator_c.dir/rosidl_generator_c/interfaces/msg/detail/vehicle_status__functions.c.o[0m
[ 11%] [32mBuilding C object CMakeFiles/interfaces__rosidl_generator_c.dir/rosidl_generator_c/interfaces/msg/detail/bridge_status__type_support.c.o[0m
[ 12%] [32mBuilding C object CMakeFiles/interfaces__rosidl_generator_c.dir/rosidl_generator_c/interfaces/msg/detail/vehicle_status__type_support.c.o[0m
[ 14%] [32mBuilding C object CMakeFiles/interfaces__rosidl_generator_c.dir/rosidl_generator_c/interfaces/msg/detail/safety_status__description.c.o[0m
[ 16%] [32mBuilding C object CMakeFiles/interfaces__rosidl_generator_c.dir/rosidl_generator_c/interfaces/msg/detail/safety_status__functions.c.o[0m
[ 18%] [32mBuilding C object CMakeFiles/interfaces__rosidl_generator_c.dir/rosidl_generator_c/interfaces/msg/detail/safety_status__type_support.c.o[0m
[ 22%] [32mBuilding C object CMakeFiles/interfaces__rosidl_generator_c.dir/rosidl_generator_c/interfaces/msg/detail/bridge_status__functions.c.o[0m
[ 22%] [32mBuilding C object CMakeFiles/interfaces__rosidl_generator_c.dir/rosidl_generator_c/interfaces/msg/detail/bridge_status__description.c.o[0m
[ 24%] [32m[1mLinking C shared library libinterfaces__rosidl_generator_c.so[0m
[ 24%] Built target interfaces__rosidl_generator_c
[ 33%] [34m[1mGenerating C type support for eProsima Fast-RTPS[0m
[ 33%] [34m[1mGenerating C type support dispatch for ROS interfaces[0m
[ 33%] [34m[1mGenerating C++ type support for eProsima Fast-RTPS[0m
[ 33%] [34m[1mGenerating C++ type support dispatch for ROS interfaces[0m
[ 33%] [34m[1mGenerating C introspection for ROS interfaces[0m
[ 35%] [34m[1mGenerating C++ introspection for ROS interfaces[0m
[ 38%] [32mBuilding C object CMakeFiles/interfaces__rosidl_typesupport_introspection_c.dir/rosidl_typesupport_introspection_c/interfaces/msg/detail/bridge_status__type_support.c.o[0m
[ 38%] [32mBuilding C object CMakeFiles/interfaces__rosidl_typesupport_introspection_c.dir/rosidl_typesupport_introspection_c/interfaces/msg/detail/safety_status__type_support.c.o[0m
[ 40%] [32mBuilding C object CMakeFiles/interfaces__rosidl_typesupport_introspection_c.dir/rosidl_typesupport_introspection_c/interfaces/msg/detail/vehicle_status__type_support.c.o[0m
[ 46%] [32mBuilding CXX object CMakeFiles/interfaces__rosidl_typesupport_cpp.dir/rosidl_typesupport_cpp/interfaces/msg/safety_status__type_support.cpp.o[0m
[ 46%] [32mBuilding CXX object CMakeFiles/interfaces__rosidl_typesupport_cpp.dir/rosidl_typesupport_cpp/interfaces/msg/vehicle_status__type_support.cpp.o[0m
[ 50%] [32mBuilding CXX object CMakeFiles/interfaces__rosidl_typesupport_c.dir/rosidl_typesupport_c/interfaces/msg/safety_status__type_support.cpp.o[0m
[ 50%] [32mBuilding CXX object CMakeFiles/interfaces__rosidl_typesupport_c.dir/rosidl_typesupport_c/interfaces/msg/vehicle_status__type_support.cpp.o[0m
[ 50%] [32mBuilding CXX object CMakeFiles/interfaces__rosidl_typesupport_cpp.dir/rosidl_typesupport_cpp/interfaces/msg/bridge_status__type_support.cpp.o[0m
[ 51%] [32mBuilding CXX object CMakeFiles/interfaces__rosidl_typesupport_c.dir/rosidl_typesupport_c/interfaces/msg/bridge_status__type_support.cpp.o[0m
[ 57%] [32mBuilding CXX object CMakeFiles/interfaces__rosidl_typesupport_introspection_cpp.dir/rosidl_typesupport_introspection_cpp/interfaces/msg/detail/vehicle_status__type_support.cpp.o[0m
[ 57%] [32mBuilding CXX object CMakeFiles/interfaces__rosidl_typesupport_introspection_cpp.dir/rosidl_typesupport_introspection_cpp/interfaces/msg/detail/safety_status__type_support.cpp.o[0m
[ 57%] [32mBuilding CXX object CMakeFiles/interfaces__rosidl_typesupport_introspection_cpp.dir/rosidl_typesupport_introspection_cpp/interfaces/msg/detail/bridge_status__type_support.cpp.o[0m
[ 59%] [32m[1mLinking C shared library libinterfaces__rosidl_typesupport_introspection_c.so[0m
[ 61%] [32mBuilding CXX object CMakeFiles/interfaces__rosidl_typesupport_fastrtps_cpp.dir/rosidl_typesupport_fastrtps_cpp/interfaces/msg/detail/dds_fastrtps/vehicle_status__type_support.cpp.o[0m
[ 62%] [32mBuilding CXX object CMakeFiles/interfaces__rosidl_typesupport_fastrtps_c.dir/rosidl_typesupport_fastrtps_c/interfaces/msg/detail/vehicle_status__type_support_c.cpp.o[0m
[ 62%] Built target interfaces__rosidl_typesupport_introspection_c
[ 64%] [32mBuilding CXX object CMakeFiles/interfaces__rosidl_typesupport_fastrtps_c.dir/rosidl_typesupport_fastrtps_c/interfaces/msg/detail/safety_status__type_support_c.cpp.o[0m
[ 66%] [32mBuilding CXX object CMakeFiles/interfaces__rosidl_typesupport_fastrtps_c.dir/rosidl_typesupport_fastrtps_c/interfaces/msg/detail/bridge_status__type_support_c.cpp.o[0m
[ 68%] [32m[1mLinking CXX shared library libinterfaces__rosidl_typesupport_c.so[0m
[ 70%] [32mBuilding CXX object CMakeFiles/interfaces__rosidl_typesupport_fastrtps_cpp.dir/rosidl_typesupport_fastrtps_cpp/interfaces/msg/detail/dds_fastrtps/safety_status__type_support.cpp.o[0m
[ 70%] Built target interfaces__rosidl_typesupport_c
[ 72%] [32mBuilding CXX object CMakeFiles/interfaces__rosidl_typesupport_fastrtps_cpp.dir/rosidl_typesupport_fastrtps_cpp/interfaces/msg/detail/dds_fastrtps/bridge_status__type_support.cpp.o[0m
[ 74%] [32m[1mLinking CXX shared library libinterfaces__rosidl_typesupport_cpp.so[0m
[ 75%] [32m[1mLinking CXX shared library libinterfaces__rosidl_typesupport_introspection_cpp.so[0m
[ 75%] Built target interfaces__rosidl_typesupport_cpp
[ 75%] Built target interfaces__rosidl_typesupport_introspection_cpp
[ 77%] [32m[1mLinking CXX shared library libinterfaces__rosidl_typesupport_fastrtps_cpp.so[0m
[ 79%] [32m[1mLinking CXX shared library libinterfaces__rosidl_typesupport_fastrtps_c.so[0m
[ 79%] Built target interfaces__rosidl_typesupport_fastrtps_cpp
[ 79%] Built target interfaces__rosidl_typesupport_fastrtps_c
[ 79%] Built target interfaces
[ 81%] [34m[1mGenerating Python code for ROS interfaces[0m
[ 81%] Built target interfaces__py
[ 85%] [32mBuilding C object CMakeFiles/interfaces__rosidl_generator_py.dir/rosidl_generator_py/interfaces/msg/_safety_status_s.c.o[0m
[ 85%] [32mBuilding C object CMakeFiles/interfaces__rosidl_generator_py.dir/rosidl_generator_py/interfaces/msg/_bridge_status_s.c.o[0m
[ 87%] [32mBuilding C object CMakeFiles/interfaces__rosidl_generator_py.dir/rosidl_generator_py/interfaces/msg/_vehicle_status_s.c.o[0m
[ 88%] [32m[1mLinking C shared library libinterfaces__rosidl_generator_py.so[0m
[ 88%] Built target interfaces__rosidl_generator_py
[ 94%] [32mBuilding C object CMakeFiles/interfaces_s__rosidl_typesupport_introspection_c.dir/rosidl_generator_py/interfaces/_interfaces_s.ep.rosidl_typesupport_introspection_c.c.o[0m
[ 94%] [32mBuilding C object CMakeFiles/interfaces_s__rosidl_typesupport_fastrtps_c.dir/rosidl_generator_py/interfaces/_interfaces_s.ep.rosidl_typesupport_fastrtps_c.c.o[0m
[ 94%] [32mBuilding C object CMakeFiles/interfaces_s__rosidl_typesupport_c.dir/rosidl_generator_py/interfaces/_interfaces_s.ep.rosidl_typesupport_c.c.o[0m
[ 98%] [32m[1mLinking C shared module rosidl_generator_py/interfaces/interfaces_s__rosidl_typesupport_introspection_c.so[0m
[ 98%] [32m[1mLinking C shared module rosidl_generator_py/interfaces/interfaces_s__rosidl_typesupport_c.so[0m
[100%] [32m[1mLinking C shared module rosidl_generator_py/interfaces/interfaces_s__rosidl_typesupport_fastrtps_c.so[0m
[100%] Built target interfaces_s__rosidl_typesupport_c
[100%] Built target interfaces_s__rosidl_typesupport_introspection_c
[100%] Built target interfaces_s__rosidl_typesupport_fastrtps_c
-- Install configuration: ""
-- Installing: /home/ahmed/colcon_ws/install/interfaces/share/ament_index/resource_index/rosidl_interfaces/interfaces
-- Installing: /home/ahmed/colcon_ws/install/interfaces/share/interfaces/msg/VehicleStatus.json
-- Installing: /home/ahmed/colcon_ws/install/interfaces/share/interfaces/msg/SafetyStatus.json
-- Installing: /home/ahmed/colcon_ws/install/interfaces/share/interfaces/msg/BridgeStatus.json
-- Installing: /home/ahmed/colcon_ws/install/interfaces/include/interfaces/interfaces
-- Installing: /home/ahmed/colcon_ws/install/interfaces/include/interfaces/interfaces/msg
-- Installing: /home/ahmed/colcon_ws/install/interfaces/include/interfaces/interfaces/msg/detail
-- Installing: /home/ahmed/colcon_ws/install/interfaces/include/interfaces/interfaces/msg/detail/vehicle_status__description.c
-- Installing: /home/ahmed/colcon_ws/install/interfaces/include/interfaces/interfaces/msg/detail/safety_status__struct.h
-- Installing: /home/ahmed/colcon_ws/install/interfaces/include/interfaces/interfaces/msg/detail/safety_status__description.c
-- Installing: /home/ahmed/colcon_ws/install/interfaces/include/interfaces/interfaces/msg/detail/bridge_status__functions.c
-- Installing: /home/ahmed/colcon_ws/install/interfaces/include/interfaces/interfaces/msg/detail/bridge_status__type_support.c
-- Installing: /home/ahmed/colcon_ws/install/interfaces/include/interfaces/interfaces/msg/detail/vehicle_status__type_support.h
-- Installing: /home/ahmed/colcon_ws/install/interfaces/include/interfaces/interfaces/msg/detail/safety_status__functions.c
-- Installing: /home/ahmed/colcon_ws/install/interfaces/include/interfaces/interfaces/msg/detail/bridge_status__functions.h
-- Installing: /home/ahmed/colcon_ws/install/interfaces/include/interfaces/interfaces/msg/detail/vehicle_status__type_support.c
-- Installing: /home/ahmed/colcon_ws/install/interfaces/include/interfaces/interfaces/msg/detail/safety_status__functions.h
-- Installing: /home/ahmed/colcon_ws/install/interfaces/include/interfaces/interfaces/msg/detail/safety_status__type_support.c
-- Installing: /home/ahmed/colcon_ws/install/interfaces/include/interfaces/interfaces/msg/detail/vehicle_status__struct.h
-- Installing: /home/ahmed/colcon_ws/install/interfaces/include/interfaces/interfaces/msg/detail/bridge_status__struct.h
-- Installing: /home/ahmed/colcon_ws/install/interfaces/include/interfaces/interfaces/msg/detail/bridge_status__description.c
-- Installing: /home/ahmed/colcon_ws/install/interfaces/include/interfaces/interfaces/msg/detail/vehicle_status__functions.h
-- Installing: /home/ahmed/colcon_ws/install/interfaces/include/interfaces/interfaces/msg/detail/bridge_status__type_support.h
-- Installing: /home/ahmed/colcon_ws/install/interfaces/include/interfaces/interfaces/msg/detail/safety_status__type_support.h
-- Installing: /home/ahmed/colcon_ws/install/interfaces/include/interfaces/interfaces/msg/detail/vehicle_status__functions.c
-- Installing: /home/ahmed/colcon_ws/install/interfaces/include/interfaces/interfaces/msg/bridge_status.h
-- Installing: /home/ahmed/colcon_ws/install/interfaces/include/interfaces/interfaces/msg/rosidl_generator_c__visibility_control.h
-- Installing: /home/ahmed/colcon_ws/install/interfaces/include/interfaces/interfaces/msg/safety_status.h
-- Installing: /home/ahmed/colcon_ws/install/interfaces/include/interfaces/interfaces/msg/vehicle_status.h
-- Installing: /home/ahmed/colcon_ws/install/interfaces/share/interfaces/environment/library_path.sh
-- Installing: /home/ahmed/colcon_ws/install/interfaces/share/interfaces/environment/library_path.dsv
-- Installing: /home/ahmed/colcon_ws/install/interfaces/lib/libinterfaces__rosidl_generator_c.so
-- Set non-toolchain portion of runtime path of "/home/ahmed/colcon_ws/install/interfaces/lib/libinterfaces__rosidl_generator_c.so" to ""
-- Up-to-date: /home/ahmed/colcon_ws/install/interfaces/include/interfaces/interfaces
-- Up-to-date: /home/ahmed/colcon_ws/install/interfaces/include/interfaces/interfaces/msg
-- Up-to-date: /home/ahmed/colcon_ws/install/interfaces/include/interfaces/interfaces/msg/detail
-- Installing: /home/ahmed/colcon_ws/install/interfaces/include/interfaces/interfaces/msg/detail/vehicle_status__rosidl_typesupport_fastrtps_c.h
-- Installing: /home/ahmed/colcon_ws/install/interfaces/include/interfaces/interfaces/msg/detail/safety_status__rosidl_typesupport_fastrtps_c.h
-- Installing: /home/ahmed/colcon_ws/install/interfaces/include/interfaces/interfaces/msg/detail/bridge_status__rosidl_typesupport_fastrtps_c.h
-- Installing: /home/ahmed/colcon_ws/install/interfaces/include/interfaces/interfaces/msg/rosidl_typesupport_fastrtps_c__visibility_control.h
-- Installing: /home/ahmed/colcon_ws/install/interfaces/lib/libinterfaces__rosidl_typesupport_fastrtps_c.so
-- Set non-toolchain portion of runtime path of "/home/ahmed/colcon_ws/install/interfaces/lib/libinterfaces__rosidl_typesupport_fastrtps_c.so" to ""
-- Up-to-date: /home/ahmed/colcon_ws/install/interfaces/include/interfaces/interfaces
-- Up-to-date: /home/ahmed/colcon_ws/install/interfaces/include/interfaces/interfaces/msg
-- Up-to-date: /home/ahmed/colcon_ws/install/interfaces/include/interfaces/interfaces/msg/detail
-- Installing: /home/ahmed/colcon_ws/install/interfaces/include/interfaces/interfaces/msg/detail/bridge_status__rosidl_typesupport_introspection_c.h
-- Installing: /home/ahmed/colcon_ws/install/interfaces/include/interfaces/interfaces/msg/detail/bridge_status__type_support.c
-- Installing: /home/ahmed/colcon_ws/install/interfaces/include/interfaces/interfaces/msg/detail/vehicle_status__type_support.c
-- Installing: /home/ahmed/colcon_ws/install/interfaces/include/interfaces/interfaces/msg/detail/safety_status__type_support.c
-- Installing: /home/ahmed/colcon_ws/install/interfaces/include/interfaces/interfaces/msg/detail/safety_status__rosidl_typesupport_introspection_c.h
-- Installing: /home/ahmed/colcon_ws/install/interfaces/include/interfaces/interfaces/msg/detail/vehicle_status__rosidl_typesupport_introspection_c.h
-- Installing: /home/ahmed/colcon_ws/install/interfaces/include/interfaces/interfaces/msg/rosidl_typesupport_introspection_c__visibility_control.h
-- Installing: /home/ahmed/colcon_ws/install/interfaces/lib/libinterfaces__rosidl_typesupport_introspection_c.so
-- Set non-toolchain portion of runtime path of "/home/ahmed/colcon_ws/install/interfaces/lib/libinterfaces__rosidl_typesupport_introspection_c.so" to ""
-- Installing: /home/ahmed/colcon_ws/install/interfaces/lib/libinterfaces__rosidl_typesupport_c.so
-- Set non-toolchain portion of runtime path of "/home/ahmed/colcon_ws/install/interfaces/lib/libinterfaces__rosidl_typesupport_c.so" to ""
-- Up-to-date: /home/ahmed/colcon_ws/install/interfaces/include/interfaces/interfaces
-- Up-to-date: /home/ahmed/colcon_ws/install/interfaces/include/interfaces/interfaces/msg
-- Up-to-date: /home/ahmed/colcon_ws/install/interfaces/include/interfaces/interfaces/msg/detail
-- Installing: /home/ahmed/colcon_ws/install/interfaces/include/interfaces/interfaces/msg/detail/bridge_status__struct.hpp
-- Installing: /home/ahmed/colcon_ws/install/interfaces/include/interfaces/interfaces/msg/detail/bridge_status__traits.hpp
-- Installing: /home/ahmed/colcon_ws/install/interfaces/include/interfaces/interfaces/msg/detail/safety_status__type_support.hpp
-- Installing: /home/ahmed/colcon_ws/install/interfaces/include/interfaces/interfaces/msg/detail/vehicle_status__traits.hpp
-- Installing: /home/ahmed/colcon_ws/install/interfaces/include/interfaces/interfaces/msg/detail/safety_status__builder.hpp
-- Installing: /home/ahmed/colcon_ws/install/interfaces/include/interfaces/interfaces/msg/detail/vehicle_status__type_support.hpp
-- Installing: /home/ahmed/colcon_ws/install/interfaces/include/interfaces/interfaces/msg/detail/bridge_status__type_support.hpp
-- Installing: /home/ahmed/colcon_ws/install/interfaces/include/interfaces/interfaces/msg/detail/vehicle_status__builder.hpp
-- Installing: /home/ahmed/colcon_ws/install/interfaces/include/interfaces/interfaces/msg/detail/safety_status__traits.hpp
-- Installing: /home/ahmed/colcon_ws/install/interfaces/include/interfaces/interfaces/msg/detail/bridge_status__builder.hpp
-- Installing: /home/ahmed/colcon_ws/install/interfaces/include/interfaces/interfaces/msg/detail/safety_status__struct.hpp
-- Installing: /home/ahmed/colcon_ws/install/interfaces/include/interfaces/interfaces/msg/detail/vehicle_status__struct.hpp
-- Installing: /home/ahmed/colcon_ws/install/interfaces/include/interfaces/interfaces/msg/safety_status.hpp
-- Installing: /home/ahmed/colcon_ws/install/interfaces/include/interfaces/interfaces/msg/vehicle_status.hpp
-- Installing: /home/ahmed/colcon_ws/install/interfaces/include/interfaces/interfaces/msg/rosidl_generator_cpp__visibility_control.hpp
-- Installing: /home/ahmed/colcon_ws/install/interfaces/include/interfaces/interfaces/msg/bridge_status.hpp
-- Up-to-date: /home/ahmed/colcon_ws/install/interfaces/include/interfaces/interfaces
-- Up-to-date: /home/ahmed/colcon_ws/install/interfaces/include/interfaces/interfaces/msg
-- Installing: /home/ahmed/colcon_ws/install/interfaces/include/interfaces/interfaces/msg/rosidl_typesupport_fastrtps_cpp__visibility_control.h
-- Up-to-date: /home/ahmed/colcon_ws/install/interfaces/include/interfaces/interfaces/msg/detail
-- Installing: /home/ahmed/colcon_ws/install/interfaces/include/interfaces/interfaces/msg/detail/dds_fastrtps
-- Installing: /home/ahmed/colcon_ws/install/interfaces/include/interfaces/interfaces/msg/detail/bridge_status__rosidl_typesupport_fastrtps_cpp.hpp
-- Installing: /home/ahmed/colcon_ws/install/interfaces/include/interfaces/interfaces/msg/detail/safety_status__rosidl_typesupport_fastrtps_cpp.hpp
-- Installing: /home/ahmed/colcon_ws/install/interfaces/include/interfaces/interfaces/msg/detail/vehicle_status__rosidl_typesupport_fastrtps_cpp.hpp
-- Installing: /home/ahmed/colcon_ws/install/interfaces/lib/libinterfaces__rosidl_typesupport_fastrtps_cpp.so
-- Set non-toolchain portion of runtime path of "/home/ahmed/colcon_ws/install/interfaces/lib/libinterfaces__rosidl_typesupport_fastrtps_cpp.so" to ""
-- Up-to-date: /home/ahmed/colcon_ws/install/interfaces/include/interfaces/interfaces
-- Up-to-date: /home/ahmed/colcon_ws/install/interfaces/include/interfaces/interfaces/msg
-- Up-to-date: /home/ahmed/colcon_ws/install/interfaces/include/interfaces/interfaces/msg/detail
-- Installing: /home/ahmed/colcon_ws/install/interfaces/include/interfaces/interfaces/msg/detail/vehicle_status__rosidl_typesupport_introspection_cpp.hpp
-- Installing: /home/ahmed/colcon_ws/install/interfaces/include/interfaces/interfaces/msg/detail/bridge_status__rosidl_typesupport_introspection_cpp.hpp
-- Installing: /home/ahmed/colcon_ws/install/interfaces/include/interfaces/interfaces/msg/detail/safety_status__type_support.cpp
-- Installing: /home/ahmed/colcon_ws/install/interfaces/include/interfaces/interfaces/msg/detail/vehicle_status__type_support.cpp
-- Installing: /home/ahmed/colcon_ws/install/interfaces/include/interfaces/interfaces/msg/detail/bridge_status__type_support.cpp
-- Installing: /home/ahmed/colcon_ws/install/interfaces/include/interfaces/interfaces/msg/detail/safety_status__rosidl_typesupport_introspection_cpp.hpp
-- Installing: /home/ahmed/colcon_ws/install/interfaces/lib/libinterfaces__rosidl_typesupport_introspection_cpp.so
-- Set non-toolchain portion of runtime path of "/home/ahmed/colcon_ws/install/interfaces/lib/libinterfaces__rosidl_typesupport_introspection_cpp.so" to ""
-- Installing: /home/ahmed/colcon_ws/install/interfaces/lib/libinterfaces__rosidl_typesupport_cpp.so
-- Set non-toolchain portion of runtime path of "/home/ahmed/colcon_ws/install/interfaces/lib/libinterfaces__rosidl_typesupport_cpp.so" to ""
-- Installing: /home/ahmed/colcon_ws/install/interfaces/share/interfaces/environment/pythonpath.sh
-- Installing: /home/ahmed/colcon_ws/install/interfaces/share/interfaces/environment/pythonpath.dsv
-- Installing: /home/ahmed/colcon_ws/install/interfaces/lib/python3.12/site-packages/interfaces-0.0.1-py3.12.egg-info
-- Installing: /home/ahmed/colcon_ws/install/interfaces/lib/python3.12/site-packages/interfaces-0.0.1-py3.12.egg-info/top_level.txt
-- Installing: /home/ahmed/colcon_ws/install/interfaces/lib/python3.12/site-packages/interfaces-0.0.1-py3.12.egg-info/SOURCES.txt
-- Installing: /home/ahmed/colcon_ws/install/interfaces/lib/python3.12/site-packages/interfaces-0.0.1-py3.12.egg-info/dependency_links.txt
-- Installing: /home/ahmed/colcon_ws/install/interfaces/lib/python3.12/site-packages/interfaces-0.0.1-py3.12.egg-info/PKG-INFO
-- Installing: /home/ahmed/colcon_ws/install/interfaces/lib/python3.12/site-packages/interfaces
-- Installing: /home/ahmed/colcon_ws/install/interfaces/lib/python3.12/site-packages/interfaces/_interfaces_s.ep.rosidl_typesupport_fastrtps_c.c
-- Installing: /home/ahmed/colcon_ws/install/interfaces/lib/python3.12/site-packages/interfaces/_interfaces_s.ep.rosidl_typesupport_introspection_c.c
-- Installing: /home/ahmed/colcon_ws/install/interfaces/lib/python3.12/site-packages/interfaces/_interfaces_s.ep.rosidl_typesupport_c.c
-- Installing: /home/ahmed/colcon_ws/install/interfaces/lib/python3.12/site-packages/interfaces/msg
-- Installing: /home/ahmed/colcon_ws/install/interfaces/lib/python3.12/site-packages/interfaces/msg/_vehicle_status_s.c
-- Installing: /home/ahmed/colcon_ws/install/interfaces/lib/python3.12/site-packages/interfaces/msg/_safety_status.py
-- Installing: /home/ahmed/colcon_ws/install/interfaces/lib/python3.12/site-packages/interfaces/msg/_bridge_status.py
-- Installing: /home/ahmed/colcon_ws/install/interfaces/lib/python3.12/site-packages/interfaces/msg/_bridge_status_s.c
-- Installing: /home/ahmed/colcon_ws/install/interfaces/lib/python3.12/site-packages/interfaces/msg/__init__.py
-- Installing: /home/ahmed/colcon_ws/install/interfaces/lib/python3.12/site-packages/interfaces/msg/_safety_status_s.c
-- Installing: /home/ahmed/colcon_ws/install/interfaces/lib/python3.12/site-packages/interfaces/msg/_vehicle_status.py
-- Installing: /home/ahmed/colcon_ws/install/interfaces/lib/python3.12/site-packages/interfaces/interfaces_s__rosidl_typesupport_introspection_c.so
-- Installing: /home/ahmed/colcon_ws/install/interfaces/lib/python3.12/site-packages/interfaces/__init__.py
-- Installing: /home/ahmed/colcon_ws/install/interfaces/lib/python3.12/site-packages/interfaces/interfaces_s__rosidl_typesupport_c.so
-- Installing: /home/ahmed/colcon_ws/install/interfaces/lib/python3.12/site-packages/interfaces/interfaces_s__rosidl_typesupport_fastrtps_c.so
Listing '/home/ahmed/colcon_ws/install/interfaces/lib/python3.12/site-packages/interfaces'...
Compiling '/home/ahmed/colcon_ws/install/interfaces/lib/python3.12/site-packages/interfaces/__init__.py'...
Listing '/home/ahmed/colcon_ws/install/interfaces/lib/python3.12/site-packages/interfaces/msg'...
Compiling '/home/ahmed/colcon_ws/install/interfaces/lib/python3.12/site-packages/interfaces/msg/__init__.py'...
Compiling '/home/ahmed/colcon_ws/install/interfaces/lib/python3.12/site-packages/interfaces/msg/_bridge_status.py'...
Compiling '/home/ahmed/colcon_ws/install/interfaces/lib/python3.12/site-packages/interfaces/msg/_safety_status.py'...
Compiling '/home/ahmed/colcon_ws/install/interfaces/lib/python3.12/site-packages/interfaces/msg/_vehicle_status.py'...
-- Installing: /home/ahmed/colcon_ws/install/interfaces/lib/python3.12/site-packages/interfaces/interfaces_s__rosidl_typesupport_fastrtps_c.so
-- Set non-toolchain portion of runtime path of "/home/ahmed/colcon_ws/install/interfaces/lib/python3.12/site-packages/interfaces/interfaces_s__rosidl_typesupport_fastrtps_c.so" to ""
-- Installing: /home/ahmed/colcon_ws/install/interfaces/lib/python3.12/site-packages/interfaces/interfaces_s__rosidl_typesupport_introspection_c.so
-- Set non-toolchain portion of runtime path of "/home/ahmed/colcon_ws/install/interfaces/lib/python3.12/site-packages/interfaces/interfaces_s__rosidl_typesupport_introspection_c.so" to ""
-- Installing: /home/ahmed/colcon_ws/install/interfaces/lib/python3.12/site-packages/interfaces/interfaces_s__rosidl_typesupport_c.so
-- Set non-toolchain portion of runtime path of "/home/ahmed/colcon_ws/install/interfaces/lib/python3.12/site-packages/interfaces/interfaces_s__rosidl_typesupport_c.so" to ""
-- Installing: /home/ahmed/colcon_ws/install/interfaces/lib/libinterfaces__rosidl_generator_py.so
-- Set non-toolchain portion of runtime path of "/home/ahmed/colcon_ws/install/interfaces/lib/libinterfaces__rosidl_generator_py.so" to ""
-- Installing: /home/ahmed/colcon_ws/install/interfaces/share/interfaces/msg/VehicleStatus.idl
-- Installing: /home/ahmed/colcon_ws/install/interfaces/share/interfaces/msg/SafetyStatus.idl
-- Installing: /home/ahmed/colcon_ws/install/interfaces/share/interfaces/msg/BridgeStatus.idl
-- Installing: /home/ahmed/colcon_ws/install/interfaces/share/interfaces/msg/VehicleStatus.msg
-- Installing: /home/ahmed/colcon_ws/install/interfaces/share/interfaces/msg/SafetyStatus.msg
-- Installing: /home/ahmed/colcon_ws/install/interfaces/share/interfaces/msg/BridgeStatus.msg
-- Installing: /home/ahmed/colcon_ws/install/interfaces/share/ament_index/resource_index/package_run_dependencies/interfaces
-- Installing: /home/ahmed/colcon_ws/install/interfaces/share/ament_index/resource_index/parent_prefix_path/interfaces
-- Installing: /home/ahmed/colcon_ws/install/interfaces/share/interfaces/environment/ament_prefix_path.sh
-- Installing: /home/ahmed/colcon_ws/install/interfaces/share/interfaces/environment/ament_prefix_path.dsv
-- Installing: /home/ahmed/colcon_ws/install/interfaces/share/interfaces/environment/path.sh
-- Installing: /home/ahmed/colcon_ws/install/interfaces/share/interfaces/environment/path.dsv
-- Installing: /home/ahmed/colcon_ws/install/interfaces/share/interfaces/local_setup.bash
-- Installing: /home/ahmed/colcon_ws/install/interfaces/share/interfaces/local_setup.sh
-- Installing: /home/ahmed/colcon_ws/install/interfaces/share/interfaces/local_setup.zsh
-- Installing: /home/ahmed/colcon_ws/install/interfaces/share/interfaces/local_setup.dsv
-- Installing: /home/ahmed/colcon_ws/install/interfaces/share/interfaces/package.dsv
-- Installing: /home/ahmed/colcon_ws/install/interfaces/share/ament_index/resource_index/packages/interfaces
-- Installing: /home/ahmed/colcon_ws/install/interfaces/share/interfaces/cmake/export_interfaces__rosidl_generator_cExport.cmake
-- Installing: /home/ahmed/colcon_ws/install/interfaces/share/interfaces/cmake/export_interfaces__rosidl_generator_cExport-noconfig.cmake
-- Installing: /home/ahmed/colcon_ws/install/interfaces/share/interfaces/cmake/export_interfaces__rosidl_typesupport_fastrtps_cExport.cmake
-- Installing: /home/ahmed/colcon_ws/install/interfaces/share/interfaces/cmake/export_interfaces__rosidl_typesupport_fastrtps_cExport-noconfig.cmake
-- Installing: /home/ahmed/colcon_ws/install/interfaces/share/interfaces/cmake/interfaces__rosidl_typesupport_introspection_cExport.cmake
-- Installing: /home/ahmed/colcon_ws/install/interfaces/share/interfaces/cmake/interfaces__rosidl_typesupport_introspection_cExport-noconfig.cmake
-- Installing: /home/ahmed/colcon_ws/install/interfaces/share/interfaces/cmake/interfaces__rosidl_typesupport_cExport.cmake
-- Installing: /home/ahmed/colcon_ws/install/interfaces/share/interfaces/cmake/interfaces__rosidl_typesupport_cExport-noconfig.cmake
-- Installing: /home/ahmed/colcon_ws/install/interfaces/share/interfaces/cmake/export_interfaces__rosidl_generator_cppExport.cmake
-- Installing: /home/ahmed/colcon_ws/install/interfaces/share/interfaces/cmake/export_interfaces__rosidl_typesupport_fastrtps_cppExport.cmake
-- Installing: /home/ahmed/colcon_ws/install/interfaces/share/interfaces/cmake/export_interfaces__rosidl_typesupport_fastrtps_cppExport-noconfig.cmake
-- Installing: /home/ahmed/colcon_ws/install/interfaces/share/interfaces/cmake/interfaces__rosidl_typesupport_introspection_cppExport.cmake
-- Installing: /home/ahmed/colcon_ws/install/interfaces/share/interfaces/cmake/interfaces__rosidl_typesupport_introspection_cppExport-noconfig.cmake
-- Installing: /home/ahmed/colcon_ws/install/interfaces/share/interfaces/cmake/interfaces__rosidl_typesupport_cppExport.cmake
-- Installing: /home/ahmed/colcon_ws/install/interfaces/share/interfaces/cmake/interfaces__rosidl_typesupport_cppExport-noconfig.cmake
-- Installing: /home/ahmed/colcon_ws/install/interfaces/share/interfaces/cmake/export_interfaces__rosidl_generator_pyExport.cmake
-- Installing: /home/ahmed/colcon_ws/install/interfaces/share/interfaces/cmake/export_interfaces__rosidl_generator_pyExport-noconfig.cmake
-- Installing: /home/ahmed/colcon_ws/install/interfaces/share/interfaces/cmake/rosidl_cmake-extras.cmake
-- Installing: /home/ahmed/colcon_ws/install/interfaces/share/interfaces/cmake/ament_cmake_export_dependencies-extras.cmake
-- Installing: /home/ahmed/colcon_ws/install/interfaces/share/interfaces/cmake/ament_cmake_export_include_directories-extras.cmake
-- Installing: /home/ahmed/colcon_ws/install/interfaces/share/interfaces/cmake/ament_cmake_export_libraries-extras.cmake
-- Installing: /home/ahmed/colcon_ws/install/interfaces/share/interfaces/cmake/ament_cmake_export_targets-extras.cmake
-- Installing: /home/ahmed/colcon_ws/install/interfaces/share/interfaces/cmake/rosidl_cmake_export_typesupport_targets-extras.cmake
-- Installing: /home/ahmed/colcon_ws/install/interfaces/share/interfaces/cmake/rosidl_cmake_export_typesupport_libraries-extras.cmake
-- Installing: /home/ahmed/colcon_ws/install/interfaces/share/interfaces/cmake/interfacesConfig.cmake
-- Installing: /home/ahmed/colcon_ws/install/interfaces/share/interfaces/cmake/interfacesConfig-version.cmake
-- Installing: /home/ahmed/colcon_ws/install/interfaces/share/interfaces/package.xml
