[0.048s] Invoking command in '/home/ahmed/colcon_ws/build/interfaces': DEBUGINFOD_URLS=https://debuginfod.ubuntu.com /usr/bin/cmake /home/ahmed/colcon_ws/src/interfaces -DCATKIN_INSTALL_INTO_PREFIX_ROOT=0 -DCATKIN_SYMLINK_INSTALL=ON -DCMAKE_INSTALL_PREFIX=/home/ahmed/colcon_ws/install/interfaces
[1.001s] -- The C compiler identification is GNU 13.3.0
[1.611s] -- The CXX compiler identification is GNU 13.3.0
[1.655s] -- Detecting C compiler ABI info
[1.831s] -- Detecting C compiler ABI info - done
[1.843s] -- Check for working C compiler: /usr/bin/cc - skipped
[1.845s] -- Detecting C compile features
[1.845s] -- Detecting C compile features - done
[1.857s] -- Detecting CXX compiler ABI info
[1.971s] -- Detecting CXX compiler ABI info - done
[1.985s] -- Check for working CXX compiler: /usr/bin/c++ - skipped
[1.985s] -- Detecting CXX compile features
[1.985s] -- Detecting CXX compile features - done
[2.170s] -- Found ament_cmake: 2.5.5 (/opt/ros/jazzy/share/ament_cmake/cmake)
[2.424s] -- Found Python3: /usr/bin/python3 (found version "3.12.3") found components: Interpreter 
[2.959s] -- Found rosidl_default_generators: 1.6.0 (/opt/ros/jazzy/share/rosidl_default_generators/cmake)
[3.089s] -- Using all available rosidl_typesupport_c: rosidl_typesupport_fastrtps_c;rosidl_typesupport_introspection_c
[3.583s] -- Using all available rosidl_typesupport_cpp: rosidl_typesupport_fastrtps_cpp;rosidl_typesupport_introspection_cpp
[3.960s] -- Found rosidl_adapter: 4.6.7 (/opt/ros/jazzy/share/rosidl_adapter/cmake)
[4.019s] -- Found std_msgs: 5.3.6 (/opt/ros/jazzy/share/std_msgs/cmake)
[4.931s] -- Found ament_cmake_ros: 0.12.0 (/opt/ros/jazzy/share/ament_cmake_ros/cmake)
[5.644s] -- Using all available rosidl_typesupport_c: rosidl_typesupport_fastrtps_c;rosidl_typesupport_introspection_c
[6.315s] -- Using all available rosidl_typesupport_cpp: rosidl_typesupport_fastrtps_cpp;rosidl_typesupport_introspection_cpp
[6.350s] -- Found python_cmake_module: 0.11.1 (/opt/ros/jazzy/share/python_cmake_module/cmake)
[6.528s] -- Found PythonExtra: /usr/bin/python3  
[7.447s] -- Found Python3: /usr/bin/python3 (found version "3.12.3") found components: Interpreter Development NumPy Development.Module Development.Embed 
[7.587s] -- Configuring done (7.5s)
[7.659s] -- Generating done (0.1s)
[7.677s] [33mCMake Warning:
[7.677s]   Manually-specified variables were not used by the project:
[7.677s] 
[7.678s]     CATKIN_INSTALL_INTO_PREFIX_ROOT
[7.678s]     CATKIN_SYMLINK_INSTALL
[7.678s] 
[7.678s] [0m
[7.688s] -- Build files have been written to: /home/ahmed/colcon_ws/build/interfaces
[7.694s] Invoked command in '/home/ahmed/colcon_ws/build/interfaces' returned '0': DEBUGINFOD_URLS=https://debuginfod.ubuntu.com /usr/bin/cmake /home/ahmed/colcon_ws/src/interfaces -DCATKIN_INSTALL_INTO_PREFIX_ROOT=0 -DCATKIN_SYMLINK_INSTALL=ON -DCMAKE_INSTALL_PREFIX=/home/ahmed/colcon_ws/install/interfaces
[7.695s] Invoking command in '/home/ahmed/colcon_ws/build/interfaces': DEBUGINFOD_URLS=https://debuginfod.ubuntu.com /usr/bin/cmake --build /home/ahmed/colcon_ws/build/interfaces -- -j12 -l12
[7.743s] [  1%] [34m[1mGenerating type hashes for ROS interfaces[0m
[7.750s] [  1%] Built target ament_cmake_python_copy_interfaces
[8.033s] [  1%] Built target interfaces__rosidl_generator_type_description
[8.044s] [  3%] [34m[1mGenerating C code for ROS interfaces[0m
[8.054s] [  5%] [34m[1mGenerating C++ code for ROS interfaces[0m
[8.074s] running egg_info
[8.075s] creating interfaces.egg-info
[8.099s] writing interfaces.egg-info/PKG-INFO
[8.100s] writing dependency_links to interfaces.egg-info/dependency_links.txt
[8.100s] writing top-level names to interfaces.egg-info/top_level.txt
[8.100s] writing manifest file 'interfaces.egg-info/SOURCES.txt'
[8.183s] reading manifest file 'interfaces.egg-info/SOURCES.txt'
[8.184s] writing manifest file 'interfaces.egg-info/SOURCES.txt'
[8.208s] [  5%] Built target ament_cmake_python_build_interfaces_egg
[8.410s] [  5%] Built target interfaces__cpp
[8.452s] [  9%] [32mBuilding C object CMakeFiles/interfaces__rosidl_generator_c.dir/rosidl_generator_c/interfaces/msg/detail/vehicle_status__description.c.o[0m
[8.452s] [  9%] [32mBuilding C object CMakeFiles/interfaces__rosidl_generator_c.dir/rosidl_generator_c/interfaces/msg/detail/vehicle_status__functions.c.o[0m
[8.452s] [ 11%] [32mBuilding C object CMakeFiles/interfaces__rosidl_generator_c.dir/rosidl_generator_c/interfaces/msg/detail/bridge_status__type_support.c.o[0m
[8.453s] [ 12%] [32mBuilding C object CMakeFiles/interfaces__rosidl_generator_c.dir/rosidl_generator_c/interfaces/msg/detail/vehicle_status__type_support.c.o[0m
[8.455s] [ 14%] [32mBuilding C object CMakeFiles/interfaces__rosidl_generator_c.dir/rosidl_generator_c/interfaces/msg/detail/safety_status__description.c.o[0m
[8.455s] [ 16%] [32mBuilding C object CMakeFiles/interfaces__rosidl_generator_c.dir/rosidl_generator_c/interfaces/msg/detail/safety_status__functions.c.o[0m
[8.455s] [ 18%] [32mBuilding C object CMakeFiles/interfaces__rosidl_generator_c.dir/rosidl_generator_c/interfaces/msg/detail/safety_status__type_support.c.o[0m
[8.456s] [ 22%] [32mBuilding C object CMakeFiles/interfaces__rosidl_generator_c.dir/rosidl_generator_c/interfaces/msg/detail/bridge_status__functions.c.o[0m
[8.456s] [ 22%] [32mBuilding C object CMakeFiles/interfaces__rosidl_generator_c.dir/rosidl_generator_c/interfaces/msg/detail/bridge_status__description.c.o[0m
[9.065s] [ 24%] [32m[1mLinking C shared library libinterfaces__rosidl_generator_c.so[0m
[9.103s] [ 24%] Built target interfaces__rosidl_generator_c
[9.113s] [ 33%] [34m[1mGenerating C type support for eProsima Fast-RTPS[0m
[9.113s] [ 33%] [34m[1mGenerating C type support dispatch for ROS interfaces[0m
[9.113s] [ 33%] [34m[1mGenerating C++ type support for eProsima Fast-RTPS[0m
[9.113s] [ 33%] [34m[1mGenerating C++ type support dispatch for ROS interfaces[0m
[9.113s] [ 33%] [34m[1mGenerating C introspection for ROS interfaces[0m
[9.113s] [ 35%] [34m[1mGenerating C++ introspection for ROS interfaces[0m
[9.418s] [ 38%] [32mBuilding C object CMakeFiles/interfaces__rosidl_typesupport_introspection_c.dir/rosidl_typesupport_introspection_c/interfaces/msg/detail/bridge_status__type_support.c.o[0m
[9.418s] [ 38%] [32mBuilding C object CMakeFiles/interfaces__rosidl_typesupport_introspection_c.dir/rosidl_typesupport_introspection_c/interfaces/msg/detail/safety_status__type_support.c.o[0m
[9.423s] [ 40%] [32mBuilding C object CMakeFiles/interfaces__rosidl_typesupport_introspection_c.dir/rosidl_typesupport_introspection_c/interfaces/msg/detail/vehicle_status__type_support.c.o[0m
[9.429s] [ 46%] [32mBuilding CXX object CMakeFiles/interfaces__rosidl_typesupport_cpp.dir/rosidl_typesupport_cpp/interfaces/msg/safety_status__type_support.cpp.o[0m
[9.430s] [ 46%] [32mBuilding CXX object CMakeFiles/interfaces__rosidl_typesupport_cpp.dir/rosidl_typesupport_cpp/interfaces/msg/vehicle_status__type_support.cpp.o[0m
[9.431s] [ 50%] [32mBuilding CXX object CMakeFiles/interfaces__rosidl_typesupport_c.dir/rosidl_typesupport_c/interfaces/msg/safety_status__type_support.cpp.o[0m
[9.432s] [ 50%] [32mBuilding CXX object CMakeFiles/interfaces__rosidl_typesupport_c.dir/rosidl_typesupport_c/interfaces/msg/vehicle_status__type_support.cpp.o[0m
[9.433s] [ 50%] [32mBuilding CXX object CMakeFiles/interfaces__rosidl_typesupport_cpp.dir/rosidl_typesupport_cpp/interfaces/msg/bridge_status__type_support.cpp.o[0m
[9.434s] [ 51%] [32mBuilding CXX object CMakeFiles/interfaces__rosidl_typesupport_c.dir/rosidl_typesupport_c/interfaces/msg/bridge_status__type_support.cpp.o[0m
[9.496s] [ 57%] [32mBuilding CXX object CMakeFiles/interfaces__rosidl_typesupport_introspection_cpp.dir/rosidl_typesupport_introspection_cpp/interfaces/msg/detail/vehicle_status__type_support.cpp.o[0m
[9.496s] [ 57%] [32mBuilding CXX object CMakeFiles/interfaces__rosidl_typesupport_introspection_cpp.dir/rosidl_typesupport_introspection_cpp/interfaces/msg/detail/safety_status__type_support.cpp.o[0m
[9.496s] [ 57%] [32mBuilding CXX object CMakeFiles/interfaces__rosidl_typesupport_introspection_cpp.dir/rosidl_typesupport_introspection_cpp/interfaces/msg/detail/bridge_status__type_support.cpp.o[0m
[9.496s] [ 59%] [32m[1mLinking C shared library libinterfaces__rosidl_typesupport_introspection_c.so[0m
[9.560s] [ 61%] [32mBuilding CXX object CMakeFiles/interfaces__rosidl_typesupport_fastrtps_cpp.dir/rosidl_typesupport_fastrtps_cpp/interfaces/msg/detail/dds_fastrtps/vehicle_status__type_support.cpp.o[0m
[9.568s] [ 62%] [32mBuilding CXX object CMakeFiles/interfaces__rosidl_typesupport_fastrtps_c.dir/rosidl_typesupport_fastrtps_c/interfaces/msg/detail/vehicle_status__type_support_c.cpp.o[0m
[9.579s] [ 62%] Built target interfaces__rosidl_typesupport_introspection_c
[9.587s] [ 64%] [32mBuilding CXX object CMakeFiles/interfaces__rosidl_typesupport_fastrtps_c.dir/rosidl_typesupport_fastrtps_c/interfaces/msg/detail/safety_status__type_support_c.cpp.o[0m
[9.810s] [ 66%] [32mBuilding CXX object CMakeFiles/interfaces__rosidl_typesupport_fastrtps_c.dir/rosidl_typesupport_fastrtps_c/interfaces/msg/detail/bridge_status__type_support_c.cpp.o[0m
[9.826s] [ 68%] [32m[1mLinking CXX shared library libinterfaces__rosidl_typesupport_c.so[0m
[9.827s] [ 70%] [32mBuilding CXX object CMakeFiles/interfaces__rosidl_typesupport_fastrtps_cpp.dir/rosidl_typesupport_fastrtps_cpp/interfaces/msg/detail/dds_fastrtps/safety_status__type_support.cpp.o[0m
[9.943s] [ 70%] Built target interfaces__rosidl_typesupport_c
[9.952s] [ 72%] [32mBuilding CXX object CMakeFiles/interfaces__rosidl_typesupport_fastrtps_cpp.dir/rosidl_typesupport_fastrtps_cpp/interfaces/msg/detail/dds_fastrtps/bridge_status__type_support.cpp.o[0m
[10.671s] [ 74%] [32m[1mLinking CXX shared library libinterfaces__rosidl_typesupport_cpp.so[0m
[10.676s] [ 75%] [32m[1mLinking CXX shared library libinterfaces__rosidl_typesupport_introspection_cpp.so[0m
[10.734s] [ 75%] Built target interfaces__rosidl_typesupport_cpp
[10.753s] [ 75%] Built target interfaces__rosidl_typesupport_introspection_cpp
[10.856s] [ 77%] [32m[1mLinking CXX shared library libinterfaces__rosidl_typesupport_fastrtps_cpp.so[0m
[10.879s] [ 79%] [32m[1mLinking CXX shared library libinterfaces__rosidl_typesupport_fastrtps_c.so[0m
[10.942s] [ 79%] Built target interfaces__rosidl_typesupport_fastrtps_cpp
[10.966s] [ 79%] Built target interfaces__rosidl_typesupport_fastrtps_c
[10.985s] [ 79%] Built target interfaces
[11.004s] [ 81%] [34m[1mGenerating Python code for ROS interfaces[0m
[11.507s] [ 81%] Built target interfaces__py
[11.525s] [ 85%] [32mBuilding C object CMakeFiles/interfaces__rosidl_generator_py.dir/rosidl_generator_py/interfaces/msg/_safety_status_s.c.o[0m
[11.525s] [ 85%] [32mBuilding C object CMakeFiles/interfaces__rosidl_generator_py.dir/rosidl_generator_py/interfaces/msg/_bridge_status_s.c.o[0m
[11.525s] [ 87%] [32mBuilding C object CMakeFiles/interfaces__rosidl_generator_py.dir/rosidl_generator_py/interfaces/msg/_vehicle_status_s.c.o[0m
[12.173s] [ 88%] [32m[1mLinking C shared library libinterfaces__rosidl_generator_py.so[0m
[12.241s] [ 88%] Built target interfaces__rosidl_generator_py
[12.261s] [ 94%] [32mBuilding C object CMakeFiles/interfaces_s__rosidl_typesupport_introspection_c.dir/rosidl_generator_py/interfaces/_interfaces_s.ep.rosidl_typesupport_introspection_c.c.o[0m
[12.261s] [ 94%] [32mBuilding C object CMakeFiles/interfaces_s__rosidl_typesupport_fastrtps_c.dir/rosidl_generator_py/interfaces/_interfaces_s.ep.rosidl_typesupport_fastrtps_c.c.o[0m
[12.261s] [ 94%] [32mBuilding C object CMakeFiles/interfaces_s__rosidl_typesupport_c.dir/rosidl_generator_py/interfaces/_interfaces_s.ep.rosidl_typesupport_c.c.o[0m
[12.363s] [ 98%] [32m[1mLinking C shared module rosidl_generator_py/interfaces/interfaces_s__rosidl_typesupport_introspection_c.so[0m
[12.363s] [ 98%] [32m[1mLinking C shared module rosidl_generator_py/interfaces/interfaces_s__rosidl_typesupport_c.so[0m
[12.365s] [100%] [32m[1mLinking C shared module rosidl_generator_py/interfaces/interfaces_s__rosidl_typesupport_fastrtps_c.so[0m
[12.391s] [100%] Built target interfaces_s__rosidl_typesupport_c
[12.391s] [100%] Built target interfaces_s__rosidl_typesupport_introspection_c
[12.391s] [100%] Built target interfaces_s__rosidl_typesupport_fastrtps_c
[12.402s] Invoked command in '/home/ahmed/colcon_ws/build/interfaces' returned '0': DEBUGINFOD_URLS=https://debuginfod.ubuntu.com /usr/bin/cmake --build /home/ahmed/colcon_ws/build/interfaces -- -j12 -l12
[12.410s] Invoking command in '/home/ahmed/colcon_ws/build/interfaces': DEBUGINFOD_URLS=https://debuginfod.ubuntu.com /usr/bin/cmake --install /home/ahmed/colcon_ws/build/interfaces
[12.418s] -- Install configuration: ""
[12.418s] -- Installing: /home/ahmed/colcon_ws/install/interfaces/share/ament_index/resource_index/rosidl_interfaces/interfaces
[12.418s] -- Installing: /home/ahmed/colcon_ws/install/interfaces/share/interfaces/msg/VehicleStatus.json
[12.418s] -- Installing: /home/ahmed/colcon_ws/install/interfaces/share/interfaces/msg/SafetyStatus.json
[12.418s] -- Installing: /home/ahmed/colcon_ws/install/interfaces/share/interfaces/msg/BridgeStatus.json
[12.418s] -- Installing: /home/ahmed/colcon_ws/install/interfaces/include/interfaces/interfaces
[12.418s] -- Installing: /home/ahmed/colcon_ws/install/interfaces/include/interfaces/interfaces/msg
[12.418s] -- Installing: /home/ahmed/colcon_ws/install/interfaces/include/interfaces/interfaces/msg/detail
[12.418s] -- Installing: /home/ahmed/colcon_ws/install/interfaces/include/interfaces/interfaces/msg/detail/vehicle_status__description.c
[12.418s] -- Installing: /home/ahmed/colcon_ws/install/interfaces/include/interfaces/interfaces/msg/detail/safety_status__struct.h
[12.418s] -- Installing: /home/ahmed/colcon_ws/install/interfaces/include/interfaces/interfaces/msg/detail/safety_status__description.c
[12.419s] -- Installing: /home/ahmed/colcon_ws/install/interfaces/include/interfaces/interfaces/msg/detail/bridge_status__functions.c
[12.419s] -- Installing: /home/ahmed/colcon_ws/install/interfaces/include/interfaces/interfaces/msg/detail/bridge_status__type_support.c
[12.419s] -- Installing: /home/ahmed/colcon_ws/install/interfaces/include/interfaces/interfaces/msg/detail/vehicle_status__type_support.h
[12.419s] -- Installing: /home/ahmed/colcon_ws/install/interfaces/include/interfaces/interfaces/msg/detail/safety_status__functions.c
[12.419s] -- Installing: /home/ahmed/colcon_ws/install/interfaces/include/interfaces/interfaces/msg/detail/bridge_status__functions.h
[12.419s] -- Installing: /home/ahmed/colcon_ws/install/interfaces/include/interfaces/interfaces/msg/detail/vehicle_status__type_support.c
[12.419s] -- Installing: /home/ahmed/colcon_ws/install/interfaces/include/interfaces/interfaces/msg/detail/safety_status__functions.h
[12.419s] -- Installing: /home/ahmed/colcon_ws/install/interfaces/include/interfaces/interfaces/msg/detail/safety_status__type_support.c
[12.419s] -- Installing: /home/ahmed/colcon_ws/install/interfaces/include/interfaces/interfaces/msg/detail/vehicle_status__struct.h
[12.419s] -- Installing: /home/ahmed/colcon_ws/install/interfaces/include/interfaces/interfaces/msg/detail/bridge_status__struct.h
[12.420s] -- Installing: /home/ahmed/colcon_ws/install/interfaces/include/interfaces/interfaces/msg/detail/bridge_status__description.c
[12.420s] -- Installing: /home/ahmed/colcon_ws/install/interfaces/include/interfaces/interfaces/msg/detail/vehicle_status__functions.h
[12.420s] -- Installing: /home/ahmed/colcon_ws/install/interfaces/include/interfaces/interfaces/msg/detail/bridge_status__type_support.h
[12.420s] -- Installing: /home/ahmed/colcon_ws/install/interfaces/include/interfaces/interfaces/msg/detail/safety_status__type_support.h
[12.420s] -- Installing: /home/ahmed/colcon_ws/install/interfaces/include/interfaces/interfaces/msg/detail/vehicle_status__functions.c
[12.420s] -- Installing: /home/ahmed/colcon_ws/install/interfaces/include/interfaces/interfaces/msg/bridge_status.h
[12.420s] -- Installing: /home/ahmed/colcon_ws/install/interfaces/include/interfaces/interfaces/msg/rosidl_generator_c__visibility_control.h
[12.420s] -- Installing: /home/ahmed/colcon_ws/install/interfaces/include/interfaces/interfaces/msg/safety_status.h
[12.420s] -- Installing: /home/ahmed/colcon_ws/install/interfaces/include/interfaces/interfaces/msg/vehicle_status.h
[12.420s] -- Installing: /home/ahmed/colcon_ws/install/interfaces/share/interfaces/environment/library_path.sh
[12.420s] -- Installing: /home/ahmed/colcon_ws/install/interfaces/share/interfaces/environment/library_path.dsv
[12.420s] -- Installing: /home/ahmed/colcon_ws/install/interfaces/lib/libinterfaces__rosidl_generator_c.so
[12.421s] -- Set non-toolchain portion of runtime path of "/home/ahmed/colcon_ws/install/interfaces/lib/libinterfaces__rosidl_generator_c.so" to ""
[12.421s] -- Up-to-date: /home/ahmed/colcon_ws/install/interfaces/include/interfaces/interfaces
[12.421s] -- Up-to-date: /home/ahmed/colcon_ws/install/interfaces/include/interfaces/interfaces/msg
[12.421s] -- Up-to-date: /home/ahmed/colcon_ws/install/interfaces/include/interfaces/interfaces/msg/detail
[12.421s] -- Installing: /home/ahmed/colcon_ws/install/interfaces/include/interfaces/interfaces/msg/detail/vehicle_status__rosidl_typesupport_fastrtps_c.h
[12.421s] -- Installing: /home/ahmed/colcon_ws/install/interfaces/include/interfaces/interfaces/msg/detail/safety_status__rosidl_typesupport_fastrtps_c.h
[12.421s] -- Installing: /home/ahmed/colcon_ws/install/interfaces/include/interfaces/interfaces/msg/detail/bridge_status__rosidl_typesupport_fastrtps_c.h
[12.421s] -- Installing: /home/ahmed/colcon_ws/install/interfaces/include/interfaces/interfaces/msg/rosidl_typesupport_fastrtps_c__visibility_control.h
[12.421s] -- Installing: /home/ahmed/colcon_ws/install/interfaces/lib/libinterfaces__rosidl_typesupport_fastrtps_c.so
[12.421s] -- Set non-toolchain portion of runtime path of "/home/ahmed/colcon_ws/install/interfaces/lib/libinterfaces__rosidl_typesupport_fastrtps_c.so" to ""
[12.421s] -- Up-to-date: /home/ahmed/colcon_ws/install/interfaces/include/interfaces/interfaces
[12.422s] -- Up-to-date: /home/ahmed/colcon_ws/install/interfaces/include/interfaces/interfaces/msg
[12.422s] -- Up-to-date: /home/ahmed/colcon_ws/install/interfaces/include/interfaces/interfaces/msg/detail
[12.422s] -- Installing: /home/ahmed/colcon_ws/install/interfaces/include/interfaces/interfaces/msg/detail/bridge_status__rosidl_typesupport_introspection_c.h
[12.422s] -- Installing: /home/ahmed/colcon_ws/install/interfaces/include/interfaces/interfaces/msg/detail/bridge_status__type_support.c
[12.422s] -- Installing: /home/ahmed/colcon_ws/install/interfaces/include/interfaces/interfaces/msg/detail/vehicle_status__type_support.c
[12.422s] -- Installing: /home/ahmed/colcon_ws/install/interfaces/include/interfaces/interfaces/msg/detail/safety_status__type_support.c
[12.422s] -- Installing: /home/ahmed/colcon_ws/install/interfaces/include/interfaces/interfaces/msg/detail/safety_status__rosidl_typesupport_introspection_c.h
[12.422s] -- Installing: /home/ahmed/colcon_ws/install/interfaces/include/interfaces/interfaces/msg/detail/vehicle_status__rosidl_typesupport_introspection_c.h
[12.422s] -- Installing: /home/ahmed/colcon_ws/install/interfaces/include/interfaces/interfaces/msg/rosidl_typesupport_introspection_c__visibility_control.h
[12.422s] -- Installing: /home/ahmed/colcon_ws/install/interfaces/lib/libinterfaces__rosidl_typesupport_introspection_c.so
[12.422s] -- Set non-toolchain portion of runtime path of "/home/ahmed/colcon_ws/install/interfaces/lib/libinterfaces__rosidl_typesupport_introspection_c.so" to ""
[12.423s] -- Installing: /home/ahmed/colcon_ws/install/interfaces/lib/libinterfaces__rosidl_typesupport_c.so
[12.423s] -- Set non-toolchain portion of runtime path of "/home/ahmed/colcon_ws/install/interfaces/lib/libinterfaces__rosidl_typesupport_c.so" to ""
[12.423s] -- Up-to-date: /home/ahmed/colcon_ws/install/interfaces/include/interfaces/interfaces
[12.423s] -- Up-to-date: /home/ahmed/colcon_ws/install/interfaces/include/interfaces/interfaces/msg
[12.423s] -- Up-to-date: /home/ahmed/colcon_ws/install/interfaces/include/interfaces/interfaces/msg/detail
[12.423s] -- Installing: /home/ahmed/colcon_ws/install/interfaces/include/interfaces/interfaces/msg/detail/bridge_status__struct.hpp
[12.423s] -- Installing: /home/ahmed/colcon_ws/install/interfaces/include/interfaces/interfaces/msg/detail/bridge_status__traits.hpp
[12.423s] -- Installing: /home/ahmed/colcon_ws/install/interfaces/include/interfaces/interfaces/msg/detail/safety_status__type_support.hpp
[12.423s] -- Installing: /home/ahmed/colcon_ws/install/interfaces/include/interfaces/interfaces/msg/detail/vehicle_status__traits.hpp
[12.423s] -- Installing: /home/ahmed/colcon_ws/install/interfaces/include/interfaces/interfaces/msg/detail/safety_status__builder.hpp
[12.423s] -- Installing: /home/ahmed/colcon_ws/install/interfaces/include/interfaces/interfaces/msg/detail/vehicle_status__type_support.hpp
[12.424s] -- Installing: /home/ahmed/colcon_ws/install/interfaces/include/interfaces/interfaces/msg/detail/bridge_status__type_support.hpp
[12.424s] -- Installing: /home/ahmed/colcon_ws/install/interfaces/include/interfaces/interfaces/msg/detail/vehicle_status__builder.hpp
[12.424s] -- Installing: /home/ahmed/colcon_ws/install/interfaces/include/interfaces/interfaces/msg/detail/safety_status__traits.hpp
[12.424s] -- Installing: /home/ahmed/colcon_ws/install/interfaces/include/interfaces/interfaces/msg/detail/bridge_status__builder.hpp
[12.424s] -- Installing: /home/ahmed/colcon_ws/install/interfaces/include/interfaces/interfaces/msg/detail/safety_status__struct.hpp
[12.424s] -- Installing: /home/ahmed/colcon_ws/install/interfaces/include/interfaces/interfaces/msg/detail/vehicle_status__struct.hpp
[12.424s] -- Installing: /home/ahmed/colcon_ws/install/interfaces/include/interfaces/interfaces/msg/safety_status.hpp
[12.424s] -- Installing: /home/ahmed/colcon_ws/install/interfaces/include/interfaces/interfaces/msg/vehicle_status.hpp
[12.424s] -- Installing: /home/ahmed/colcon_ws/install/interfaces/include/interfaces/interfaces/msg/rosidl_generator_cpp__visibility_control.hpp
[12.424s] -- Installing: /home/ahmed/colcon_ws/install/interfaces/include/interfaces/interfaces/msg/bridge_status.hpp
[12.424s] -- Up-to-date: /home/ahmed/colcon_ws/install/interfaces/include/interfaces/interfaces
[12.425s] -- Up-to-date: /home/ahmed/colcon_ws/install/interfaces/include/interfaces/interfaces/msg
[12.425s] -- Installing: /home/ahmed/colcon_ws/install/interfaces/include/interfaces/interfaces/msg/rosidl_typesupport_fastrtps_cpp__visibility_control.h
[12.425s] -- Up-to-date: /home/ahmed/colcon_ws/install/interfaces/include/interfaces/interfaces/msg/detail
[12.425s] -- Installing: /home/ahmed/colcon_ws/install/interfaces/include/interfaces/interfaces/msg/detail/dds_fastrtps
[12.425s] -- Installing: /home/ahmed/colcon_ws/install/interfaces/include/interfaces/interfaces/msg/detail/bridge_status__rosidl_typesupport_fastrtps_cpp.hpp
[12.425s] -- Installing: /home/ahmed/colcon_ws/install/interfaces/include/interfaces/interfaces/msg/detail/safety_status__rosidl_typesupport_fastrtps_cpp.hpp
[12.425s] -- Installing: /home/ahmed/colcon_ws/install/interfaces/include/interfaces/interfaces/msg/detail/vehicle_status__rosidl_typesupport_fastrtps_cpp.hpp
[12.425s] -- Installing: /home/ahmed/colcon_ws/install/interfaces/lib/libinterfaces__rosidl_typesupport_fastrtps_cpp.so
[12.425s] -- Set non-toolchain portion of runtime path of "/home/ahmed/colcon_ws/install/interfaces/lib/libinterfaces__rosidl_typesupport_fastrtps_cpp.so" to ""
[12.425s] -- Up-to-date: /home/ahmed/colcon_ws/install/interfaces/include/interfaces/interfaces
[12.425s] -- Up-to-date: /home/ahmed/colcon_ws/install/interfaces/include/interfaces/interfaces/msg
[12.426s] -- Up-to-date: /home/ahmed/colcon_ws/install/interfaces/include/interfaces/interfaces/msg/detail
[12.426s] -- Installing: /home/ahmed/colcon_ws/install/interfaces/include/interfaces/interfaces/msg/detail/vehicle_status__rosidl_typesupport_introspection_cpp.hpp
[12.426s] -- Installing: /home/ahmed/colcon_ws/install/interfaces/include/interfaces/interfaces/msg/detail/bridge_status__rosidl_typesupport_introspection_cpp.hpp
[12.426s] -- Installing: /home/ahmed/colcon_ws/install/interfaces/include/interfaces/interfaces/msg/detail/safety_status__type_support.cpp
[12.426s] -- Installing: /home/ahmed/colcon_ws/install/interfaces/include/interfaces/interfaces/msg/detail/vehicle_status__type_support.cpp
[12.426s] -- Installing: /home/ahmed/colcon_ws/install/interfaces/include/interfaces/interfaces/msg/detail/bridge_status__type_support.cpp
[12.426s] -- Installing: /home/ahmed/colcon_ws/install/interfaces/include/interfaces/interfaces/msg/detail/safety_status__rosidl_typesupport_introspection_cpp.hpp
[12.426s] -- Installing: /home/ahmed/colcon_ws/install/interfaces/lib/libinterfaces__rosidl_typesupport_introspection_cpp.so
[12.426s] -- Set non-toolchain portion of runtime path of "/home/ahmed/colcon_ws/install/interfaces/lib/libinterfaces__rosidl_typesupport_introspection_cpp.so" to ""
[12.426s] -- Installing: /home/ahmed/colcon_ws/install/interfaces/lib/libinterfaces__rosidl_typesupport_cpp.so
[12.426s] -- Set non-toolchain portion of runtime path of "/home/ahmed/colcon_ws/install/interfaces/lib/libinterfaces__rosidl_typesupport_cpp.so" to ""
[12.426s] -- Installing: /home/ahmed/colcon_ws/install/interfaces/share/interfaces/environment/pythonpath.sh
[12.427s] -- Installing: /home/ahmed/colcon_ws/install/interfaces/share/interfaces/environment/pythonpath.dsv
[12.427s] -- Installing: /home/ahmed/colcon_ws/install/interfaces/lib/python3.12/site-packages/interfaces-0.0.1-py3.12.egg-info
[12.427s] -- Installing: /home/ahmed/colcon_ws/install/interfaces/lib/python3.12/site-packages/interfaces-0.0.1-py3.12.egg-info/top_level.txt
[12.427s] -- Installing: /home/ahmed/colcon_ws/install/interfaces/lib/python3.12/site-packages/interfaces-0.0.1-py3.12.egg-info/SOURCES.txt
[12.427s] -- Installing: /home/ahmed/colcon_ws/install/interfaces/lib/python3.12/site-packages/interfaces-0.0.1-py3.12.egg-info/dependency_links.txt
[12.427s] -- Installing: /home/ahmed/colcon_ws/install/interfaces/lib/python3.12/site-packages/interfaces-0.0.1-py3.12.egg-info/PKG-INFO
[12.427s] -- Installing: /home/ahmed/colcon_ws/install/interfaces/lib/python3.12/site-packages/interfaces
[12.427s] -- Installing: /home/ahmed/colcon_ws/install/interfaces/lib/python3.12/site-packages/interfaces/_interfaces_s.ep.rosidl_typesupport_fastrtps_c.c
[12.427s] -- Installing: /home/ahmed/colcon_ws/install/interfaces/lib/python3.12/site-packages/interfaces/_interfaces_s.ep.rosidl_typesupport_introspection_c.c
[12.427s] -- Installing: /home/ahmed/colcon_ws/install/interfaces/lib/python3.12/site-packages/interfaces/_interfaces_s.ep.rosidl_typesupport_c.c
[12.428s] -- Installing: /home/ahmed/colcon_ws/install/interfaces/lib/python3.12/site-packages/interfaces/msg
[12.428s] -- Installing: /home/ahmed/colcon_ws/install/interfaces/lib/python3.12/site-packages/interfaces/msg/_vehicle_status_s.c
[12.428s] -- Installing: /home/ahmed/colcon_ws/install/interfaces/lib/python3.12/site-packages/interfaces/msg/_safety_status.py
[12.428s] -- Installing: /home/ahmed/colcon_ws/install/interfaces/lib/python3.12/site-packages/interfaces/msg/_bridge_status.py
[12.428s] -- Installing: /home/ahmed/colcon_ws/install/interfaces/lib/python3.12/site-packages/interfaces/msg/_bridge_status_s.c
[12.428s] -- Installing: /home/ahmed/colcon_ws/install/interfaces/lib/python3.12/site-packages/interfaces/msg/__init__.py
[12.428s] -- Installing: /home/ahmed/colcon_ws/install/interfaces/lib/python3.12/site-packages/interfaces/msg/_safety_status_s.c
[12.428s] -- Installing: /home/ahmed/colcon_ws/install/interfaces/lib/python3.12/site-packages/interfaces/msg/_vehicle_status.py
[12.428s] -- Installing: /home/ahmed/colcon_ws/install/interfaces/lib/python3.12/site-packages/interfaces/interfaces_s__rosidl_typesupport_introspection_c.so
[12.428s] -- Installing: /home/ahmed/colcon_ws/install/interfaces/lib/python3.12/site-packages/interfaces/__init__.py
[12.428s] -- Installing: /home/ahmed/colcon_ws/install/interfaces/lib/python3.12/site-packages/interfaces/interfaces_s__rosidl_typesupport_c.so
[12.428s] -- Installing: /home/ahmed/colcon_ws/install/interfaces/lib/python3.12/site-packages/interfaces/interfaces_s__rosidl_typesupport_fastrtps_c.so
[12.489s] Listing '/home/ahmed/colcon_ws/install/interfaces/lib/python3.12/site-packages/interfaces'...
[12.489s] Compiling '/home/ahmed/colcon_ws/install/interfaces/lib/python3.12/site-packages/interfaces/__init__.py'...
[12.489s] Listing '/home/ahmed/colcon_ws/install/interfaces/lib/python3.12/site-packages/interfaces/msg'...
[12.489s] Compiling '/home/ahmed/colcon_ws/install/interfaces/lib/python3.12/site-packages/interfaces/msg/__init__.py'...
[12.490s] Compiling '/home/ahmed/colcon_ws/install/interfaces/lib/python3.12/site-packages/interfaces/msg/_bridge_status.py'...
[12.490s] Compiling '/home/ahmed/colcon_ws/install/interfaces/lib/python3.12/site-packages/interfaces/msg/_safety_status.py'...
[12.490s] Compiling '/home/ahmed/colcon_ws/install/interfaces/lib/python3.12/site-packages/interfaces/msg/_vehicle_status.py'...
[12.495s] -- Installing: /home/ahmed/colcon_ws/install/interfaces/lib/python3.12/site-packages/interfaces/interfaces_s__rosidl_typesupport_fastrtps_c.so
[12.495s] -- Set non-toolchain portion of runtime path of "/home/ahmed/colcon_ws/install/interfaces/lib/python3.12/site-packages/interfaces/interfaces_s__rosidl_typesupport_fastrtps_c.so" to ""
[12.495s] -- Installing: /home/ahmed/colcon_ws/install/interfaces/lib/python3.12/site-packages/interfaces/interfaces_s__rosidl_typesupport_introspection_c.so
[12.495s] -- Set non-toolchain portion of runtime path of "/home/ahmed/colcon_ws/install/interfaces/lib/python3.12/site-packages/interfaces/interfaces_s__rosidl_typesupport_introspection_c.so" to ""
[12.495s] -- Installing: /home/ahmed/colcon_ws/install/interfaces/lib/python3.12/site-packages/interfaces/interfaces_s__rosidl_typesupport_c.so
[12.496s] -- Set non-toolchain portion of runtime path of "/home/ahmed/colcon_ws/install/interfaces/lib/python3.12/site-packages/interfaces/interfaces_s__rosidl_typesupport_c.so" to ""
[12.496s] -- Installing: /home/ahmed/colcon_ws/install/interfaces/lib/libinterfaces__rosidl_generator_py.so
[12.496s] -- Set non-toolchain portion of runtime path of "/home/ahmed/colcon_ws/install/interfaces/lib/libinterfaces__rosidl_generator_py.so" to ""
[12.496s] -- Installing: /home/ahmed/colcon_ws/install/interfaces/share/interfaces/msg/VehicleStatus.idl
[12.496s] -- Installing: /home/ahmed/colcon_ws/install/interfaces/share/interfaces/msg/SafetyStatus.idl
[12.496s] -- Installing: /home/ahmed/colcon_ws/install/interfaces/share/interfaces/msg/BridgeStatus.idl
[12.496s] -- Installing: /home/ahmed/colcon_ws/install/interfaces/share/interfaces/msg/VehicleStatus.msg
[12.496s] -- Installing: /home/ahmed/colcon_ws/install/interfaces/share/interfaces/msg/SafetyStatus.msg
[12.497s] -- Installing: /home/ahmed/colcon_ws/install/interfaces/share/interfaces/msg/BridgeStatus.msg
[12.497s] -- Installing: /home/ahmed/colcon_ws/install/interfaces/share/ament_index/resource_index/package_run_dependencies/interfaces
[12.497s] -- Installing: /home/ahmed/colcon_ws/install/interfaces/share/ament_index/resource_index/parent_prefix_path/interfaces
[12.497s] -- Installing: /home/ahmed/colcon_ws/install/interfaces/share/interfaces/environment/ament_prefix_path.sh
[12.497s] -- Installing: /home/ahmed/colcon_ws/install/interfaces/share/interfaces/environment/ament_prefix_path.dsv
[12.497s] -- Installing: /home/ahmed/colcon_ws/install/interfaces/share/interfaces/environment/path.sh
[12.497s] -- Installing: /home/ahmed/colcon_ws/install/interfaces/share/interfaces/environment/path.dsv
[12.497s] -- Installing: /home/ahmed/colcon_ws/install/interfaces/share/interfaces/local_setup.bash
[12.497s] -- Installing: /home/ahmed/colcon_ws/install/interfaces/share/interfaces/local_setup.sh
[12.497s] -- Installing: /home/ahmed/colcon_ws/install/interfaces/share/interfaces/local_setup.zsh
[12.497s] -- Installing: /home/ahmed/colcon_ws/install/interfaces/share/interfaces/local_setup.dsv
[12.498s] -- Installing: /home/ahmed/colcon_ws/install/interfaces/share/interfaces/package.dsv
[12.498s] -- Installing: /home/ahmed/colcon_ws/install/interfaces/share/ament_index/resource_index/packages/interfaces
[12.498s] -- Installing: /home/ahmed/colcon_ws/install/interfaces/share/interfaces/cmake/export_interfaces__rosidl_generator_cExport.cmake
[12.498s] -- Installing: /home/ahmed/colcon_ws/install/interfaces/share/interfaces/cmake/export_interfaces__rosidl_generator_cExport-noconfig.cmake
[12.498s] -- Installing: /home/ahmed/colcon_ws/install/interfaces/share/interfaces/cmake/export_interfaces__rosidl_typesupport_fastrtps_cExport.cmake
[12.498s] -- Installing: /home/ahmed/colcon_ws/install/interfaces/share/interfaces/cmake/export_interfaces__rosidl_typesupport_fastrtps_cExport-noconfig.cmake
[12.498s] -- Installing: /home/ahmed/colcon_ws/install/interfaces/share/interfaces/cmake/interfaces__rosidl_typesupport_introspection_cExport.cmake
[12.498s] -- Installing: /home/ahmed/colcon_ws/install/interfaces/share/interfaces/cmake/interfaces__rosidl_typesupport_introspection_cExport-noconfig.cmake
[12.498s] -- Installing: /home/ahmed/colcon_ws/install/interfaces/share/interfaces/cmake/interfaces__rosidl_typesupport_cExport.cmake
[12.499s] -- Installing: /home/ahmed/colcon_ws/install/interfaces/share/interfaces/cmake/interfaces__rosidl_typesupport_cExport-noconfig.cmake
[12.499s] -- Installing: /home/ahmed/colcon_ws/install/interfaces/share/interfaces/cmake/export_interfaces__rosidl_generator_cppExport.cmake
[12.499s] -- Installing: /home/ahmed/colcon_ws/install/interfaces/share/interfaces/cmake/export_interfaces__rosidl_typesupport_fastrtps_cppExport.cmake
[12.499s] -- Installing: /home/ahmed/colcon_ws/install/interfaces/share/interfaces/cmake/export_interfaces__rosidl_typesupport_fastrtps_cppExport-noconfig.cmake
[12.499s] -- Installing: /home/ahmed/colcon_ws/install/interfaces/share/interfaces/cmake/interfaces__rosidl_typesupport_introspection_cppExport.cmake
[12.499s] -- Installing: /home/ahmed/colcon_ws/install/interfaces/share/interfaces/cmake/interfaces__rosidl_typesupport_introspection_cppExport-noconfig.cmake
[12.499s] -- Installing: /home/ahmed/colcon_ws/install/interfaces/share/interfaces/cmake/interfaces__rosidl_typesupport_cppExport.cmake
[12.499s] -- Installing: /home/ahmed/colcon_ws/install/interfaces/share/interfaces/cmake/interfaces__rosidl_typesupport_cppExport-noconfig.cmake
[12.500s] -- Installing: /home/ahmed/colcon_ws/install/interfaces/share/interfaces/cmake/export_interfaces__rosidl_generator_pyExport.cmake
[12.500s] -- Installing: /home/ahmed/colcon_ws/install/interfaces/share/interfaces/cmake/export_interfaces__rosidl_generator_pyExport-noconfig.cmake
[12.500s] -- Installing: /home/ahmed/colcon_ws/install/interfaces/share/interfaces/cmake/rosidl_cmake-extras.cmake
[12.500s] -- Installing: /home/ahmed/colcon_ws/install/interfaces/share/interfaces/cmake/ament_cmake_export_dependencies-extras.cmake
[12.500s] -- Installing: /home/ahmed/colcon_ws/install/interfaces/share/interfaces/cmake/ament_cmake_export_include_directories-extras.cmake
[12.500s] -- Installing: /home/ahmed/colcon_ws/install/interfaces/share/interfaces/cmake/ament_cmake_export_libraries-extras.cmake
[12.500s] -- Installing: /home/ahmed/colcon_ws/install/interfaces/share/interfaces/cmake/ament_cmake_export_targets-extras.cmake
[12.500s] -- Installing: /home/ahmed/colcon_ws/install/interfaces/share/interfaces/cmake/rosidl_cmake_export_typesupport_targets-extras.cmake
[12.500s] -- Installing: /home/ahmed/colcon_ws/install/interfaces/share/interfaces/cmake/rosidl_cmake_export_typesupport_libraries-extras.cmake
[12.500s] -- Installing: /home/ahmed/colcon_ws/install/interfaces/share/interfaces/cmake/interfacesConfig.cmake
[12.501s] -- Installing: /home/ahmed/colcon_ws/install/interfaces/share/interfaces/cmake/interfacesConfig-version.cmake
[12.501s] -- Installing: /home/ahmed/colcon_ws/install/interfaces/share/interfaces/package.xml
[12.502s] Invoked command in '/home/ahmed/colcon_ws/build/interfaces' returned '0': DEBUGINFOD_URLS=https://debuginfod.ubuntu.com /usr/bin/cmake --install /home/ahmed/colcon_ws/build/interfaces
