/home/ahmed/colcon_ws/install/sensor_drivers/lib/python3.12/site-packages/sensor_drivers/odometry_bridge.py
/home/ahmed/colcon_ws/install/sensor_drivers/lib/python3.12/site-packages/sensor_drivers/__init__.py
/home/ahmed/colcon_ws/install/sensor_drivers/lib/python3.12/site-packages/sensor_drivers/sensor_node.py
/home/ahmed/colcon_ws/install/sensor_drivers/lib/python3.12/site-packages/sensor_drivers/lidar_driver.py
/home/ahmed/colcon_ws/install/sensor_drivers/lib/python3.12/site-packages/sensor_drivers/imu_driver.py
/home/ahmed/colcon_ws/install/sensor_drivers/lib/python3.12/site-packages/sensor_drivers/__pycache__/odometry_bridge.cpython-312.pyc
/home/ahmed/colcon_ws/install/sensor_drivers/lib/python3.12/site-packages/sensor_drivers/__pycache__/__init__.cpython-312.pyc
/home/ahmed/colcon_ws/install/sensor_drivers/lib/python3.12/site-packages/sensor_drivers/__pycache__/sensor_node.cpython-312.pyc
/home/ahmed/colcon_ws/install/sensor_drivers/lib/python3.12/site-packages/sensor_drivers/__pycache__/lidar_driver.cpython-312.pyc
/home/ahmed/colcon_ws/install/sensor_drivers/lib/python3.12/site-packages/sensor_drivers/__pycache__/imu_driver.cpython-312.pyc
/home/ahmed/colcon_ws/install/sensor_drivers/share/ament_index/resource_index/packages/sensor_drivers
/home/ahmed/colcon_ws/install/sensor_drivers/share/sensor_drivers/package.xml
/home/ahmed/colcon_ws/install/sensor_drivers/lib/python3.12/site-packages/sensor_drivers-0.0.0-py3.12.egg-info/zip-safe
/home/ahmed/colcon_ws/install/sensor_drivers/lib/python3.12/site-packages/sensor_drivers-0.0.0-py3.12.egg-info/entry_points.txt
/home/ahmed/colcon_ws/install/sensor_drivers/lib/python3.12/site-packages/sensor_drivers-0.0.0-py3.12.egg-info/top_level.txt
/home/ahmed/colcon_ws/install/sensor_drivers/lib/python3.12/site-packages/sensor_drivers-0.0.0-py3.12.egg-info/SOURCES.txt
/home/ahmed/colcon_ws/install/sensor_drivers/lib/python3.12/site-packages/sensor_drivers-0.0.0-py3.12.egg-info/dependency_links.txt
/home/ahmed/colcon_ws/install/sensor_drivers/lib/python3.12/site-packages/sensor_drivers-0.0.0-py3.12.egg-info/requires.txt
/home/ahmed/colcon_ws/install/sensor_drivers/lib/python3.12/site-packages/sensor_drivers-0.0.0-py3.12.egg-info/PKG-INFO
/home/ahmed/colcon_ws/install/sensor_drivers/lib/sensor_drivers/imu_driver
/home/ahmed/colcon_ws/install/sensor_drivers/lib/sensor_drivers/lidar_driver
/home/ahmed/colcon_ws/install/sensor_drivers/lib/sensor_drivers/odometry_bridge
