[0.125s] DEBUG:colcon:Command line arguments: ['/usr/bin/colcon', 'build', '--packages-select', 'interfaces', 'bridge']
[0.126s] DEBUG:colcon:Parsed command line arguments: Namespace(log_base=None, log_level=None, verb_name='build', build_base='build', install_base='install', merge_install=False, symlink_install=False, test_result_base=None, continue_on_error=False, executor='parallel', parallel_workers=12, event_handlers=None, ignore_user_meta=False, metas=['./colcon.meta'], base_paths=['.'], packages_ignore=None, packages_ignore_regex=None, paths=None, packages_up_to=None, packages_up_to_regex=None, packages_above=None, packages_above_and_dependencies=None, packages_above_depth=None, packages_select_by_dep=None, packages_skip_by_dep=None, packages_skip_up_to=None, packages_select_build_failed=False, packages_skip_build_finished=False, packages_select_test_failures=False, packages_skip_test_passed=False, packages_select=['interfaces', 'bridge'], packages_skip=None, packages_select_regex=None, packages_skip_regex=None, packages_start=None, packages_end=None, allow_overriding=[], cmake_args=None, cmake_target=None, cmake_target_skip_unavailable=False, cmake_clean_cache=False, cmake_clean_first=False, cmake_force_configure=False, ament_cmake_args=None, catkin_cmake_args=None, catkin_skip_building_tests=False, mixin_files=None, mixin=None, verb_parser=<colcon_mixin.mixin.mixin_argument.MixinArgumentDecorator object at 0x7f913719a540>, verb_extension=<colcon_core.verb.build.BuildVerb object at 0x7f913713c200>, main=<bound method BuildVerb.main of <colcon_core.verb.build.BuildVerb object at 0x7f913713c200>>, mixin_verb=('build',))
[0.166s] Level 1:colcon.colcon_core.package_discovery:discover_packages(colcon_meta) check parameters
[0.166s] Level 1:colcon.colcon_core.package_discovery:discover_packages(recursive) check parameters
[0.166s] Level 1:colcon.colcon_core.package_discovery:discover_packages(ignore) check parameters
[0.166s] Level 1:colcon.colcon_core.package_discovery:discover_packages(path) check parameters
[0.166s] Level 1:colcon.colcon_core.package_discovery:discover_packages(colcon_meta) discover
[0.166s] Level 1:colcon.colcon_core.package_discovery:discover_packages(recursive) discover
[0.166s] INFO:colcon.colcon_core.package_discovery:Crawling recursively for packages in '/home/ahmed/colcon_ws'
[0.166s] Level 1:colcon.colcon_core.package_identification:_identify(.) by extensions ['ignore', 'ignore_ament_install']
[0.166s] Level 1:colcon.colcon_core.package_identification:_identify(.) by extension 'ignore'
[0.166s] Level 1:colcon.colcon_core.package_identification:_identify(.) by extension 'ignore_ament_install'
[0.166s] Level 1:colcon.colcon_core.package_identification:_identify(.) by extensions ['colcon_pkg']
[0.166s] Level 1:colcon.colcon_core.package_identification:_identify(.) by extension 'colcon_pkg'
[0.166s] Level 1:colcon.colcon_core.package_identification:_identify(.) by extensions ['colcon_meta']
[0.166s] Level 1:colcon.colcon_core.package_identification:_identify(.) by extension 'colcon_meta'
[0.167s] Level 1:colcon.colcon_core.package_identification:_identify(.) by extensions ['ros']
[0.167s] Level 1:colcon.colcon_core.package_identification:_identify(.) by extension 'ros'
[0.195s] Level 1:colcon.colcon_core.package_identification:_identify(.) by extensions ['cmake', 'python']
[0.195s] Level 1:colcon.colcon_core.package_identification:_identify(.) by extension 'cmake'
[0.195s] Level 1:colcon.colcon_core.package_identification:_identify(.) by extension 'python'
[0.195s] Level 1:colcon.colcon_core.package_identification:_identify(.) by extensions ['python_setup_py']
[0.195s] Level 1:colcon.colcon_core.package_identification:_identify(.) by extension 'python_setup_py'
[0.195s] Level 1:colcon.colcon_core.package_identification:_identify(build) by extensions ['ignore', 'ignore_ament_install']
[0.195s] Level 1:colcon.colcon_core.package_identification:_identify(build) by extension 'ignore'
[0.195s] Level 1:colcon.colcon_core.package_identification:_identify(build) ignored
[0.195s] Level 1:colcon.colcon_core.package_identification:_identify(docker) by extensions ['ignore', 'ignore_ament_install']
[0.195s] Level 1:colcon.colcon_core.package_identification:_identify(docker) by extension 'ignore'
[0.195s] Level 1:colcon.colcon_core.package_identification:_identify(docker) by extension 'ignore_ament_install'
[0.195s] Level 1:colcon.colcon_core.package_identification:_identify(docker) by extensions ['colcon_pkg']
[0.195s] Level 1:colcon.colcon_core.package_identification:_identify(docker) by extension 'colcon_pkg'
[0.195s] Level 1:colcon.colcon_core.package_identification:_identify(docker) by extensions ['colcon_meta']
[0.196s] Level 1:colcon.colcon_core.package_identification:_identify(docker) by extension 'colcon_meta'
[0.196s] Level 1:colcon.colcon_core.package_identification:_identify(docker) by extensions ['ros']
[0.196s] Level 1:colcon.colcon_core.package_identification:_identify(docker) by extension 'ros'
[0.196s] Level 1:colcon.colcon_core.package_identification:_identify(docker) by extensions ['cmake', 'python']
[0.196s] Level 1:colcon.colcon_core.package_identification:_identify(docker) by extension 'cmake'
[0.196s] Level 1:colcon.colcon_core.package_identification:_identify(docker) by extension 'python'
[0.196s] Level 1:colcon.colcon_core.package_identification:_identify(docker) by extensions ['python_setup_py']
[0.196s] Level 1:colcon.colcon_core.package_identification:_identify(docker) by extension 'python_setup_py'
[0.196s] Level 1:colcon.colcon_core.package_identification:_identify(docs) by extensions ['ignore', 'ignore_ament_install']
[0.196s] Level 1:colcon.colcon_core.package_identification:_identify(docs) by extension 'ignore'
[0.196s] Level 1:colcon.colcon_core.package_identification:_identify(docs) by extension 'ignore_ament_install'
[0.196s] Level 1:colcon.colcon_core.package_identification:_identify(docs) by extensions ['colcon_pkg']
[0.196s] Level 1:colcon.colcon_core.package_identification:_identify(docs) by extension 'colcon_pkg'
[0.196s] Level 1:colcon.colcon_core.package_identification:_identify(docs) by extensions ['colcon_meta']
[0.196s] Level 1:colcon.colcon_core.package_identification:_identify(docs) by extension 'colcon_meta'
[0.196s] Level 1:colcon.colcon_core.package_identification:_identify(docs) by extensions ['ros']
[0.196s] Level 1:colcon.colcon_core.package_identification:_identify(docs) by extension 'ros'
[0.196s] Level 1:colcon.colcon_core.package_identification:_identify(docs) by extensions ['cmake', 'python']
[0.196s] Level 1:colcon.colcon_core.package_identification:_identify(docs) by extension 'cmake'
[0.196s] Level 1:colcon.colcon_core.package_identification:_identify(docs) by extension 'python'
[0.197s] Level 1:colcon.colcon_core.package_identification:_identify(docs) by extensions ['python_setup_py']
[0.197s] Level 1:colcon.colcon_core.package_identification:_identify(docs) by extension 'python_setup_py'
[0.197s] Level 1:colcon.colcon_core.package_identification:_identify(firmware) by extensions ['ignore', 'ignore_ament_install']
[0.197s] Level 1:colcon.colcon_core.package_identification:_identify(firmware) by extension 'ignore'
[0.197s] Level 1:colcon.colcon_core.package_identification:_identify(firmware) by extension 'ignore_ament_install'
[0.197s] Level 1:colcon.colcon_core.package_identification:_identify(firmware) by extensions ['colcon_pkg']
[0.197s] Level 1:colcon.colcon_core.package_identification:_identify(firmware) by extension 'colcon_pkg'
[0.197s] Level 1:colcon.colcon_core.package_identification:_identify(firmware) by extensions ['colcon_meta']
[0.197s] Level 1:colcon.colcon_core.package_identification:_identify(firmware) by extension 'colcon_meta'
[0.197s] Level 1:colcon.colcon_core.package_identification:_identify(firmware) by extensions ['ros']
[0.197s] Level 1:colcon.colcon_core.package_identification:_identify(firmware) by extension 'ros'
[0.197s] Level 1:colcon.colcon_core.package_identification:_identify(firmware) by extensions ['cmake', 'python']
[0.197s] Level 1:colcon.colcon_core.package_identification:_identify(firmware) by extension 'cmake'
[0.197s] Level 1:colcon.colcon_core.package_identification:_identify(firmware) by extension 'python'
[0.197s] Level 1:colcon.colcon_core.package_identification:_identify(firmware) by extensions ['python_setup_py']
[0.197s] Level 1:colcon.colcon_core.package_identification:_identify(firmware) by extension 'python_setup_py'
[0.197s] Level 1:colcon.colcon_core.package_identification:_identify(install) by extensions ['ignore', 'ignore_ament_install']
[0.197s] Level 1:colcon.colcon_core.package_identification:_identify(install) by extension 'ignore'
[0.197s] Level 1:colcon.colcon_core.package_identification:_identify(install) ignored
[0.198s] Level 1:colcon.colcon_core.package_identification:_identify(log) by extensions ['ignore', 'ignore_ament_install']
[0.198s] Level 1:colcon.colcon_core.package_identification:_identify(log) by extension 'ignore'
[0.198s] Level 1:colcon.colcon_core.package_identification:_identify(log) ignored
[0.198s] Level 1:colcon.colcon_core.package_identification:_identify(src) by extensions ['ignore', 'ignore_ament_install']
[0.198s] Level 1:colcon.colcon_core.package_identification:_identify(src) by extension 'ignore'
[0.198s] Level 1:colcon.colcon_core.package_identification:_identify(src) by extension 'ignore_ament_install'
[0.198s] Level 1:colcon.colcon_core.package_identification:_identify(src) by extensions ['colcon_pkg']
[0.198s] Level 1:colcon.colcon_core.package_identification:_identify(src) by extension 'colcon_pkg'
[0.198s] Level 1:colcon.colcon_core.package_identification:_identify(src) by extensions ['colcon_meta']
[0.198s] Level 1:colcon.colcon_core.package_identification:_identify(src) by extension 'colcon_meta'
[0.198s] Level 1:colcon.colcon_core.package_identification:_identify(src) by extensions ['ros']
[0.198s] Level 1:colcon.colcon_core.package_identification:_identify(src) by extension 'ros'
[0.198s] Level 1:colcon.colcon_core.package_identification:_identify(src) by extensions ['cmake', 'python']
[0.198s] Level 1:colcon.colcon_core.package_identification:_identify(src) by extension 'cmake'
[0.198s] Level 1:colcon.colcon_core.package_identification:_identify(src) by extension 'python'
[0.198s] Level 1:colcon.colcon_core.package_identification:_identify(src) by extensions ['python_setup_py']
[0.198s] Level 1:colcon.colcon_core.package_identification:_identify(src) by extension 'python_setup_py'
[0.199s] Level 1:colcon.colcon_core.package_identification:_identify(src/bridge) by extensions ['ignore', 'ignore_ament_install']
[0.199s] Level 1:colcon.colcon_core.package_identification:_identify(src/bridge) by extension 'ignore'
[0.199s] Level 1:colcon.colcon_core.package_identification:_identify(src/bridge) by extension 'ignore_ament_install'
[0.199s] Level 1:colcon.colcon_core.package_identification:_identify(src/bridge) by extensions ['colcon_pkg']
[0.199s] Level 1:colcon.colcon_core.package_identification:_identify(src/bridge) by extension 'colcon_pkg'
[0.199s] Level 1:colcon.colcon_core.package_identification:_identify(src/bridge) by extensions ['colcon_meta']
[0.199s] Level 1:colcon.colcon_core.package_identification:_identify(src/bridge) by extension 'colcon_meta'
[0.199s] Level 1:colcon.colcon_core.package_identification:_identify(src/bridge) by extensions ['ros']
[0.199s] Level 1:colcon.colcon_core.package_identification:_identify(src/bridge) by extension 'ros'
[0.201s] DEBUG:colcon.colcon_core.package_identification:Package 'src/bridge' with type 'ros.ament_python' and name 'bridge'
[0.202s] Level 1:colcon.colcon_core.package_identification:_identify(src/bringup) by extensions ['ignore', 'ignore_ament_install']
[0.202s] Level 1:colcon.colcon_core.package_identification:_identify(src/bringup) by extension 'ignore'
[0.202s] Level 1:colcon.colcon_core.package_identification:_identify(src/bringup) by extension 'ignore_ament_install'
[0.202s] Level 1:colcon.colcon_core.package_identification:_identify(src/bringup) by extensions ['colcon_pkg']
[0.202s] Level 1:colcon.colcon_core.package_identification:_identify(src/bringup) by extension 'colcon_pkg'
[0.202s] Level 1:colcon.colcon_core.package_identification:_identify(src/bringup) by extensions ['colcon_meta']
[0.202s] Level 1:colcon.colcon_core.package_identification:_identify(src/bringup) by extension 'colcon_meta'
[0.202s] Level 1:colcon.colcon_core.package_identification:_identify(src/bringup) by extensions ['ros']
[0.202s] Level 1:colcon.colcon_core.package_identification:_identify(src/bringup) by extension 'ros'
[0.202s] Level 1:colcon.colcon_core.package_identification:_identify(src/bringup) by extensions ['cmake', 'python']
[0.202s] Level 1:colcon.colcon_core.package_identification:_identify(src/bringup) by extension 'cmake'
[0.202s] Level 1:colcon.colcon_core.package_identification:_identify(src/bringup) by extension 'python'
[0.202s] Level 1:colcon.colcon_core.package_identification:_identify(src/bringup) by extensions ['python_setup_py']
[0.202s] Level 1:colcon.colcon_core.package_identification:_identify(src/bringup) by extension 'python_setup_py'
[0.202s] Level 1:colcon.colcon_core.package_identification:_identify(src/control) by extensions ['ignore', 'ignore_ament_install']
[0.202s] Level 1:colcon.colcon_core.package_identification:_identify(src/control) by extension 'ignore'
[0.203s] Level 1:colcon.colcon_core.package_identification:_identify(src/control) by extension 'ignore_ament_install'
[0.203s] Level 1:colcon.colcon_core.package_identification:_identify(src/control) by extensions ['colcon_pkg']
[0.203s] Level 1:colcon.colcon_core.package_identification:_identify(src/control) by extension 'colcon_pkg'
[0.203s] Level 1:colcon.colcon_core.package_identification:_identify(src/control) by extensions ['colcon_meta']
[0.203s] Level 1:colcon.colcon_core.package_identification:_identify(src/control) by extension 'colcon_meta'
[0.203s] Level 1:colcon.colcon_core.package_identification:_identify(src/control) by extensions ['ros']
[0.203s] Level 1:colcon.colcon_core.package_identification:_identify(src/control) by extension 'ros'
[0.204s] DEBUG:colcon.colcon_core.package_identification:Package 'src/control' with type 'ros.ament_python' and name 'control'
[0.204s] Level 1:colcon.colcon_core.package_identification:_identify(src/description) by extensions ['ignore', 'ignore_ament_install']
[0.204s] Level 1:colcon.colcon_core.package_identification:_identify(src/description) by extension 'ignore'
[0.204s] Level 1:colcon.colcon_core.package_identification:_identify(src/description) by extension 'ignore_ament_install'
[0.204s] Level 1:colcon.colcon_core.package_identification:_identify(src/description) by extensions ['colcon_pkg']
[0.204s] Level 1:colcon.colcon_core.package_identification:_identify(src/description) by extension 'colcon_pkg'
[0.204s] Level 1:colcon.colcon_core.package_identification:_identify(src/description) by extensions ['colcon_meta']
[0.204s] Level 1:colcon.colcon_core.package_identification:_identify(src/description) by extension 'colcon_meta'
[0.204s] Level 1:colcon.colcon_core.package_identification:_identify(src/description) by extensions ['ros']
[0.204s] Level 1:colcon.colcon_core.package_identification:_identify(src/description) by extension 'ros'
[0.204s] Level 1:colcon.colcon_core.package_identification:_identify(src/description) by extensions ['cmake', 'python']
[0.204s] Level 1:colcon.colcon_core.package_identification:_identify(src/description) by extension 'cmake'
[0.204s] Level 1:colcon.colcon_core.package_identification:_identify(src/description) by extension 'python'
[0.204s] Level 1:colcon.colcon_core.package_identification:_identify(src/description) by extensions ['python_setup_py']
[0.204s] Level 1:colcon.colcon_core.package_identification:_identify(src/description) by extension 'python_setup_py'
[0.204s] Level 1:colcon.colcon_core.package_identification:_identify(src/interfaces) by extensions ['ignore', 'ignore_ament_install']
[0.204s] Level 1:colcon.colcon_core.package_identification:_identify(src/interfaces) by extension 'ignore'
[0.204s] Level 1:colcon.colcon_core.package_identification:_identify(src/interfaces) by extension 'ignore_ament_install'
[0.205s] Level 1:colcon.colcon_core.package_identification:_identify(src/interfaces) by extensions ['colcon_pkg']
[0.205s] Level 1:colcon.colcon_core.package_identification:_identify(src/interfaces) by extension 'colcon_pkg'
[0.205s] Level 1:colcon.colcon_core.package_identification:_identify(src/interfaces) by extensions ['colcon_meta']
[0.205s] Level 1:colcon.colcon_core.package_identification:_identify(src/interfaces) by extension 'colcon_meta'
[0.205s] Level 1:colcon.colcon_core.package_identification:_identify(src/interfaces) by extensions ['ros']
[0.205s] Level 1:colcon.colcon_core.package_identification:_identify(src/interfaces) by extension 'ros'
[0.205s] DEBUG:colcon.colcon_core.package_identification:Package 'src/interfaces' with type 'ros.catkin' and name 'interfaces'
[0.205s] Level 1:colcon.colcon_core.package_identification:_identify(src/localization) by extensions ['ignore', 'ignore_ament_install']
[0.205s] Level 1:colcon.colcon_core.package_identification:_identify(src/localization) by extension 'ignore'
[0.205s] Level 1:colcon.colcon_core.package_identification:_identify(src/localization) by extension 'ignore_ament_install'
[0.206s] Level 1:colcon.colcon_core.package_identification:_identify(src/localization) by extensions ['colcon_pkg']
[0.206s] Level 1:colcon.colcon_core.package_identification:_identify(src/localization) by extension 'colcon_pkg'
[0.206s] Level 1:colcon.colcon_core.package_identification:_identify(src/localization) by extensions ['colcon_meta']
[0.206s] Level 1:colcon.colcon_core.package_identification:_identify(src/localization) by extension 'colcon_meta'
[0.206s] Level 1:colcon.colcon_core.package_identification:_identify(src/localization) by extensions ['ros']
[0.206s] Level 1:colcon.colcon_core.package_identification:_identify(src/localization) by extension 'ros'
[0.206s] DEBUG:colcon.colcon_core.package_identification:Package 'src/localization' with type 'ros.ament_python' and name 'localization'
[0.206s] Level 1:colcon.colcon_core.package_identification:_identify(src/navigation) by extensions ['ignore', 'ignore_ament_install']
[0.207s] Level 1:colcon.colcon_core.package_identification:_identify(src/navigation) by extension 'ignore'
[0.207s] Level 1:colcon.colcon_core.package_identification:_identify(src/navigation) by extension 'ignore_ament_install'
[0.207s] Level 1:colcon.colcon_core.package_identification:_identify(src/navigation) by extensions ['colcon_pkg']
[0.207s] Level 1:colcon.colcon_core.package_identification:_identify(src/navigation) by extension 'colcon_pkg'
[0.207s] Level 1:colcon.colcon_core.package_identification:_identify(src/navigation) by extensions ['colcon_meta']
[0.207s] Level 1:colcon.colcon_core.package_identification:_identify(src/navigation) by extension 'colcon_meta'
[0.207s] Level 1:colcon.colcon_core.package_identification:_identify(src/navigation) by extensions ['ros']
[0.207s] Level 1:colcon.colcon_core.package_identification:_identify(src/navigation) by extension 'ros'
[0.207s] DEBUG:colcon.colcon_core.package_identification:Package 'src/navigation' with type 'ros.ament_python' and name 'planning'
[0.208s] Level 1:colcon.colcon_core.package_identification:_identify(src/perception) by extensions ['ignore', 'ignore_ament_install']
[0.208s] Level 1:colcon.colcon_core.package_identification:_identify(src/perception) by extension 'ignore'
[0.208s] Level 1:colcon.colcon_core.package_identification:_identify(src/perception) by extension 'ignore_ament_install'
[0.208s] Level 1:colcon.colcon_core.package_identification:_identify(src/perception) by extensions ['colcon_pkg']
[0.208s] Level 1:colcon.colcon_core.package_identification:_identify(src/perception) by extension 'colcon_pkg'
[0.208s] Level 1:colcon.colcon_core.package_identification:_identify(src/perception) by extensions ['colcon_meta']
[0.208s] Level 1:colcon.colcon_core.package_identification:_identify(src/perception) by extension 'colcon_meta'
[0.208s] Level 1:colcon.colcon_core.package_identification:_identify(src/perception) by extensions ['ros']
[0.208s] Level 1:colcon.colcon_core.package_identification:_identify(src/perception) by extension 'ros'
[0.209s] DEBUG:colcon.colcon_core.package_identification:Package 'src/perception' with type 'ros.ament_python' and name 'perception'
[0.209s] Level 1:colcon.colcon_core.package_identification:_identify(src/safety) by extensions ['ignore', 'ignore_ament_install']
[0.209s] Level 1:colcon.colcon_core.package_identification:_identify(src/safety) by extension 'ignore'
[0.209s] Level 1:colcon.colcon_core.package_identification:_identify(src/safety) by extension 'ignore_ament_install'
[0.209s] Level 1:colcon.colcon_core.package_identification:_identify(src/safety) by extensions ['colcon_pkg']
[0.209s] Level 1:colcon.colcon_core.package_identification:_identify(src/safety) by extension 'colcon_pkg'
[0.209s] Level 1:colcon.colcon_core.package_identification:_identify(src/safety) by extensions ['colcon_meta']
[0.209s] Level 1:colcon.colcon_core.package_identification:_identify(src/safety) by extension 'colcon_meta'
[0.209s] Level 1:colcon.colcon_core.package_identification:_identify(src/safety) by extensions ['ros']
[0.209s] Level 1:colcon.colcon_core.package_identification:_identify(src/safety) by extension 'ros'
[0.210s] DEBUG:colcon.colcon_core.package_identification:Package 'src/safety' with type 'ros.ament_python' and name 'safety'
[0.210s] Level 1:colcon.colcon_core.package_identification:_identify(src/sensor_drivers) by extensions ['ignore', 'ignore_ament_install']
[0.210s] Level 1:colcon.colcon_core.package_identification:_identify(src/sensor_drivers) by extension 'ignore'
[0.210s] Level 1:colcon.colcon_core.package_identification:_identify(src/sensor_drivers) by extension 'ignore_ament_install'
[0.210s] Level 1:colcon.colcon_core.package_identification:_identify(src/sensor_drivers) by extensions ['colcon_pkg']
[0.210s] Level 1:colcon.colcon_core.package_identification:_identify(src/sensor_drivers) by extension 'colcon_pkg'
[0.210s] Level 1:colcon.colcon_core.package_identification:_identify(src/sensor_drivers) by extensions ['colcon_meta']
[0.210s] Level 1:colcon.colcon_core.package_identification:_identify(src/sensor_drivers) by extension 'colcon_meta'
[0.210s] Level 1:colcon.colcon_core.package_identification:_identify(src/sensor_drivers) by extensions ['ros']
[0.210s] Level 1:colcon.colcon_core.package_identification:_identify(src/sensor_drivers) by extension 'ros'
[0.211s] DEBUG:colcon.colcon_core.package_identification:Package 'src/sensor_drivers' with type 'ros.ament_python' and name 'sensor_drivers'
[0.211s] Level 1:colcon.colcon_core.package_identification:_identify(src/simulation) by extensions ['ignore', 'ignore_ament_install']
[0.211s] Level 1:colcon.colcon_core.package_identification:_identify(src/simulation) by extension 'ignore'
[0.211s] Level 1:colcon.colcon_core.package_identification:_identify(src/simulation) by extension 'ignore_ament_install'
[0.211s] Level 1:colcon.colcon_core.package_identification:_identify(src/simulation) by extensions ['colcon_pkg']
[0.211s] Level 1:colcon.colcon_core.package_identification:_identify(src/simulation) by extension 'colcon_pkg'
[0.211s] Level 1:colcon.colcon_core.package_identification:_identify(src/simulation) by extensions ['colcon_meta']
[0.211s] Level 1:colcon.colcon_core.package_identification:_identify(src/simulation) by extension 'colcon_meta'
[0.211s] Level 1:colcon.colcon_core.package_identification:_identify(src/simulation) by extensions ['ros']
[0.211s] Level 1:colcon.colcon_core.package_identification:_identify(src/simulation) by extension 'ros'
[0.212s] DEBUG:colcon.colcon_core.package_identification:Package 'src/simulation' with type 'ros.ament_python' and name 'simulation'
[0.212s] Level 1:colcon.colcon_core.package_identification:_identify(tools) by extensions ['ignore', 'ignore_ament_install']
[0.212s] Level 1:colcon.colcon_core.package_identification:_identify(tools) by extension 'ignore'
[0.212s] Level 1:colcon.colcon_core.package_identification:_identify(tools) by extension 'ignore_ament_install'
[0.212s] Level 1:colcon.colcon_core.package_identification:_identify(tools) by extensions ['colcon_pkg']
[0.212s] Level 1:colcon.colcon_core.package_identification:_identify(tools) by extension 'colcon_pkg'
[0.212s] Level 1:colcon.colcon_core.package_identification:_identify(tools) by extensions ['colcon_meta']
[0.212s] Level 1:colcon.colcon_core.package_identification:_identify(tools) by extension 'colcon_meta'
[0.212s] Level 1:colcon.colcon_core.package_identification:_identify(tools) by extensions ['ros']
[0.212s] Level 1:colcon.colcon_core.package_identification:_identify(tools) by extension 'ros'
[0.212s] Level 1:colcon.colcon_core.package_identification:_identify(tools) by extensions ['cmake', 'python']
[0.212s] Level 1:colcon.colcon_core.package_identification:_identify(tools) by extension 'cmake'
[0.212s] Level 1:colcon.colcon_core.package_identification:_identify(tools) by extension 'python'
[0.212s] Level 1:colcon.colcon_core.package_identification:_identify(tools) by extensions ['python_setup_py']
[0.212s] Level 1:colcon.colcon_core.package_identification:_identify(tools) by extension 'python_setup_py'
[0.212s] Level 1:colcon.colcon_core.package_discovery:discover_packages(recursive) using defaults
[0.213s] Level 1:colcon.colcon_core.package_discovery:discover_packages(ignore) discover
[0.213s] Level 1:colcon.colcon_core.package_discovery:discover_packages(ignore) using defaults
[0.213s] Level 1:colcon.colcon_core.package_discovery:discover_packages(path) discover
[0.213s] Level 1:colcon.colcon_core.package_discovery:discover_packages(path) using defaults
[0.233s] INFO:colcon.colcon_core.package_selection:Skipping not selected package 'control' in 'src/control'
[0.234s] INFO:colcon.colcon_core.package_selection:Skipping not selected package 'localization' in 'src/localization'
[0.234s] INFO:colcon.colcon_core.package_selection:Skipping not selected package 'perception' in 'src/perception'
[0.234s] INFO:colcon.colcon_core.package_selection:Skipping not selected package 'planning' in 'src/navigation'
[0.234s] INFO:colcon.colcon_core.package_selection:Skipping not selected package 'safety' in 'src/safety'
[0.234s] INFO:colcon.colcon_core.package_selection:Skipping not selected package 'sensor_drivers' in 'src/sensor_drivers'
[0.234s] INFO:colcon.colcon_core.package_selection:Skipping not selected package 'simulation' in 'src/simulation'
[0.234s] Level 1:colcon.colcon_core.package_discovery:discover_packages(prefix_path) check parameters
[0.234s] Level 1:colcon.colcon_core.package_discovery:discover_packages(prefix_path) discover
[0.236s] DEBUG:colcon.colcon_installed_package_information.package_discovery:Found 9 installed packages in /home/ahmed/colcon_ws/install
[0.238s] DEBUG:colcon.colcon_installed_package_information.package_discovery:Found 319 installed packages in /opt/ros/jazzy
[0.239s] Level 1:colcon.colcon_core.package_discovery:discover_packages(prefix_path) using defaults
[0.289s] Level 5:colcon.colcon_core.verb:set package 'interfaces' build argument 'cmake_args' from command line to 'None'
[0.289s] Level 5:colcon.colcon_core.verb:set package 'interfaces' build argument 'cmake_target' from command line to 'None'
[0.290s] Level 5:colcon.colcon_core.verb:set package 'interfaces' build argument 'cmake_target_skip_unavailable' from command line to 'False'
[0.290s] Level 5:colcon.colcon_core.verb:set package 'interfaces' build argument 'cmake_clean_cache' from command line to 'False'
[0.290s] Level 5:colcon.colcon_core.verb:set package 'interfaces' build argument 'cmake_clean_first' from command line to 'False'
[0.290s] Level 5:colcon.colcon_core.verb:set package 'interfaces' build argument 'cmake_force_configure' from command line to 'False'
[0.290s] Level 5:colcon.colcon_core.verb:set package 'interfaces' build argument 'ament_cmake_args' from command line to 'None'
[0.290s] Level 5:colcon.colcon_core.verb:set package 'interfaces' build argument 'catkin_cmake_args' from command line to 'None'
[0.290s] Level 5:colcon.colcon_core.verb:set package 'interfaces' build argument 'catkin_skip_building_tests' from command line to 'False'
[0.290s] DEBUG:colcon.colcon_core.verb:Building package 'interfaces' with the following arguments: {'ament_cmake_args': None, 'build_base': '/home/ahmed/colcon_ws/build/interfaces', 'catkin_cmake_args': None, 'catkin_skip_building_tests': False, 'cmake_args': None, 'cmake_clean_cache': False, 'cmake_clean_first': False, 'cmake_force_configure': False, 'cmake_target': None, 'cmake_target_skip_unavailable': False, 'install_base': '/home/ahmed/colcon_ws/install/interfaces', 'merge_install': False, 'path': '/home/ahmed/colcon_ws/src/interfaces', 'symlink_install': False, 'test_result_base': None}
[0.290s] Level 5:colcon.colcon_core.verb:set package 'bridge' build argument 'cmake_args' from command line to 'None'
[0.290s] Level 5:colcon.colcon_core.verb:set package 'bridge' build argument 'cmake_target' from command line to 'None'
[0.290s] Level 5:colcon.colcon_core.verb:set package 'bridge' build argument 'cmake_target_skip_unavailable' from command line to 'False'
[0.290s] Level 5:colcon.colcon_core.verb:set package 'bridge' build argument 'cmake_clean_cache' from command line to 'False'
[0.290s] Level 5:colcon.colcon_core.verb:set package 'bridge' build argument 'cmake_clean_first' from command line to 'False'
[0.290s] Level 5:colcon.colcon_core.verb:set package 'bridge' build argument 'cmake_force_configure' from command line to 'False'
[0.290s] Level 5:colcon.colcon_core.verb:set package 'bridge' build argument 'ament_cmake_args' from command line to 'None'
[0.290s] Level 5:colcon.colcon_core.verb:set package 'bridge' build argument 'catkin_cmake_args' from command line to 'None'
[0.290s] Level 5:colcon.colcon_core.verb:set package 'bridge' build argument 'catkin_skip_building_tests' from command line to 'False'
[0.290s] DEBUG:colcon.colcon_core.verb:Building package 'bridge' with the following arguments: {'ament_cmake_args': None, 'build_base': '/home/ahmed/colcon_ws/build/bridge', 'catkin_cmake_args': None, 'catkin_skip_building_tests': False, 'cmake_args': None, 'cmake_clean_cache': False, 'cmake_clean_first': False, 'cmake_force_configure': False, 'cmake_target': None, 'cmake_target_skip_unavailable': False, 'install_base': '/home/ahmed/colcon_ws/install/bridge', 'merge_install': False, 'path': '/home/ahmed/colcon_ws/src/bridge', 'symlink_install': False, 'test_result_base': None}
[0.290s] INFO:colcon.colcon_core.executor:Executing jobs using 'parallel' executor
[0.291s] DEBUG:colcon.colcon_parallel_executor.executor.parallel:run_until_complete
[0.291s] INFO:colcon.colcon_ros.task.catkin.build:Building ROS package in '/home/ahmed/colcon_ws/src/interfaces' with build type 'catkin'
[0.292s] INFO:colcon.colcon_cmake.task.cmake.build:Building CMake package in '/home/ahmed/colcon_ws/src/interfaces'
[0.294s] INFO:colcon.colcon_core.plugin_system:Skipping extension 'colcon_core.shell.bat': Not used on non-Windows systems
[0.294s] INFO:colcon.colcon_core.shell:Skip shell extension 'powershell' for command environment: Not usable outside of PowerShell
[0.294s] DEBUG:colcon.colcon_core.shell:Skip shell extension 'dsv' for command environment
[0.302s] DEBUG:colcon.colcon_core.event_handler.log_command:Invoking command in '/home/ahmed/colcon_ws/build/interfaces': DEBUGINFOD_URLS=https://debuginfod.ubuntu.com /usr/bin/cmake /home/ahmed/colcon_ws/src/interfaces -DCATKIN_INSTALL_INTO_PREFIX_ROOT=0 -DCMAKE_INSTALL_PREFIX=/home/ahmed/colcon_ws/install/interfaces
[1.490s] DEBUG:colcon.colcon_core.event_handler.log_command:Invoked command in '/home/ahmed/colcon_ws/build/interfaces' returned '0': DEBUGINFOD_URLS=https://debuginfod.ubuntu.com /usr/bin/cmake /home/ahmed/colcon_ws/src/interfaces -DCATKIN_INSTALL_INTO_PREFIX_ROOT=0 -DCMAKE_INSTALL_PREFIX=/home/ahmed/colcon_ws/install/interfaces
[1.491s] DEBUG:colcon.colcon_core.event_handler.log_command:Invoking command in '/home/ahmed/colcon_ws/build/interfaces': DEBUGINFOD_URLS=https://debuginfod.ubuntu.com /usr/bin/cmake --build /home/ahmed/colcon_ws/build/interfaces -- -j12 -l12
[1.926s] DEBUG:colcon.colcon_core.event_handler.log_command:Invoked command in '/home/ahmed/colcon_ws/build/interfaces' returned '0': DEBUGINFOD_URLS=https://debuginfod.ubuntu.com /usr/bin/cmake --build /home/ahmed/colcon_ws/build/interfaces -- -j12 -l12
[1.936s] DEBUG:colcon.colcon_core.event_handler.log_command:Invoking command in '/home/ahmed/colcon_ws/build/interfaces': DEBUGINFOD_URLS=https://debuginfod.ubuntu.com /usr/bin/cmake --install /home/ahmed/colcon_ws/build/interfaces
[1.998s] Level 1:colcon.colcon_core.shell:create_environment_hook('interfaces', 'ros_package_path')
[1.998s] INFO:colcon.colcon_core.shell:Creating environment hook '/home/ahmed/colcon_ws/install/interfaces/share/interfaces/hook/ros_package_path.ps1'
[1.999s] DEBUG:colcon.colcon_core.event_handler.log_command:Invoked command in '/home/ahmed/colcon_ws/build/interfaces' returned '0': DEBUGINFOD_URLS=https://debuginfod.ubuntu.com /usr/bin/cmake --install /home/ahmed/colcon_ws/build/interfaces
[1.999s] INFO:colcon.colcon_core.shell:Creating environment descriptor '/home/ahmed/colcon_ws/install/interfaces/share/interfaces/hook/ros_package_path.dsv'
[1.999s] INFO:colcon.colcon_core.shell:Creating environment hook '/home/ahmed/colcon_ws/install/interfaces/share/interfaces/hook/ros_package_path.sh'
[2.000s] Level 1:colcon.colcon_ros.task.catkin:checking '/home/ahmed/colcon_ws/install/interfaces/lib/python3.12/site-packages'
[2.000s] Level 1:colcon.colcon_core.shell:create_environment_hook('interfaces', 'catkin_pythonpath')
[2.000s] INFO:colcon.colcon_core.shell:Creating environment hook '/home/ahmed/colcon_ws/install/interfaces/share/interfaces/hook/catkin_pythonpath.ps1'
[2.001s] INFO:colcon.colcon_core.shell:Creating environment descriptor '/home/ahmed/colcon_ws/install/interfaces/share/interfaces/hook/catkin_pythonpath.dsv'
[2.001s] INFO:colcon.colcon_core.shell:Creating environment hook '/home/ahmed/colcon_ws/install/interfaces/share/interfaces/hook/catkin_pythonpath.sh'
[2.001s] Level 1:colcon.colcon_core.shell:create_environment_hook('interfaces', 'pkg_config_path')
[2.001s] INFO:colcon.colcon_core.shell:Creating environment hook '/home/ahmed/colcon_ws/install/interfaces/share/interfaces/hook/pkg_config_path.ps1'
[2.002s] INFO:colcon.colcon_core.shell:Creating environment descriptor '/home/ahmed/colcon_ws/install/interfaces/share/interfaces/hook/pkg_config_path.dsv'
[2.002s] INFO:colcon.colcon_core.shell:Creating environment hook '/home/ahmed/colcon_ws/install/interfaces/share/interfaces/hook/pkg_config_path.sh'
[2.003s] Level 1:colcon.colcon_core.shell:create_environment_hook('interfaces', 'pkg_config_path_multiarch')
[2.004s] INFO:colcon.colcon_core.shell:Creating environment hook '/home/ahmed/colcon_ws/install/interfaces/share/interfaces/hook/pkg_config_path_multiarch.ps1'
[2.004s] INFO:colcon.colcon_core.shell:Creating environment descriptor '/home/ahmed/colcon_ws/install/interfaces/share/interfaces/hook/pkg_config_path_multiarch.dsv'
[2.004s] INFO:colcon.colcon_core.shell:Creating environment hook '/home/ahmed/colcon_ws/install/interfaces/share/interfaces/hook/pkg_config_path_multiarch.sh'
[2.005s] Level 1:colcon.colcon_core.environment:create_environment_scripts_only(interfaces)
[2.007s] Level 1:colcon.colcon_core.environment:checking '/home/ahmed/colcon_ws/install/interfaces' for CMake module files
[2.008s] Level 1:colcon.colcon_core.environment:checking '/home/ahmed/colcon_ws/install/interfaces' for CMake config files
[2.008s] Level 1:colcon.colcon_core.shell:create_environment_hook('interfaces', 'cmake_prefix_path')
[2.008s] INFO:colcon.colcon_core.shell:Creating environment hook '/home/ahmed/colcon_ws/install/interfaces/share/interfaces/hook/cmake_prefix_path.ps1'
[2.009s] INFO:colcon.colcon_core.shell:Creating environment descriptor '/home/ahmed/colcon_ws/install/interfaces/share/interfaces/hook/cmake_prefix_path.dsv'
[2.009s] INFO:colcon.colcon_core.shell:Creating environment hook '/home/ahmed/colcon_ws/install/interfaces/share/interfaces/hook/cmake_prefix_path.sh'
[2.009s] Level 1:colcon.colcon_core.environment:checking '/home/ahmed/colcon_ws/install/interfaces/lib'
[2.010s] Level 1:colcon.colcon_core.shell:create_environment_hook('interfaces', 'ld_library_path_lib')
[2.010s] INFO:colcon.colcon_core.shell:Creating environment hook '/home/ahmed/colcon_ws/install/interfaces/share/interfaces/hook/ld_library_path_lib.ps1'
[2.010s] INFO:colcon.colcon_core.shell:Creating environment descriptor '/home/ahmed/colcon_ws/install/interfaces/share/interfaces/hook/ld_library_path_lib.dsv'
[2.010s] INFO:colcon.colcon_core.shell:Creating environment hook '/home/ahmed/colcon_ws/install/interfaces/share/interfaces/hook/ld_library_path_lib.sh'
[2.011s] Level 1:colcon.colcon_core.environment:checking '/home/ahmed/colcon_ws/install/interfaces/bin'
[2.011s] Level 1:colcon.colcon_core.environment:checking '/home/ahmed/colcon_ws/install/interfaces/lib/pkgconfig/interfaces.pc'
[2.011s] Level 1:colcon.colcon_core.environment:checking '/home/ahmed/colcon_ws/install/interfaces/lib/python3.12/site-packages'
[2.011s] Level 1:colcon.colcon_core.shell:create_environment_hook('interfaces', 'pythonpath')
[2.011s] INFO:colcon.colcon_core.shell:Creating environment hook '/home/ahmed/colcon_ws/install/interfaces/share/interfaces/hook/pythonpath.ps1'
[2.012s] INFO:colcon.colcon_core.shell:Creating environment descriptor '/home/ahmed/colcon_ws/install/interfaces/share/interfaces/hook/pythonpath.dsv'
[2.012s] INFO:colcon.colcon_core.shell:Creating environment hook '/home/ahmed/colcon_ws/install/interfaces/share/interfaces/hook/pythonpath.sh'
[2.013s] Level 1:colcon.colcon_core.environment:checking '/home/ahmed/colcon_ws/install/interfaces/bin'
[2.013s] INFO:colcon.colcon_core.shell:Creating package script '/home/ahmed/colcon_ws/install/interfaces/share/interfaces/package.ps1'
[2.014s] INFO:colcon.colcon_core.shell:Creating package descriptor '/home/ahmed/colcon_ws/install/interfaces/share/interfaces/package.dsv'
[2.014s] INFO:colcon.colcon_core.shell:Creating package script '/home/ahmed/colcon_ws/install/interfaces/share/interfaces/package.sh'
[2.015s] INFO:colcon.colcon_core.shell:Creating package script '/home/ahmed/colcon_ws/install/interfaces/share/interfaces/package.bash'
[2.016s] INFO:colcon.colcon_core.shell:Creating package script '/home/ahmed/colcon_ws/install/interfaces/share/interfaces/package.zsh'
[2.016s] Level 1:colcon.colcon_core.environment:create_file_with_runtime_dependencies(/home/ahmed/colcon_ws/install/interfaces/share/colcon-core/packages/interfaces)
[2.017s] INFO:colcon.colcon_ros.task.ament_python.build:Building ROS package in '/home/ahmed/colcon_ws/src/bridge' with build type 'ament_python'
[2.017s] Level 1:colcon.colcon_core.shell:create_environment_hook('bridge', 'ament_prefix_path')
[2.017s] INFO:colcon.colcon_core.shell:Creating environment hook '/home/ahmed/colcon_ws/install/bridge/share/bridge/hook/ament_prefix_path.ps1'
[2.018s] INFO:colcon.colcon_core.shell:Creating environment descriptor '/home/ahmed/colcon_ws/install/bridge/share/bridge/hook/ament_prefix_path.dsv'
[2.018s] INFO:colcon.colcon_core.shell:Creating environment hook '/home/ahmed/colcon_ws/install/bridge/share/bridge/hook/ament_prefix_path.sh'
[2.019s] INFO:colcon.colcon_core.shell:Skip shell extension 'powershell' for command environment: Not usable outside of PowerShell
[2.019s] DEBUG:colcon.colcon_core.shell:Skip shell extension 'dsv' for command environment
[2.254s] INFO:colcon.colcon_core.task.python.build:Building Python package in '/home/ahmed/colcon_ws/src/bridge'
[2.255s] INFO:colcon.colcon_core.shell:Skip shell extension 'powershell' for command environment: Not usable outside of PowerShell
[2.255s] DEBUG:colcon.colcon_core.shell:Skip shell extension 'dsv' for command environment
[2.898s] DEBUG:colcon.colcon_core.event_handler.log_command:Invoking command in '/home/ahmed/colcon_ws/build/bridge': DEBUGINFOD_URLS=https://debuginfod.ubuntu.com PYTHONPATH=/home/ahmed/colcon_ws/build/bridge/prefix_override:/usr/lib/python3/dist-packages/colcon_core/task/python/colcon_distutils_commands:/home/ahmed/colcon_ws/install/bridge/lib/python3.12/site-packages:/home/ahmed/colcon_ws/install/interfaces/lib/python3.12/site-packages:/home/ahmed/colcon_ws/build/bridge:/home/ahmed/colcon_ws/install/bridge/lib/python3.12/site-packages:/home/ahmed/colcon_ws/build/simulation:/home/ahmed/colcon_ws/install/simulation/lib/python3.12/site-packages:/home/ahmed/colcon_ws/build/sensor_drivers:/home/ahmed/colcon_ws/install/sensor_drivers/lib/python3.12/site-packages:/home/ahmed/colcon_ws/build/planning:/home/ahmed/colcon_ws/install/planning/lib/python3.12/site-packages:/home/ahmed/colcon_ws/build/perception:/home/ahmed/colcon_ws/install/perception/lib/python3.12/site-packages:/home/ahmed/colcon_ws/build/control:/home/ahmed/colcon_ws/install/control/lib/python3.12/site-packages:/home/ahmed/colcon_ws/install/autonomy_msgs/lib/python3.12/site-packages:/home/ahmed/colcon_ws/build/autonomy:/home/ahmed/colcon_ws/install/autonomy/lib/python3.12/site-packages:/opt/ros/jazzy/lib/python3.12/site-packages /usr/bin/python3 -W ignore:setup.py install is deprecated -W ignore:easy_install command is deprecated setup.py develop --uninstall --editable --build-directory /home/ahmed/colcon_ws/build/bridge/build
[3.497s] DEBUG:colcon.colcon_core.event_handler.log_command:Invoked command in '/home/ahmed/colcon_ws/build/bridge' returned '0': DEBUGINFOD_URLS=https://debuginfod.ubuntu.com PYTHONPATH=/home/ahmed/colcon_ws/build/bridge/prefix_override:/usr/lib/python3/dist-packages/colcon_core/task/python/colcon_distutils_commands:/home/ahmed/colcon_ws/install/bridge/lib/python3.12/site-packages:/home/ahmed/colcon_ws/install/interfaces/lib/python3.12/site-packages:/home/ahmed/colcon_ws/build/bridge:/home/ahmed/colcon_ws/install/bridge/lib/python3.12/site-packages:/home/ahmed/colcon_ws/build/simulation:/home/ahmed/colcon_ws/install/simulation/lib/python3.12/site-packages:/home/ahmed/colcon_ws/build/sensor_drivers:/home/ahmed/colcon_ws/install/sensor_drivers/lib/python3.12/site-packages:/home/ahmed/colcon_ws/build/planning:/home/ahmed/colcon_ws/install/planning/lib/python3.12/site-packages:/home/ahmed/colcon_ws/build/perception:/home/ahmed/colcon_ws/install/perception/lib/python3.12/site-packages:/home/ahmed/colcon_ws/build/control:/home/ahmed/colcon_ws/install/control/lib/python3.12/site-packages:/home/ahmed/colcon_ws/install/autonomy_msgs/lib/python3.12/site-packages:/home/ahmed/colcon_ws/build/autonomy:/home/ahmed/colcon_ws/install/autonomy/lib/python3.12/site-packages:/opt/ros/jazzy/lib/python3.12/site-packages /usr/bin/python3 -W ignore:setup.py install is deprecated -W ignore:easy_install command is deprecated setup.py develop --uninstall --editable --build-directory /home/ahmed/colcon_ws/build/bridge/build
[3.498s] DEBUG:colcon.colcon_core.event_handler.log_command:Invoking command in '/home/ahmed/colcon_ws/src/bridge': DEBUGINFOD_URLS=https://debuginfod.ubuntu.com PYTHONPATH=/home/ahmed/colcon_ws/build/bridge/prefix_override:/usr/lib/python3/dist-packages/colcon_core/task/python/colcon_distutils_commands:/home/ahmed/colcon_ws/install/bridge/lib/python3.12/site-packages:/home/ahmed/colcon_ws/install/interfaces/lib/python3.12/site-packages:/home/ahmed/colcon_ws/build/bridge:/home/ahmed/colcon_ws/install/bridge/lib/python3.12/site-packages:/home/ahmed/colcon_ws/build/simulation:/home/ahmed/colcon_ws/install/simulation/lib/python3.12/site-packages:/home/ahmed/colcon_ws/build/sensor_drivers:/home/ahmed/colcon_ws/install/sensor_drivers/lib/python3.12/site-packages:/home/ahmed/colcon_ws/build/planning:/home/ahmed/colcon_ws/install/planning/lib/python3.12/site-packages:/home/ahmed/colcon_ws/build/perception:/home/ahmed/colcon_ws/install/perception/lib/python3.12/site-packages:/home/ahmed/colcon_ws/build/control:/home/ahmed/colcon_ws/install/control/lib/python3.12/site-packages:/home/ahmed/colcon_ws/install/autonomy_msgs/lib/python3.12/site-packages:/home/ahmed/colcon_ws/build/autonomy:/home/ahmed/colcon_ws/install/autonomy/lib/python3.12/site-packages:/opt/ros/jazzy/lib/python3.12/site-packages /usr/bin/python3 -W ignore:setup.py install is deprecated -W ignore:easy_install command is deprecated setup.py egg_info --egg-base ../../build/bridge build --build-base /home/ahmed/colcon_ws/build/bridge/build install --record /home/ahmed/colcon_ws/build/bridge/install.log --single-version-externally-managed install_data --force
[4.099s] Level 1:colcon.colcon_core.environment:checking '/home/ahmed/colcon_ws/install/bridge' for CMake module files
[4.100s] DEBUG:colcon.colcon_core.event_handler.log_command:Invoked command in '/home/ahmed/colcon_ws/src/bridge' returned '0': DEBUGINFOD_URLS=https://debuginfod.ubuntu.com PYTHONPATH=/home/ahmed/colcon_ws/build/bridge/prefix_override:/usr/lib/python3/dist-packages/colcon_core/task/python/colcon_distutils_commands:/home/ahmed/colcon_ws/install/bridge/lib/python3.12/site-packages:/home/ahmed/colcon_ws/install/interfaces/lib/python3.12/site-packages:/home/ahmed/colcon_ws/build/bridge:/home/ahmed/colcon_ws/install/bridge/lib/python3.12/site-packages:/home/ahmed/colcon_ws/build/simulation:/home/ahmed/colcon_ws/install/simulation/lib/python3.12/site-packages:/home/ahmed/colcon_ws/build/sensor_drivers:/home/ahmed/colcon_ws/install/sensor_drivers/lib/python3.12/site-packages:/home/ahmed/colcon_ws/build/planning:/home/ahmed/colcon_ws/install/planning/lib/python3.12/site-packages:/home/ahmed/colcon_ws/build/perception:/home/ahmed/colcon_ws/install/perception/lib/python3.12/site-packages:/home/ahmed/colcon_ws/build/control:/home/ahmed/colcon_ws/install/control/lib/python3.12/site-packages:/home/ahmed/colcon_ws/install/autonomy_msgs/lib/python3.12/site-packages:/home/ahmed/colcon_ws/build/autonomy:/home/ahmed/colcon_ws/install/autonomy/lib/python3.12/site-packages:/opt/ros/jazzy/lib/python3.12/site-packages /usr/bin/python3 -W ignore:setup.py install is deprecated -W ignore:easy_install command is deprecated setup.py egg_info --egg-base ../../build/bridge build --build-base /home/ahmed/colcon_ws/build/bridge/build install --record /home/ahmed/colcon_ws/build/bridge/install.log --single-version-externally-managed install_data --force
[4.100s] Level 1:colcon.colcon_core.environment:checking '/home/ahmed/colcon_ws/install/bridge' for CMake config files
[4.101s] Level 1:colcon.colcon_core.environment:checking '/home/ahmed/colcon_ws/install/bridge/lib'
[4.101s] Level 1:colcon.colcon_core.environment:checking '/home/ahmed/colcon_ws/install/bridge/bin'
[4.101s] Level 1:colcon.colcon_core.shell:create_environment_hook('bridge', 'path')
[4.101s] INFO:colcon.colcon_core.shell:Creating environment hook '/home/ahmed/colcon_ws/install/bridge/share/bridge/hook/path.ps1'
[4.101s] INFO:colcon.colcon_core.shell:Creating environment descriptor '/home/ahmed/colcon_ws/install/bridge/share/bridge/hook/path.dsv'
[4.102s] INFO:colcon.colcon_core.shell:Creating environment hook '/home/ahmed/colcon_ws/install/bridge/share/bridge/hook/path.sh'
[4.102s] Level 1:colcon.colcon_core.environment:checking '/home/ahmed/colcon_ws/install/bridge/lib/pkgconfig/bridge.pc'
[4.102s] Level 1:colcon.colcon_core.environment:checking '/home/ahmed/colcon_ws/install/bridge/lib/python3.12/site-packages'
[4.102s] Level 1:colcon.colcon_core.shell:create_environment_hook('bridge', 'pythonpath')
[4.103s] INFO:colcon.colcon_core.shell:Creating environment hook '/home/ahmed/colcon_ws/install/bridge/share/bridge/hook/pythonpath.ps1'
[4.103s] INFO:colcon.colcon_core.shell:Creating environment descriptor '/home/ahmed/colcon_ws/install/bridge/share/bridge/hook/pythonpath.dsv'
[4.103s] INFO:colcon.colcon_core.shell:Creating environment hook '/home/ahmed/colcon_ws/install/bridge/share/bridge/hook/pythonpath.sh'
[4.104s] Level 1:colcon.colcon_core.environment:checking '/home/ahmed/colcon_ws/install/bridge/bin'
[4.104s] Level 1:colcon.colcon_core.shell:create_environment_hook('bridge', 'pythonscriptspath')
[4.104s] INFO:colcon.colcon_core.shell:Creating environment hook '/home/ahmed/colcon_ws/install/bridge/share/bridge/hook/pythonscriptspath.ps1'
[4.105s] INFO:colcon.colcon_core.shell:Creating environment descriptor '/home/ahmed/colcon_ws/install/bridge/share/bridge/hook/pythonscriptspath.dsv'
[4.105s] INFO:colcon.colcon_core.shell:Creating environment hook '/home/ahmed/colcon_ws/install/bridge/share/bridge/hook/pythonscriptspath.sh'
[4.105s] Level 1:colcon.colcon_core.environment:create_environment_scripts_only(bridge)
[4.106s] INFO:colcon.colcon_core.shell:Creating package script '/home/ahmed/colcon_ws/install/bridge/share/bridge/package.ps1'
[4.106s] INFO:colcon.colcon_core.shell:Creating package descriptor '/home/ahmed/colcon_ws/install/bridge/share/bridge/package.dsv'
[4.107s] INFO:colcon.colcon_core.shell:Creating package script '/home/ahmed/colcon_ws/install/bridge/share/bridge/package.sh'
[4.107s] INFO:colcon.colcon_core.shell:Creating package script '/home/ahmed/colcon_ws/install/bridge/share/bridge/package.bash'
[4.108s] INFO:colcon.colcon_core.shell:Creating package script '/home/ahmed/colcon_ws/install/bridge/share/bridge/package.zsh'
[4.108s] Level 1:colcon.colcon_core.environment:create_file_with_runtime_dependencies(/home/ahmed/colcon_ws/install/bridge/share/colcon-core/packages/bridge)
[4.108s] DEBUG:colcon.colcon_parallel_executor.executor.parallel:closing loop
[4.109s] DEBUG:colcon.colcon_parallel_executor.executor.parallel:loop closed
[4.109s] DEBUG:colcon.colcon_parallel_executor.executor.parallel:run_until_complete finished with '0'
[4.109s] DEBUG:colcon.colcon_core.event_reactor:joining thread
[4.114s] INFO:colcon.colcon_core.plugin_system:Skipping extension 'colcon_notification.desktop_notification.terminal_notifier': Not used on non-Darwin systems
[4.114s] INFO:colcon.colcon_core.plugin_system:Skipping extension 'colcon_notification.desktop_notification.win32': Not used on non-Windows systems
[4.114s] INFO:colcon.colcon_notification.desktop_notification:Sending desktop notification using 'notify2'
[4.127s] DEBUG:colcon.colcon_core.event_reactor:joined thread
[4.128s] INFO:colcon.colcon_core.shell:Creating prefix script '/home/ahmed/colcon_ws/install/local_setup.ps1'
[4.129s] INFO:colcon.colcon_core.shell:Creating prefix util module '/home/ahmed/colcon_ws/install/_local_setup_util_ps1.py'
[4.130s] INFO:colcon.colcon_core.shell:Creating prefix chain script '/home/ahmed/colcon_ws/install/setup.ps1'
[4.131s] INFO:colcon.colcon_core.shell:Creating prefix script '/home/ahmed/colcon_ws/install/local_setup.sh'
[4.132s] INFO:colcon.colcon_core.shell:Creating prefix util module '/home/ahmed/colcon_ws/install/_local_setup_util_sh.py'
[4.132s] INFO:colcon.colcon_core.shell:Creating prefix chain script '/home/ahmed/colcon_ws/install/setup.sh'
[4.134s] INFO:colcon.colcon_core.shell:Creating prefix script '/home/ahmed/colcon_ws/install/local_setup.bash'
[4.135s] INFO:colcon.colcon_core.shell:Creating prefix chain script '/home/ahmed/colcon_ws/install/setup.bash'
[4.136s] INFO:colcon.colcon_core.shell:Creating prefix script '/home/ahmed/colcon_ws/install/local_setup.zsh'
[4.136s] INFO:colcon.colcon_core.shell:Creating prefix chain script '/home/ahmed/colcon_ws/install/setup.zsh'
