running develop
running egg_info
creating planning.egg-info
writing planning.egg-info/PKG-INFO
writing dependency_links to planning.egg-info/dependency_links.txt
writing entry points to planning.egg-info/entry_points.txt
writing requirements to planning.egg-info/requires.txt
writing top-level names to planning.egg-info/top_level.txt
writing manifest file 'planning.egg-info/SOURCES.txt'
reading manifest file 'planning.egg-info/SOURCES.txt'
writing manifest file 'planning.egg-info/SOURCES.txt'
running build_ext
Creating /home/ahmed/colcon_ws/install/planning/lib/python3.12/site-packages/planning.egg-link (link to .)
Installing planning_node script to /home/ahmed/colcon_ws/install/planning/lib/planning

Installed /home/ahmed/colcon_ws/build/planning
running symlink_data
creating /home/ahmed/colcon_ws/install/planning/share/ament_index
creating /home/ahmed/colcon_ws/install/planning/share/ament_index/resource_index
creating /home/ahmed/colcon_ws/install/planning/share/ament_index/resource_index/packages
symbolically linking /home/ahmed/colcon_ws/build/planning/resource/planning -> /home/ahmed/colcon_ws/install/planning/share/ament_index/resource_index/packages
symbolically linking /home/ahmed/colcon_ws/build/planning/package.xml -> /home/ahmed/colcon_ws/install/planning/share/planning
