running develop
running egg_info
creating bridge.egg-info
writing bridge.egg-info/PKG-INFO
writing dependency_links to bridge.egg-info/dependency_links.txt
writing entry points to bridge.egg-info/entry_points.txt
writing requirements to bridge.egg-info/requires.txt
writing top-level names to bridge.egg-info/top_level.txt
writing manifest file 'bridge.egg-info/SOURCES.txt'
reading manifest file 'bridge.egg-info/SOURCES.txt'
writing manifest file 'bridge.egg-info/SOURCES.txt'
running build_ext
Creating /home/ahmed/colcon_ws/install/bridge/lib/python3.12/site-packages/bridge.egg-link (link to .)
Installing bridge_node script to /home/ahmed/colcon_ws/install/bridge/lib/bridge

Installed /home/ahmed/colcon_ws/build/bridge
running symlink_data
creating /home/ahmed/colcon_ws/install/bridge/share/ament_index
creating /home/ahmed/colcon_ws/install/bridge/share/ament_index/resource_index
creating /home/ahmed/colcon_ws/install/bridge/share/ament_index/resource_index/packages
symbolically linking /home/ahmed/colcon_ws/build/bridge/resource/bridge -> /home/ahmed/colcon_ws/install/bridge/share/ament_index/resource_index/packages
symbolically linking /home/ahmed/colcon_ws/build/bridge/package.xml -> /home/ahmed/colcon_ws/install/bridge/share/bridge
