[2.320s] Invoking command in '/home/ahmed/colcon_ws/build/bridge': CMAKE_PREFIX_PATH=/home/ahmed/colcon_ws/install/interfaces:${CMAKE_PREFIX_PATH} DEBUGINFOD_URLS=https://debuginfod.ubuntu.com LD_LIBRARY_PATH=/home/ahmed/colcon_ws/install/interfaces/lib:${LD_LIBRARY_PATH} PKG_CONFIG_PATH=/home/ahmed/colcon_ws/install/interfaces/lib/x86_64-linux-gnu/pkgconfig:/home/ahmed/colcon_ws/install/interfaces/lib/pkgconfig PYTHONPATH=/home/ahmed/colcon_ws/build/bridge/prefix_override:/usr/lib/python3/dist-packages/colcon_core/task/python/colcon_distutils_commands:/home/ahmed/colcon_ws/install/bridge/lib/python3.12/site-packages:/home/ahmed/colcon_ws/install/interfaces/lib/python3.12/site-packages:${PYTHONPATH} ROS_PACKAGE_PATH=/home/ahmed/colcon_ws/install/interfaces/share /usr/bin/python3 -W ignore:setup.py install is deprecated -W ignore:easy_install command is deprecated setup.py develop --editable --build-directory /home/ahmed/colcon_ws/build/bridge/build --no-deps symlink_data
[2.675s] running develop
[2.984s] running egg_info
[2.984s] creating bridge.egg-info
[3.008s] writing bridge.egg-info/PKG-INFO
[3.008s] writing dependency_links to bridge.egg-info/dependency_links.txt
[3.008s] writing entry points to bridge.egg-info/entry_points.txt
[3.008s] writing requirements to bridge.egg-info/requires.txt
[3.008s] writing top-level names to bridge.egg-info/top_level.txt
[3.008s] writing manifest file 'bridge.egg-info/SOURCES.txt'
[3.056s] reading manifest file 'bridge.egg-info/SOURCES.txt'
[3.056s] writing manifest file 'bridge.egg-info/SOURCES.txt'
[3.080s] running build_ext
[3.080s] Creating /home/ahmed/colcon_ws/install/bridge/lib/python3.12/site-packages/bridge.egg-link (link to .)
[3.081s] Installing bridge_node script to /home/ahmed/colcon_ws/install/bridge/bin
[3.081s] 
[3.081s] Installed /home/ahmed/colcon_ws/build/bridge
[3.081s] running symlink_data
[3.081s] creating /home/ahmed/colcon_ws/install/bridge/share/ament_index
[3.081s] creating /home/ahmed/colcon_ws/install/bridge/share/ament_index/resource_index
[3.082s] creating /home/ahmed/colcon_ws/install/bridge/share/ament_index/resource_index/packages
[3.082s] symbolically linking /home/ahmed/colcon_ws/build/bridge/resource/bridge -> /home/ahmed/colcon_ws/install/bridge/share/ament_index/resource_index/packages
[3.082s] symbolically linking /home/ahmed/colcon_ws/build/bridge/package.xml -> /home/ahmed/colcon_ws/install/bridge/share/bridge
[3.106s] Invoked command in '/home/ahmed/colcon_ws/build/bridge' returned '0': CMAKE_PREFIX_PATH=/home/ahmed/colcon_ws/install/interfaces:${CMAKE_PREFIX_PATH} DEBUGINFOD_URLS=https://debuginfod.ubuntu.com LD_LIBRARY_PATH=/home/ahmed/colcon_ws/install/interfaces/lib:${LD_LIBRARY_PATH} PKG_CONFIG_PATH=/home/ahmed/colcon_ws/install/interfaces/lib/x86_64-linux-gnu/pkgconfig:/home/ahmed/colcon_ws/install/interfaces/lib/pkgconfig PYTHONPATH=/home/ahmed/colcon_ws/build/bridge/prefix_override:/usr/lib/python3/dist-packages/colcon_core/task/python/colcon_distutils_commands:/home/ahmed/colcon_ws/install/bridge/lib/python3.12/site-packages:/home/ahmed/colcon_ws/install/interfaces/lib/python3.12/site-packages:${PYTHONPATH} ROS_PACKAGE_PATH=/home/ahmed/colcon_ws/install/interfaces/share /usr/bin/python3 -W ignore:setup.py install is deprecated -W ignore:easy_install command is deprecated setup.py develop --editable --build-directory /home/ahmed/colcon_ws/build/bridge/build --no-deps symlink_data
