-- The C compiler identification is GNU 13.3.0
-- The CXX compiler identification is GNU 13.3.0
-- Detecting C compiler ABI info
-- Detecting C compiler ABI info - done
-- Check for working C compiler: /usr/bin/cc - skipped
-- Detecting C compile features
-- Detecting C compile features - done
-- Detecting CXX compiler ABI info
-- Detecting CXX compiler ABI info - done
-- Check for working CXX compiler: /usr/bin/c++ - skipped
-- Detecting CXX compile features
-- Detecting CXX compile features - done
-- Found ament_cmake: 2.5.5 (/opt/ros/jazzy/share/ament_cmake/cmake)
-- Found Python3: /usr/bin/python3 (found version "3.12.3") found components: Interpreter 
-- Override CMake install command with custom implementation using symlinks instead of copying resources
-- Found rosidl_default_generators: 1.6.0 (/opt/ros/jazzy/share/rosidl_default_generators/cmake)
-- Using all available rosidl_typesupport_c: rosidl_typesupport_fastrtps_c;rosidl_typesupport_introspection_c
-- Using all available rosidl_typesupport_cpp: rosidl_typesupport_fastrtps_cpp;rosidl_typesupport_introspection_cpp
-- Found rosidl_adapter: 4.6.7 (/opt/ros/jazzy/share/rosidl_adapter/cmake)
-- Found std_msgs: 5.3.6 (/opt/ros/jazzy/share/std_msgs/cmake)
-- Found geometry_msgs: 5.3.6 (/opt/ros/jazzy/share/geometry_msgs/cmake)
-- Found ament_cmake_ros: 0.12.0 (/opt/ros/jazzy/share/ament_cmake_ros/cmake)
-- Using all available rosidl_typesupport_c: rosidl_typesupport_fastrtps_c;rosidl_typesupport_introspection_c
-- Using all available rosidl_typesupport_cpp: rosidl_typesupport_fastrtps_cpp;rosidl_typesupport_introspection_cpp
-- Found python_cmake_module: 0.11.1 (/opt/ros/jazzy/share/python_cmake_module/cmake)
-- Found PythonExtra: /usr/bin/python3  
-- Found Python3: /usr/bin/python3 (found version "3.12.3") found components: Interpreter Development NumPy Development.Module Development.Embed 
-- Configuring done (3.2s)
-- Generating done (0.0s)
-- Build files have been written to: /home/ahmed/colcon_ws/build/autonomy_msgs
[  2%] [34m[1mGenerating type hashes for ROS interfaces[0m
[  2%] Built target ament_cmake_python_symlink_autonomy_msgs
[  2%] Built target autonomy_msgs__rosidl_generator_type_description
[  4%] [34m[1mGenerating C code for ROS interfaces[0m
[  6%] [34m[1mGenerating C++ code for ROS interfaces[0m
running egg_info
creating autonomy_msgs.egg-info
writing autonomy_msgs.egg-info/PKG-INFO
writing dependency_links to autonomy_msgs.egg-info/dependency_links.txt
writing top-level names to autonomy_msgs.egg-info/top_level.txt
writing manifest file 'autonomy_msgs.egg-info/SOURCES.txt'
reading manifest file 'autonomy_msgs.egg-info/SOURCES.txt'
writing manifest file 'autonomy_msgs.egg-info/SOURCES.txt'
[  6%] Built target ament_cmake_python_build_autonomy_msgs_egg
[  6%] Built target autonomy_msgs__cpp
[ 15%] [32mBuilding C object CMakeFiles/autonomy_msgs__rosidl_generator_c.dir/rosidl_generator_c/autonomy_msgs/msg/detail/detection_array__description.c.o[0m
[ 15%] [32mBuilding C object CMakeFiles/autonomy_msgs__rosidl_generator_c.dir/rosidl_generator_c/autonomy_msgs/msg/detail/detection__functions.c.o[0m
[ 15%] [32mBuilding C object CMakeFiles/autonomy_msgs__rosidl_generator_c.dir/rosidl_generator_c/autonomy_msgs/msg/detail/detection__description.c.o[0m
[ 18%] [32mBuilding C object CMakeFiles/autonomy_msgs__rosidl_generator_c.dir/rosidl_generator_c/autonomy_msgs/msg/detail/detection__type_support.c.o[0m
[ 18%] [32mBuilding C object CMakeFiles/autonomy_msgs__rosidl_generator_c.dir/rosidl_generator_c/autonomy_msgs/msg/detail/detection_array__functions.c.o[0m
[ 20%] [32mBuilding C object CMakeFiles/autonomy_msgs__rosidl_generator_c.dir/rosidl_generator_c/autonomy_msgs/msg/detail/detection_array__type_support.c.o[0m
[ 22%] [32m[1mLinking C shared library libautonomy_msgs__rosidl_generator_c.so[0m
[ 22%] Built target autonomy_msgs__rosidl_generator_c
[ 34%] [34m[1mGenerating C++ type support for eProsima Fast-RTPS[0m
[ 34%] [34m[1mGenerating C type support dispatch for ROS interfaces[0m
[ 34%] [34m[1mGenerating C++ type support dispatch for ROS interfaces[0m
[ 34%] [34m[1mGenerating C type support for eProsima Fast-RTPS[0m
[ 34%] [34m[1mGenerating C introspection for ROS interfaces[0m
[ 36%] [34m[1mGenerating C++ introspection for ROS interfaces[0m
[ 38%] [32mBuilding CXX object CMakeFiles/autonomy_msgs__rosidl_typesupport_c.dir/rosidl_typesupport_c/autonomy_msgs/msg/detection__type_support.cpp.o[0m
[ 40%] [32mBuilding CXX object CMakeFiles/autonomy_msgs__rosidl_typesupport_c.dir/rosidl_typesupport_c/autonomy_msgs/msg/detection_array__type_support.cpp.o[0m
[ 43%] [32mBuilding CXX object CMakeFiles/autonomy_msgs__rosidl_typesupport_cpp.dir/rosidl_typesupport_cpp/autonomy_msgs/msg/detection_array__type_support.cpp.o[0m
[ 45%] [32mBuilding CXX object CMakeFiles/autonomy_msgs__rosidl_typesupport_cpp.dir/rosidl_typesupport_cpp/autonomy_msgs/msg/detection__type_support.cpp.o[0m
[ 47%] [32mBuilding CXX object CMakeFiles/autonomy_msgs__rosidl_typesupport_introspection_cpp.dir/rosidl_typesupport_introspection_cpp/autonomy_msgs/msg/detail/detection__type_support.cpp.o[0m
[ 50%] [32mBuilding CXX object CMakeFiles/autonomy_msgs__rosidl_typesupport_introspection_cpp.dir/rosidl_typesupport_introspection_cpp/autonomy_msgs/msg/detail/detection_array__type_support.cpp.o[0m
[ 52%] [32mBuilding C object CMakeFiles/autonomy_msgs__rosidl_typesupport_introspection_c.dir/rosidl_typesupport_introspection_c/autonomy_msgs/msg/detail/detection__type_support.c.o[0m
[ 54%] [32mBuilding C object CMakeFiles/autonomy_msgs__rosidl_typesupport_introspection_c.dir/rosidl_typesupport_introspection_c/autonomy_msgs/msg/detail/detection_array__type_support.c.o[0m
[ 56%] [32m[1mLinking CXX shared library libautonomy_msgs__rosidl_typesupport_c.so[0m
[ 61%] [32mBuilding CXX object CMakeFiles/autonomy_msgs__rosidl_typesupport_fastrtps_cpp.dir/rosidl_typesupport_fastrtps_cpp/autonomy_msgs/msg/detail/dds_fastrtps/detection__type_support.cpp.o[0m
[ 61%] [32mBuilding CXX object CMakeFiles/autonomy_msgs__rosidl_typesupport_fastrtps_cpp.dir/rosidl_typesupport_fastrtps_cpp/autonomy_msgs/msg/detail/dds_fastrtps/detection_array__type_support.cpp.o[0m
[ 63%] [32mBuilding CXX object CMakeFiles/autonomy_msgs__rosidl_typesupport_fastrtps_c.dir/rosidl_typesupport_fastrtps_c/autonomy_msgs/msg/detail/detection__type_support_c.cpp.o[0m
[ 65%] [32mBuilding CXX object CMakeFiles/autonomy_msgs__rosidl_typesupport_fastrtps_c.dir/rosidl_typesupport_fastrtps_c/autonomy_msgs/msg/detail/detection_array__type_support_c.cpp.o[0m
[ 68%] [32m[1mLinking C shared library libautonomy_msgs__rosidl_typesupport_introspection_c.so[0m
[ 68%] Built target autonomy_msgs__rosidl_typesupport_c
[ 68%] Built target autonomy_msgs__rosidl_typesupport_introspection_c
[ 70%] [32m[1mLinking CXX shared library libautonomy_msgs__rosidl_typesupport_cpp.so[0m
[ 70%] Built target autonomy_msgs__rosidl_typesupport_cpp
[ 72%] [32m[1mLinking CXX shared library libautonomy_msgs__rosidl_typesupport_fastrtps_c.so[0m
[ 75%] [32m[1mLinking CXX shared library libautonomy_msgs__rosidl_typesupport_introspection_cpp.so[0m
[ 75%] Built target autonomy_msgs__rosidl_typesupport_fastrtps_c
[ 75%] Built target autonomy_msgs__rosidl_typesupport_introspection_cpp
[ 77%] [32m[1mLinking CXX shared library libautonomy_msgs__rosidl_typesupport_fastrtps_cpp.so[0m
[ 77%] Built target autonomy_msgs__rosidl_typesupport_fastrtps_cpp
[ 77%] Built target autonomy_msgs
[ 79%] [34m[1mGenerating Python code for ROS interfaces[0m
[ 79%] Built target autonomy_msgs__py
[ 84%] [32mBuilding C object CMakeFiles/autonomy_msgs__rosidl_generator_py.dir/rosidl_generator_py/autonomy_msgs/msg/_detection_s.c.o[0m
[ 84%] [32mBuilding C object CMakeFiles/autonomy_msgs__rosidl_generator_py.dir/rosidl_generator_py/autonomy_msgs/msg/_detection_array_s.c.o[0m
[ 86%] [32m[1mLinking C shared library libautonomy_msgs__rosidl_generator_py.so[0m
[ 86%] Built target autonomy_msgs__rosidl_generator_py
[ 93%] [32mBuilding C object CMakeFiles/autonomy_msgs_s__rosidl_typesupport_c.dir/rosidl_generator_py/autonomy_msgs/_autonomy_msgs_s.ep.rosidl_typesupport_c.c.o[0m
[ 93%] [32mBuilding C object CMakeFiles/autonomy_msgs_s__rosidl_typesupport_introspection_c.dir/rosidl_generator_py/autonomy_msgs/_autonomy_msgs_s.ep.rosidl_typesupport_introspection_c.c.o[0m
[ 93%] [32mBuilding C object CMakeFiles/autonomy_msgs_s__rosidl_typesupport_fastrtps_c.dir/rosidl_generator_py/autonomy_msgs/_autonomy_msgs_s.ep.rosidl_typesupport_fastrtps_c.c.o[0m
[ 95%] [32m[1mLinking C shared module rosidl_generator_py/autonomy_msgs/autonomy_msgs_s__rosidl_typesupport_c.so[0m
[ 97%] [32m[1mLinking C shared module rosidl_generator_py/autonomy_msgs/autonomy_msgs_s__rosidl_typesupport_introspection_c.so[0m
[100%] [32m[1mLinking C shared module rosidl_generator_py/autonomy_msgs/autonomy_msgs_s__rosidl_typesupport_fastrtps_c.so[0m
[100%] Built target autonomy_msgs_s__rosidl_typesupport_c
[100%] Built target autonomy_msgs_s__rosidl_typesupport_introspection_c
[100%] Built target autonomy_msgs_s__rosidl_typesupport_fastrtps_c
-- Install configuration: ""
-- Execute custom install script
-- Symlinking: /home/ahmed/colcon_ws/install/autonomy_msgs/share/ament_index/resource_index/rosidl_interfaces/autonomy_msgs
-- Symlinking: /home/ahmed/colcon_ws/install/autonomy_msgs/share/autonomy_msgs/msg/Detection.json
-- Symlinking: /home/ahmed/colcon_ws/install/autonomy_msgs/share/autonomy_msgs/msg/DetectionArray.json
-- Symlinking: /home/ahmed/colcon_ws/install/autonomy_msgs/include/autonomy_msgs/autonomy_msgs/msg/detail/detection__functions.h
-- Symlinking: /home/ahmed/colcon_ws/install/autonomy_msgs/include/autonomy_msgs/autonomy_msgs/msg/detail/detection__struct.h
-- Symlinking: /home/ahmed/colcon_ws/install/autonomy_msgs/include/autonomy_msgs/autonomy_msgs/msg/detail/detection__type_support.h
-- Symlinking: /home/ahmed/colcon_ws/install/autonomy_msgs/include/autonomy_msgs/autonomy_msgs/msg/detail/detection_array__functions.h
-- Symlinking: /home/ahmed/colcon_ws/install/autonomy_msgs/include/autonomy_msgs/autonomy_msgs/msg/detail/detection_array__struct.h
-- Symlinking: /home/ahmed/colcon_ws/install/autonomy_msgs/include/autonomy_msgs/autonomy_msgs/msg/detail/detection_array__type_support.h
-- Symlinking: /home/ahmed/colcon_ws/install/autonomy_msgs/include/autonomy_msgs/autonomy_msgs/msg/detection.h
-- Symlinking: /home/ahmed/colcon_ws/install/autonomy_msgs/include/autonomy_msgs/autonomy_msgs/msg/detection_array.h
-- Symlinking: /home/ahmed/colcon_ws/install/autonomy_msgs/include/autonomy_msgs/autonomy_msgs/msg/rosidl_generator_c__visibility_control.h
-- Symlinking: /home/ahmed/colcon_ws/install/autonomy_msgs/share/autonomy_msgs/environment/library_path.sh
-- Symlinking: /home/ahmed/colcon_ws/install/autonomy_msgs/share/autonomy_msgs/environment/library_path.dsv
-- Symlinking: /home/ahmed/colcon_ws/install/autonomy_msgs/include/autonomy_msgs/autonomy_msgs/msg/detail/detection__rosidl_typesupport_fastrtps_c.h
-- Symlinking: /home/ahmed/colcon_ws/install/autonomy_msgs/include/autonomy_msgs/autonomy_msgs/msg/detail/detection_array__rosidl_typesupport_fastrtps_c.h
-- Symlinking: /home/ahmed/colcon_ws/install/autonomy_msgs/include/autonomy_msgs/autonomy_msgs/msg/rosidl_typesupport_fastrtps_c__visibility_control.h
-- Symlinking: /home/ahmed/colcon_ws/install/autonomy_msgs/include/autonomy_msgs/autonomy_msgs/msg/detail/detection__rosidl_typesupport_introspection_c.h
-- Symlinking: /home/ahmed/colcon_ws/install/autonomy_msgs/include/autonomy_msgs/autonomy_msgs/msg/detail/detection_array__rosidl_typesupport_introspection_c.h
-- Symlinking: /home/ahmed/colcon_ws/install/autonomy_msgs/include/autonomy_msgs/autonomy_msgs/msg/rosidl_typesupport_introspection_c__visibility_control.h
-- Symlinking: /home/ahmed/colcon_ws/install/autonomy_msgs/include/autonomy_msgs/autonomy_msgs/msg/detail/detection__builder.hpp
-- Symlinking: /home/ahmed/colcon_ws/install/autonomy_msgs/include/autonomy_msgs/autonomy_msgs/msg/detail/detection__struct.hpp
-- Symlinking: /home/ahmed/colcon_ws/install/autonomy_msgs/include/autonomy_msgs/autonomy_msgs/msg/detail/detection__traits.hpp
-- Symlinking: /home/ahmed/colcon_ws/install/autonomy_msgs/include/autonomy_msgs/autonomy_msgs/msg/detail/detection__type_support.hpp
-- Symlinking: /home/ahmed/colcon_ws/install/autonomy_msgs/include/autonomy_msgs/autonomy_msgs/msg/detail/detection_array__builder.hpp
-- Symlinking: /home/ahmed/colcon_ws/install/autonomy_msgs/include/autonomy_msgs/autonomy_msgs/msg/detail/detection_array__struct.hpp
-- Symlinking: /home/ahmed/colcon_ws/install/autonomy_msgs/include/autonomy_msgs/autonomy_msgs/msg/detail/detection_array__traits.hpp
-- Symlinking: /home/ahmed/colcon_ws/install/autonomy_msgs/include/autonomy_msgs/autonomy_msgs/msg/detail/detection_array__type_support.hpp
-- Symlinking: /home/ahmed/colcon_ws/install/autonomy_msgs/include/autonomy_msgs/autonomy_msgs/msg/detection.hpp
-- Symlinking: /home/ahmed/colcon_ws/install/autonomy_msgs/include/autonomy_msgs/autonomy_msgs/msg/detection_array.hpp
-- Symlinking: /home/ahmed/colcon_ws/install/autonomy_msgs/include/autonomy_msgs/autonomy_msgs/msg/rosidl_generator_cpp__visibility_control.hpp
-- Symlinking: /home/ahmed/colcon_ws/install/autonomy_msgs/include/autonomy_msgs/autonomy_msgs/msg/detail/detection__rosidl_typesupport_fastrtps_cpp.hpp
-- Symlinking: /home/ahmed/colcon_ws/install/autonomy_msgs/include/autonomy_msgs/autonomy_msgs/msg/detail/detection_array__rosidl_typesupport_fastrtps_cpp.hpp
-- Symlinking: /home/ahmed/colcon_ws/install/autonomy_msgs/include/autonomy_msgs/autonomy_msgs/msg/rosidl_typesupport_fastrtps_cpp__visibility_control.h
-- Symlinking: /home/ahmed/colcon_ws/install/autonomy_msgs/include/autonomy_msgs/autonomy_msgs/msg/detail/detection__rosidl_typesupport_introspection_cpp.hpp
-- Symlinking: /home/ahmed/colcon_ws/install/autonomy_msgs/include/autonomy_msgs/autonomy_msgs/msg/detail/detection_array__rosidl_typesupport_introspection_cpp.hpp
-- Symlinking: /home/ahmed/colcon_ws/install/autonomy_msgs/share/autonomy_msgs/environment/pythonpath.sh
-- Symlinking: /home/ahmed/colcon_ws/install/autonomy_msgs/share/autonomy_msgs/environment/pythonpath.dsv
-- Symlinking: /home/ahmed/colcon_ws/install/autonomy_msgs/lib/python3.12/site-packages/autonomy_msgs-0.0.0-py3.12.egg-info/PKG-INFO
-- Symlinking: /home/ahmed/colcon_ws/install/autonomy_msgs/lib/python3.12/site-packages/autonomy_msgs-0.0.0-py3.12.egg-info/SOURCES.txt
-- Symlinking: /home/ahmed/colcon_ws/install/autonomy_msgs/lib/python3.12/site-packages/autonomy_msgs-0.0.0-py3.12.egg-info/dependency_links.txt
-- Symlinking: /home/ahmed/colcon_ws/install/autonomy_msgs/lib/python3.12/site-packages/autonomy_msgs-0.0.0-py3.12.egg-info/top_level.txt
-- Symlinking: /home/ahmed/colcon_ws/install/autonomy_msgs/lib/python3.12/site-packages/autonomy_msgs/__init__.py
-- Symlinking: /home/ahmed/colcon_ws/install/autonomy_msgs/lib/python3.12/site-packages/autonomy_msgs/_autonomy_msgs_s.ep.rosidl_typesupport_c.c
-- Symlinking: /home/ahmed/colcon_ws/install/autonomy_msgs/lib/python3.12/site-packages/autonomy_msgs/_autonomy_msgs_s.ep.rosidl_typesupport_fastrtps_c.c
-- Symlinking: /home/ahmed/colcon_ws/install/autonomy_msgs/lib/python3.12/site-packages/autonomy_msgs/_autonomy_msgs_s.ep.rosidl_typesupport_introspection_c.c
-- Symlinking: /home/ahmed/colcon_ws/install/autonomy_msgs/lib/python3.12/site-packages/autonomy_msgs/autonomy_msgs_s__rosidl_typesupport_c.so
-- Symlinking: /home/ahmed/colcon_ws/install/autonomy_msgs/lib/python3.12/site-packages/autonomy_msgs/autonomy_msgs_s__rosidl_typesupport_fastrtps_c.so
-- Symlinking: /home/ahmed/colcon_ws/install/autonomy_msgs/lib/python3.12/site-packages/autonomy_msgs/autonomy_msgs_s__rosidl_typesupport_introspection_c.so
-- Symlinking: /home/ahmed/colcon_ws/install/autonomy_msgs/lib/python3.12/site-packages/autonomy_msgs/msg/__init__.py
-- Symlinking: /home/ahmed/colcon_ws/install/autonomy_msgs/lib/python3.12/site-packages/autonomy_msgs/msg/_detection.py
-- Symlinking: /home/ahmed/colcon_ws/install/autonomy_msgs/lib/python3.12/site-packages/autonomy_msgs/msg/_detection_array.py
-- Symlinking: /home/ahmed/colcon_ws/install/autonomy_msgs/lib/python3.12/site-packages/autonomy_msgs/msg/_detection_array_s.c
-- Symlinking: /home/ahmed/colcon_ws/install/autonomy_msgs/lib/python3.12/site-packages/autonomy_msgs/msg/_detection_s.c
-- Up-to-date symlink: /home/ahmed/colcon_ws/install/autonomy_msgs/lib/python3.12/site-packages/autonomy_msgs/autonomy_msgs_s__rosidl_typesupport_fastrtps_c.so
-- Up-to-date symlink: /home/ahmed/colcon_ws/install/autonomy_msgs/lib/python3.12/site-packages/autonomy_msgs/autonomy_msgs_s__rosidl_typesupport_introspection_c.so
-- Up-to-date symlink: /home/ahmed/colcon_ws/install/autonomy_msgs/lib/python3.12/site-packages/autonomy_msgs/autonomy_msgs_s__rosidl_typesupport_c.so
-- Symlinking: /home/ahmed/colcon_ws/install/autonomy_msgs/share/autonomy_msgs/msg/Detection.idl
-- Symlinking: /home/ahmed/colcon_ws/install/autonomy_msgs/share/autonomy_msgs/msg/DetectionArray.idl
-- Symlinking: /home/ahmed/colcon_ws/install/autonomy_msgs/share/autonomy_msgs/msg/Detection.msg
-- Symlinking: /home/ahmed/colcon_ws/install/autonomy_msgs/share/autonomy_msgs/msg/DetectionArray.msg
-- Symlinking: /home/ahmed/colcon_ws/install/autonomy_msgs/share/ament_index/resource_index/package_run_dependencies/autonomy_msgs
-- Symlinking: /home/ahmed/colcon_ws/install/autonomy_msgs/share/ament_index/resource_index/parent_prefix_path/autonomy_msgs
-- Symlinking: /home/ahmed/colcon_ws/install/autonomy_msgs/share/autonomy_msgs/environment/ament_prefix_path.sh
-- Symlinking: /home/ahmed/colcon_ws/install/autonomy_msgs/share/autonomy_msgs/environment/ament_prefix_path.dsv
-- Symlinking: /home/ahmed/colcon_ws/install/autonomy_msgs/share/autonomy_msgs/environment/path.sh
-- Symlinking: /home/ahmed/colcon_ws/install/autonomy_msgs/share/autonomy_msgs/environment/path.dsv
-- Symlinking: /home/ahmed/colcon_ws/install/autonomy_msgs/share/autonomy_msgs/local_setup.bash
-- Symlinking: /home/ahmed/colcon_ws/install/autonomy_msgs/share/autonomy_msgs/local_setup.sh
-- Symlinking: /home/ahmed/colcon_ws/install/autonomy_msgs/share/autonomy_msgs/local_setup.zsh
-- Symlinking: /home/ahmed/colcon_ws/install/autonomy_msgs/share/autonomy_msgs/local_setup.dsv
-- Symlinking: /home/ahmed/colcon_ws/install/autonomy_msgs/share/autonomy_msgs/package.dsv
-- Symlinking: /home/ahmed/colcon_ws/install/autonomy_msgs/share/ament_index/resource_index/packages/autonomy_msgs
-- Symlinking: /home/ahmed/colcon_ws/install/autonomy_msgs/share/autonomy_msgs/cmake/rosidl_cmake-extras.cmake
-- Symlinking: /home/ahmed/colcon_ws/install/autonomy_msgs/share/autonomy_msgs/cmake/ament_cmake_export_dependencies-extras.cmake
-- Symlinking: /home/ahmed/colcon_ws/install/autonomy_msgs/share/autonomy_msgs/cmake/ament_cmake_export_include_directories-extras.cmake
-- Symlinking: /home/ahmed/colcon_ws/install/autonomy_msgs/share/autonomy_msgs/cmake/ament_cmake_export_libraries-extras.cmake
-- Symlinking: /home/ahmed/colcon_ws/install/autonomy_msgs/share/autonomy_msgs/cmake/ament_cmake_export_targets-extras.cmake
-- Symlinking: /home/ahmed/colcon_ws/install/autonomy_msgs/share/autonomy_msgs/cmake/rosidl_cmake_export_typesupport_targets-extras.cmake
-- Symlinking: /home/ahmed/colcon_ws/install/autonomy_msgs/share/autonomy_msgs/cmake/rosidl_cmake_export_typesupport_libraries-extras.cmake
-- Symlinking: /home/ahmed/colcon_ws/install/autonomy_msgs/share/autonomy_msgs/cmake/autonomy_msgsConfig.cmake
-- Symlinking: /home/ahmed/colcon_ws/install/autonomy_msgs/share/autonomy_msgs/cmake/autonomy_msgsConfig-version.cmake
-- Symlinking: /home/ahmed/colcon_ws/install/autonomy_msgs/share/autonomy_msgs/package.xml
-- Installing: /home/ahmed/colcon_ws/install/autonomy_msgs/lib/libautonomy_msgs__rosidl_generator_c.so
-- Set non-toolchain portion of runtime path of "/home/ahmed/colcon_ws/install/autonomy_msgs/lib/libautonomy_msgs__rosidl_generator_c.so" to ""
-- Installing: /home/ahmed/colcon_ws/install/autonomy_msgs/lib/libautonomy_msgs__rosidl_typesupport_fastrtps_c.so
-- Set non-toolchain portion of runtime path of "/home/ahmed/colcon_ws/install/autonomy_msgs/lib/libautonomy_msgs__rosidl_typesupport_fastrtps_c.so" to ""
-- Installing: /home/ahmed/colcon_ws/install/autonomy_msgs/lib/libautonomy_msgs__rosidl_typesupport_introspection_c.so
-- Set non-toolchain portion of runtime path of "/home/ahmed/colcon_ws/install/autonomy_msgs/lib/libautonomy_msgs__rosidl_typesupport_introspection_c.so" to ""
-- Installing: /home/ahmed/colcon_ws/install/autonomy_msgs/lib/libautonomy_msgs__rosidl_typesupport_c.so
-- Set non-toolchain portion of runtime path of "/home/ahmed/colcon_ws/install/autonomy_msgs/lib/libautonomy_msgs__rosidl_typesupport_c.so" to ""
-- Installing: /home/ahmed/colcon_ws/install/autonomy_msgs/lib/libautonomy_msgs__rosidl_typesupport_fastrtps_cpp.so
-- Set non-toolchain portion of runtime path of "/home/ahmed/colcon_ws/install/autonomy_msgs/lib/libautonomy_msgs__rosidl_typesupport_fastrtps_cpp.so" to ""
-- Installing: /home/ahmed/colcon_ws/install/autonomy_msgs/lib/libautonomy_msgs__rosidl_typesupport_introspection_cpp.so
-- Set non-toolchain portion of runtime path of "/home/ahmed/colcon_ws/install/autonomy_msgs/lib/libautonomy_msgs__rosidl_typesupport_introspection_cpp.so" to ""
-- Installing: /home/ahmed/colcon_ws/install/autonomy_msgs/lib/libautonomy_msgs__rosidl_typesupport_cpp.so
-- Set non-toolchain portion of runtime path of "/home/ahmed/colcon_ws/install/autonomy_msgs/lib/libautonomy_msgs__rosidl_typesupport_cpp.so" to ""
Listing '/home/ahmed/colcon_ws/install/autonomy_msgs/lib/python3.12/site-packages/autonomy_msgs'...
Compiling '/home/ahmed/colcon_ws/install/autonomy_msgs/lib/python3.12/site-packages/autonomy_msgs/__init__.py'...
Listing '/home/ahmed/colcon_ws/install/autonomy_msgs/lib/python3.12/site-packages/autonomy_msgs/msg'...
Compiling '/home/ahmed/colcon_ws/install/autonomy_msgs/lib/python3.12/site-packages/autonomy_msgs/msg/__init__.py'...
Compiling '/home/ahmed/colcon_ws/install/autonomy_msgs/lib/python3.12/site-packages/autonomy_msgs/msg/_detection.py'...
Compiling '/home/ahmed/colcon_ws/install/autonomy_msgs/lib/python3.12/site-packages/autonomy_msgs/msg/_detection_array.py'...
-- Installing: /home/ahmed/colcon_ws/install/autonomy_msgs/lib/libautonomy_msgs__rosidl_generator_py.so
-- Set non-toolchain portion of runtime path of "/home/ahmed/colcon_ws/install/autonomy_msgs/lib/libautonomy_msgs__rosidl_generator_py.so" to ""
-- Installing: /home/ahmed/colcon_ws/install/autonomy_msgs/share/autonomy_msgs/cmake/export_autonomy_msgs__rosidl_generator_cExport.cmake
-- Installing: /home/ahmed/colcon_ws/install/autonomy_msgs/share/autonomy_msgs/cmake/export_autonomy_msgs__rosidl_generator_cExport-noconfig.cmake
-- Installing: /home/ahmed/colcon_ws/install/autonomy_msgs/share/autonomy_msgs/cmake/export_autonomy_msgs__rosidl_typesupport_fastrtps_cExport.cmake
-- Installing: /home/ahmed/colcon_ws/install/autonomy_msgs/share/autonomy_msgs/cmake/export_autonomy_msgs__rosidl_typesupport_fastrtps_cExport-noconfig.cmake
-- Installing: /home/ahmed/colcon_ws/install/autonomy_msgs/share/autonomy_msgs/cmake/autonomy_msgs__rosidl_typesupport_introspection_cExport.cmake
-- Installing: /home/ahmed/colcon_ws/install/autonomy_msgs/share/autonomy_msgs/cmake/autonomy_msgs__rosidl_typesupport_introspection_cExport-noconfig.cmake
-- Installing: /home/ahmed/colcon_ws/install/autonomy_msgs/share/autonomy_msgs/cmake/autonomy_msgs__rosidl_typesupport_cExport.cmake
-- Installing: /home/ahmed/colcon_ws/install/autonomy_msgs/share/autonomy_msgs/cmake/autonomy_msgs__rosidl_typesupport_cExport-noconfig.cmake
-- Installing: /home/ahmed/colcon_ws/install/autonomy_msgs/share/autonomy_msgs/cmake/export_autonomy_msgs__rosidl_generator_cppExport.cmake
-- Installing: /home/ahmed/colcon_ws/install/autonomy_msgs/share/autonomy_msgs/cmake/export_autonomy_msgs__rosidl_typesupport_fastrtps_cppExport.cmake
-- Installing: /home/ahmed/colcon_ws/install/autonomy_msgs/share/autonomy_msgs/cmake/export_autonomy_msgs__rosidl_typesupport_fastrtps_cppExport-noconfig.cmake
-- Installing: /home/ahmed/colcon_ws/install/autonomy_msgs/share/autonomy_msgs/cmake/autonomy_msgs__rosidl_typesupport_introspection_cppExport.cmake
-- Installing: /home/ahmed/colcon_ws/install/autonomy_msgs/share/autonomy_msgs/cmake/autonomy_msgs__rosidl_typesupport_introspection_cppExport-noconfig.cmake
-- Installing: /home/ahmed/colcon_ws/install/autonomy_msgs/share/autonomy_msgs/cmake/autonomy_msgs__rosidl_typesupport_cppExport.cmake
-- Installing: /home/ahmed/colcon_ws/install/autonomy_msgs/share/autonomy_msgs/cmake/autonomy_msgs__rosidl_typesupport_cppExport-noconfig.cmake
-- Installing: /home/ahmed/colcon_ws/install/autonomy_msgs/share/autonomy_msgs/cmake/export_autonomy_msgs__rosidl_generator_pyExport.cmake
-- Installing: /home/ahmed/colcon_ws/install/autonomy_msgs/share/autonomy_msgs/cmake/export_autonomy_msgs__rosidl_generator_pyExport-noconfig.cmake
