[0.009s] Invoking command in '/home/ahmed/colcon_ws/build/autonomy_msgs': CMAKE_PREFIX_PATH=${CMAKE_PREFIX_PATH}:/home/ahmed/colcon_ws/install/simulation:/home/ahmed/colcon_ws/install/sensor_drivers:/home/ahmed/colcon_ws/install/planning:/home/ahmed/colcon_ws/install/perception:/home/ahmed/colcon_ws/install/control:/home/ahmed/colcon_ws/install/autonomy:/opt/ros/jazzy DEBUGINFOD_URLS=https://debuginfod.ubuntu.com /usr/bin/cmake /home/ahmed/colcon_ws/src/autonomy_msgs -DAMENT_CMAKE_SYMLINK_INSTALL=1 -DCMAKE_INSTALL_PREFIX=/home/ahmed/colcon_ws/install/autonomy_msgs
[0.056s] -- The C compiler identification is GNU 13.3.0
[0.105s] -- The CXX compiler identification is GNU 13.3.0
[0.119s] -- Detecting C compiler ABI info
[0.200s] -- Detecting C compiler ABI info - done
[0.215s] -- Check for working C compiler: /usr/bin/cc - skipped
[0.216s] -- Detecting C compile features
[0.216s] -- Detecting C compile features - done
[0.225s] -- Detecting CXX compiler ABI info
[0.311s] -- Detecting CXX compiler ABI info - done
[0.323s] -- Check for working CXX compiler: /usr/bin/c++ - skipped
[0.324s] -- Detecting CXX compile features
[0.324s] -- Detecting CXX compile features - done
[0.329s] -- Found ament_cmake: 2.5.5 (/opt/ros/jazzy/share/ament_cmake/cmake)
[0.483s] -- Found Python3: /usr/bin/python3 (found version "3.12.3") found components: Interpreter 
[0.556s] -- Override CMake install command with custom implementation using symlinks instead of copying resources
[0.601s] -- Found rosidl_default_generators: 1.6.0 (/opt/ros/jazzy/share/rosidl_default_generators/cmake)
[0.610s] -- Using all available rosidl_typesupport_c: rosidl_typesupport_fastrtps_c;rosidl_typesupport_introspection_c
[0.673s] -- Using all available rosidl_typesupport_cpp: rosidl_typesupport_fastrtps_cpp;rosidl_typesupport_introspection_cpp
[0.726s] -- Found rosidl_adapter: 4.6.7 (/opt/ros/jazzy/share/rosidl_adapter/cmake)
[0.730s] -- Found std_msgs: 5.3.6 (/opt/ros/jazzy/share/std_msgs/cmake)
[0.770s] -- Found geometry_msgs: 5.3.6 (/opt/ros/jazzy/share/geometry_msgs/cmake)
[1.408s] -- Found ament_cmake_ros: 0.12.0 (/opt/ros/jazzy/share/ament_cmake_ros/cmake)
[1.918s] -- Using all available rosidl_typesupport_c: rosidl_typesupport_fastrtps_c;rosidl_typesupport_introspection_c
[2.589s] -- Using all available rosidl_typesupport_cpp: rosidl_typesupport_fastrtps_cpp;rosidl_typesupport_introspection_cpp
[2.593s] -- Found python_cmake_module: 0.11.1 (/opt/ros/jazzy/share/python_cmake_module/cmake)
[2.726s] -- Found PythonExtra: /usr/bin/python3  
[3.150s] -- Found Python3: /usr/bin/python3 (found version "3.12.3") found components: Interpreter Development NumPy Development.Module Development.Embed 
[3.223s] -- Configuring done (3.2s)
[3.260s] -- Generating done (0.0s)
[3.271s] -- Build files have been written to: /home/ahmed/colcon_ws/build/autonomy_msgs
[3.277s] Invoked command in '/home/ahmed/colcon_ws/build/autonomy_msgs' returned '0': CMAKE_PREFIX_PATH=${CMAKE_PREFIX_PATH}:/home/ahmed/colcon_ws/install/simulation:/home/ahmed/colcon_ws/install/sensor_drivers:/home/ahmed/colcon_ws/install/planning:/home/ahmed/colcon_ws/install/perception:/home/ahmed/colcon_ws/install/control:/home/ahmed/colcon_ws/install/autonomy:/opt/ros/jazzy DEBUGINFOD_URLS=https://debuginfod.ubuntu.com /usr/bin/cmake /home/ahmed/colcon_ws/src/autonomy_msgs -DAMENT_CMAKE_SYMLINK_INSTALL=1 -DCMAKE_INSTALL_PREFIX=/home/ahmed/colcon_ws/install/autonomy_msgs
[3.278s] Invoking command in '/home/ahmed/colcon_ws/build/autonomy_msgs': CMAKE_PREFIX_PATH=${CMAKE_PREFIX_PATH}:/home/ahmed/colcon_ws/install/simulation:/home/ahmed/colcon_ws/install/sensor_drivers:/home/ahmed/colcon_ws/install/planning:/home/ahmed/colcon_ws/install/perception:/home/ahmed/colcon_ws/install/control:/home/ahmed/colcon_ws/install/autonomy:/opt/ros/jazzy DEBUGINFOD_URLS=https://debuginfod.ubuntu.com /usr/bin/cmake --build /home/ahmed/colcon_ws/build/autonomy_msgs -- -j12 -l12
[3.321s] [  2%] [34m[1mGenerating type hashes for ROS interfaces[0m
[3.328s] [  2%] Built target ament_cmake_python_symlink_autonomy_msgs
[3.526s] [  2%] Built target autonomy_msgs__rosidl_generator_type_description
[3.535s] [  4%] [34m[1mGenerating C code for ROS interfaces[0m
[3.544s] [  6%] [34m[1mGenerating C++ code for ROS interfaces[0m
[3.562s] running egg_info
[3.563s] creating autonomy_msgs.egg-info
[3.587s] writing autonomy_msgs.egg-info/PKG-INFO
[3.587s] writing dependency_links to autonomy_msgs.egg-info/dependency_links.txt
[3.587s] writing top-level names to autonomy_msgs.egg-info/top_level.txt
[3.587s] writing manifest file 'autonomy_msgs.egg-info/SOURCES.txt'
[3.658s] reading manifest file 'autonomy_msgs.egg-info/SOURCES.txt'
[3.658s] writing manifest file 'autonomy_msgs.egg-info/SOURCES.txt'
[3.681s] [  6%] Built target ament_cmake_python_build_autonomy_msgs_egg
[3.816s] [  6%] Built target autonomy_msgs__cpp
[3.855s] [ 15%] [32mBuilding C object CMakeFiles/autonomy_msgs__rosidl_generator_c.dir/rosidl_generator_c/autonomy_msgs/msg/detail/detection_array__description.c.o[0m
[3.855s] [ 15%] [32mBuilding C object CMakeFiles/autonomy_msgs__rosidl_generator_c.dir/rosidl_generator_c/autonomy_msgs/msg/detail/detection__functions.c.o[0m
[3.855s] [ 15%] [32mBuilding C object CMakeFiles/autonomy_msgs__rosidl_generator_c.dir/rosidl_generator_c/autonomy_msgs/msg/detail/detection__description.c.o[0m
[3.856s] [ 18%] [32mBuilding C object CMakeFiles/autonomy_msgs__rosidl_generator_c.dir/rosidl_generator_c/autonomy_msgs/msg/detail/detection__type_support.c.o[0m
[3.856s] [ 18%] [32mBuilding C object CMakeFiles/autonomy_msgs__rosidl_generator_c.dir/rosidl_generator_c/autonomy_msgs/msg/detail/detection_array__functions.c.o[0m
[3.856s] [ 20%] [32mBuilding C object CMakeFiles/autonomy_msgs__rosidl_generator_c.dir/rosidl_generator_c/autonomy_msgs/msg/detail/detection_array__type_support.c.o[0m
[3.900s] [ 22%] [32m[1mLinking C shared library libautonomy_msgs__rosidl_generator_c.so[0m
[3.933s] [ 22%] Built target autonomy_msgs__rosidl_generator_c
[3.942s] [ 34%] [34m[1mGenerating C++ type support for eProsima Fast-RTPS[0m
[3.943s] [ 34%] [34m[1mGenerating C type support dispatch for ROS interfaces[0m
[3.943s] [ 34%] [34m[1mGenerating C++ type support dispatch for ROS interfaces[0m
[3.943s] [ 34%] [34m[1mGenerating C type support for eProsima Fast-RTPS[0m
[3.943s] [ 34%] [34m[1mGenerating C introspection for ROS interfaces[0m
[3.943s] [ 36%] [34m[1mGenerating C++ introspection for ROS interfaces[0m
[4.193s] [ 38%] [32mBuilding CXX object CMakeFiles/autonomy_msgs__rosidl_typesupport_c.dir/rosidl_typesupport_c/autonomy_msgs/msg/detection__type_support.cpp.o[0m
[4.193s] [ 40%] [32mBuilding CXX object CMakeFiles/autonomy_msgs__rosidl_typesupport_c.dir/rosidl_typesupport_c/autonomy_msgs/msg/detection_array__type_support.cpp.o[0m
[4.194s] [ 43%] [32mBuilding CXX object CMakeFiles/autonomy_msgs__rosidl_typesupport_cpp.dir/rosidl_typesupport_cpp/autonomy_msgs/msg/detection_array__type_support.cpp.o[0m
[4.194s] [ 45%] [32mBuilding CXX object CMakeFiles/autonomy_msgs__rosidl_typesupport_cpp.dir/rosidl_typesupport_cpp/autonomy_msgs/msg/detection__type_support.cpp.o[0m
[4.211s] [ 47%] [32mBuilding CXX object CMakeFiles/autonomy_msgs__rosidl_typesupport_introspection_cpp.dir/rosidl_typesupport_introspection_cpp/autonomy_msgs/msg/detail/detection__type_support.cpp.o[0m
[4.214s] [ 50%] [32mBuilding CXX object CMakeFiles/autonomy_msgs__rosidl_typesupport_introspection_cpp.dir/rosidl_typesupport_introspection_cpp/autonomy_msgs/msg/detail/detection_array__type_support.cpp.o[0m
[4.221s] [ 52%] [32mBuilding C object CMakeFiles/autonomy_msgs__rosidl_typesupport_introspection_c.dir/rosidl_typesupport_introspection_c/autonomy_msgs/msg/detail/detection__type_support.c.o[0m
[4.223s] [ 54%] [32mBuilding C object CMakeFiles/autonomy_msgs__rosidl_typesupport_introspection_c.dir/rosidl_typesupport_introspection_c/autonomy_msgs/msg/detail/detection_array__type_support.c.o[0m
[4.256s] [ 56%] [32m[1mLinking CXX shared library libautonomy_msgs__rosidl_typesupport_c.so[0m
[4.264s] [ 61%] [32mBuilding CXX object CMakeFiles/autonomy_msgs__rosidl_typesupport_fastrtps_cpp.dir/rosidl_typesupport_fastrtps_cpp/autonomy_msgs/msg/detail/dds_fastrtps/detection__type_support.cpp.o[0m
[4.264s] [ 61%] [32mBuilding CXX object CMakeFiles/autonomy_msgs__rosidl_typesupport_fastrtps_cpp.dir/rosidl_typesupport_fastrtps_cpp/autonomy_msgs/msg/detail/dds_fastrtps/detection_array__type_support.cpp.o[0m
[4.272s] [ 63%] [32mBuilding CXX object CMakeFiles/autonomy_msgs__rosidl_typesupport_fastrtps_c.dir/rosidl_typesupport_fastrtps_c/autonomy_msgs/msg/detail/detection__type_support_c.cpp.o[0m
[4.275s] [ 65%] [32mBuilding CXX object CMakeFiles/autonomy_msgs__rosidl_typesupport_fastrtps_c.dir/rosidl_typesupport_fastrtps_c/autonomy_msgs/msg/detail/detection_array__type_support_c.cpp.o[0m
[4.281s] [ 68%] [32m[1mLinking C shared library libautonomy_msgs__rosidl_typesupport_introspection_c.so[0m
[4.311s] [ 68%] Built target autonomy_msgs__rosidl_typesupport_c
[4.325s] [ 68%] Built target autonomy_msgs__rosidl_typesupport_introspection_c
[4.676s] [ 70%] [32m[1mLinking CXX shared library libautonomy_msgs__rosidl_typesupport_cpp.so[0m
[4.714s] [ 70%] Built target autonomy_msgs__rosidl_typesupport_cpp
[4.741s] [ 72%] [32m[1mLinking CXX shared library libautonomy_msgs__rosidl_typesupport_fastrtps_c.so[0m
[4.761s] [ 75%] [32m[1mLinking CXX shared library libautonomy_msgs__rosidl_typesupport_introspection_cpp.so[0m
[4.814s] [ 75%] Built target autonomy_msgs__rosidl_typesupport_fastrtps_c
[4.835s] [ 75%] Built target autonomy_msgs__rosidl_typesupport_introspection_cpp
[4.915s] [ 77%] [32m[1mLinking CXX shared library libautonomy_msgs__rosidl_typesupport_fastrtps_cpp.so[0m
[4.977s] [ 77%] Built target autonomy_msgs__rosidl_typesupport_fastrtps_cpp
[4.994s] [ 77%] Built target autonomy_msgs
[5.012s] [ 79%] [34m[1mGenerating Python code for ROS interfaces[0m
[5.348s] [ 79%] Built target autonomy_msgs__py
[5.365s] [ 84%] [32mBuilding C object CMakeFiles/autonomy_msgs__rosidl_generator_py.dir/rosidl_generator_py/autonomy_msgs/msg/_detection_s.c.o[0m
[5.366s] [ 84%] [32mBuilding C object CMakeFiles/autonomy_msgs__rosidl_generator_py.dir/rosidl_generator_py/autonomy_msgs/msg/_detection_array_s.c.o[0m
[5.485s] [ 86%] [32m[1mLinking C shared library libautonomy_msgs__rosidl_generator_py.so[0m
[5.523s] [ 86%] Built target autonomy_msgs__rosidl_generator_py
[5.541s] [ 93%] [32mBuilding C object CMakeFiles/autonomy_msgs_s__rosidl_typesupport_c.dir/rosidl_generator_py/autonomy_msgs/_autonomy_msgs_s.ep.rosidl_typesupport_c.c.o[0m
[5.541s] [ 93%] [32mBuilding C object CMakeFiles/autonomy_msgs_s__rosidl_typesupport_introspection_c.dir/rosidl_generator_py/autonomy_msgs/_autonomy_msgs_s.ep.rosidl_typesupport_introspection_c.c.o[0m
[5.541s] [ 93%] [32mBuilding C object CMakeFiles/autonomy_msgs_s__rosidl_typesupport_fastrtps_c.dir/rosidl_generator_py/autonomy_msgs/_autonomy_msgs_s.ep.rosidl_typesupport_fastrtps_c.c.o[0m
[5.637s] [ 95%] [32m[1mLinking C shared module rosidl_generator_py/autonomy_msgs/autonomy_msgs_s__rosidl_typesupport_c.so[0m
[5.638s] [ 97%] [32m[1mLinking C shared module rosidl_generator_py/autonomy_msgs/autonomy_msgs_s__rosidl_typesupport_introspection_c.so[0m
[5.639s] [100%] [32m[1mLinking C shared module rosidl_generator_py/autonomy_msgs/autonomy_msgs_s__rosidl_typesupport_fastrtps_c.so[0m
[5.664s] [100%] Built target autonomy_msgs_s__rosidl_typesupport_c
[5.665s] [100%] Built target autonomy_msgs_s__rosidl_typesupport_introspection_c
[5.666s] [100%] Built target autonomy_msgs_s__rosidl_typesupport_fastrtps_c
[5.677s] Invoked command in '/home/ahmed/colcon_ws/build/autonomy_msgs' returned '0': CMAKE_PREFIX_PATH=${CMAKE_PREFIX_PATH}:/home/ahmed/colcon_ws/install/simulation:/home/ahmed/colcon_ws/install/sensor_drivers:/home/ahmed/colcon_ws/install/planning:/home/ahmed/colcon_ws/install/perception:/home/ahmed/colcon_ws/install/control:/home/ahmed/colcon_ws/install/autonomy:/opt/ros/jazzy DEBUGINFOD_URLS=https://debuginfod.ubuntu.com /usr/bin/cmake --build /home/ahmed/colcon_ws/build/autonomy_msgs -- -j12 -l12
[5.685s] Invoking command in '/home/ahmed/colcon_ws/build/autonomy_msgs': CMAKE_PREFIX_PATH=${CMAKE_PREFIX_PATH}:/home/ahmed/colcon_ws/install/simulation:/home/ahmed/colcon_ws/install/sensor_drivers:/home/ahmed/colcon_ws/install/planning:/home/ahmed/colcon_ws/install/perception:/home/ahmed/colcon_ws/install/control:/home/ahmed/colcon_ws/install/autonomy:/opt/ros/jazzy DEBUGINFOD_URLS=https://debuginfod.ubuntu.com /usr/bin/cmake --install /home/ahmed/colcon_ws/build/autonomy_msgs
[5.692s] -- Install configuration: ""
[5.693s] -- Execute custom install script
[5.693s] -- Symlinking: /home/ahmed/colcon_ws/install/autonomy_msgs/share/ament_index/resource_index/rosidl_interfaces/autonomy_msgs
[5.700s] -- Symlinking: /home/ahmed/colcon_ws/install/autonomy_msgs/share/autonomy_msgs/msg/Detection.json
[5.707s] -- Symlinking: /home/ahmed/colcon_ws/install/autonomy_msgs/share/autonomy_msgs/msg/DetectionArray.json
[5.716s] -- Symlinking: /home/ahmed/colcon_ws/install/autonomy_msgs/include/autonomy_msgs/autonomy_msgs/msg/detail/detection__functions.h
[5.723s] -- Symlinking: /home/ahmed/colcon_ws/install/autonomy_msgs/include/autonomy_msgs/autonomy_msgs/msg/detail/detection__struct.h
[5.731s] -- Symlinking: /home/ahmed/colcon_ws/install/autonomy_msgs/include/autonomy_msgs/autonomy_msgs/msg/detail/detection__type_support.h
[5.739s] -- Symlinking: /home/ahmed/colcon_ws/install/autonomy_msgs/include/autonomy_msgs/autonomy_msgs/msg/detail/detection_array__functions.h
[5.746s] -- Symlinking: /home/ahmed/colcon_ws/install/autonomy_msgs/include/autonomy_msgs/autonomy_msgs/msg/detail/detection_array__struct.h
[5.753s] -- Symlinking: /home/ahmed/colcon_ws/install/autonomy_msgs/include/autonomy_msgs/autonomy_msgs/msg/detail/detection_array__type_support.h
[5.761s] -- Symlinking: /home/ahmed/colcon_ws/install/autonomy_msgs/include/autonomy_msgs/autonomy_msgs/msg/detection.h
[5.768s] -- Symlinking: /home/ahmed/colcon_ws/install/autonomy_msgs/include/autonomy_msgs/autonomy_msgs/msg/detection_array.h
[5.775s] -- Symlinking: /home/ahmed/colcon_ws/install/autonomy_msgs/include/autonomy_msgs/autonomy_msgs/msg/rosidl_generator_c__visibility_control.h
[5.783s] -- Symlinking: /home/ahmed/colcon_ws/install/autonomy_msgs/share/autonomy_msgs/environment/library_path.sh
[5.790s] -- Symlinking: /home/ahmed/colcon_ws/install/autonomy_msgs/share/autonomy_msgs/environment/library_path.dsv
[5.798s] -- Symlinking: /home/ahmed/colcon_ws/install/autonomy_msgs/include/autonomy_msgs/autonomy_msgs/msg/detail/detection__rosidl_typesupport_fastrtps_c.h
[5.805s] -- Symlinking: /home/ahmed/colcon_ws/install/autonomy_msgs/include/autonomy_msgs/autonomy_msgs/msg/detail/detection_array__rosidl_typesupport_fastrtps_c.h
[5.813s] -- Symlinking: /home/ahmed/colcon_ws/install/autonomy_msgs/include/autonomy_msgs/autonomy_msgs/msg/rosidl_typesupport_fastrtps_c__visibility_control.h
[5.821s] -- Symlinking: /home/ahmed/colcon_ws/install/autonomy_msgs/include/autonomy_msgs/autonomy_msgs/msg/detail/detection__rosidl_typesupport_introspection_c.h
[5.828s] -- Symlinking: /home/ahmed/colcon_ws/install/autonomy_msgs/include/autonomy_msgs/autonomy_msgs/msg/detail/detection_array__rosidl_typesupport_introspection_c.h
[5.836s] -- Symlinking: /home/ahmed/colcon_ws/install/autonomy_msgs/include/autonomy_msgs/autonomy_msgs/msg/rosidl_typesupport_introspection_c__visibility_control.h
[5.844s] -- Symlinking: /home/ahmed/colcon_ws/install/autonomy_msgs/include/autonomy_msgs/autonomy_msgs/msg/detail/detection__builder.hpp
[5.851s] -- Symlinking: /home/ahmed/colcon_ws/install/autonomy_msgs/include/autonomy_msgs/autonomy_msgs/msg/detail/detection__struct.hpp
[5.858s] -- Symlinking: /home/ahmed/colcon_ws/install/autonomy_msgs/include/autonomy_msgs/autonomy_msgs/msg/detail/detection__traits.hpp
[5.866s] -- Symlinking: /home/ahmed/colcon_ws/install/autonomy_msgs/include/autonomy_msgs/autonomy_msgs/msg/detail/detection__type_support.hpp
[5.873s] -- Symlinking: /home/ahmed/colcon_ws/install/autonomy_msgs/include/autonomy_msgs/autonomy_msgs/msg/detail/detection_array__builder.hpp
[5.881s] -- Symlinking: /home/ahmed/colcon_ws/install/autonomy_msgs/include/autonomy_msgs/autonomy_msgs/msg/detail/detection_array__struct.hpp
[5.888s] -- Symlinking: /home/ahmed/colcon_ws/install/autonomy_msgs/include/autonomy_msgs/autonomy_msgs/msg/detail/detection_array__traits.hpp
[5.896s] -- Symlinking: /home/ahmed/colcon_ws/install/autonomy_msgs/include/autonomy_msgs/autonomy_msgs/msg/detail/detection_array__type_support.hpp
[5.903s] -- Symlinking: /home/ahmed/colcon_ws/install/autonomy_msgs/include/autonomy_msgs/autonomy_msgs/msg/detection.hpp
[5.910s] -- Symlinking: /home/ahmed/colcon_ws/install/autonomy_msgs/include/autonomy_msgs/autonomy_msgs/msg/detection_array.hpp
[5.918s] -- Symlinking: /home/ahmed/colcon_ws/install/autonomy_msgs/include/autonomy_msgs/autonomy_msgs/msg/rosidl_generator_cpp__visibility_control.hpp
[5.926s] -- Symlinking: /home/ahmed/colcon_ws/install/autonomy_msgs/include/autonomy_msgs/autonomy_msgs/msg/detail/detection__rosidl_typesupport_fastrtps_cpp.hpp
[5.933s] -- Symlinking: /home/ahmed/colcon_ws/install/autonomy_msgs/include/autonomy_msgs/autonomy_msgs/msg/detail/detection_array__rosidl_typesupport_fastrtps_cpp.hpp
[5.941s] -- Symlinking: /home/ahmed/colcon_ws/install/autonomy_msgs/include/autonomy_msgs/autonomy_msgs/msg/rosidl_typesupport_fastrtps_cpp__visibility_control.h
[5.949s] -- Symlinking: /home/ahmed/colcon_ws/install/autonomy_msgs/include/autonomy_msgs/autonomy_msgs/msg/detail/detection__rosidl_typesupport_introspection_cpp.hpp
[5.956s] -- Symlinking: /home/ahmed/colcon_ws/install/autonomy_msgs/include/autonomy_msgs/autonomy_msgs/msg/detail/detection_array__rosidl_typesupport_introspection_cpp.hpp
[5.963s] -- Symlinking: /home/ahmed/colcon_ws/install/autonomy_msgs/share/autonomy_msgs/environment/pythonpath.sh
[5.971s] -- Symlinking: /home/ahmed/colcon_ws/install/autonomy_msgs/share/autonomy_msgs/environment/pythonpath.dsv
[5.978s] -- Symlinking: /home/ahmed/colcon_ws/install/autonomy_msgs/lib/python3.12/site-packages/autonomy_msgs-0.0.0-py3.12.egg-info/PKG-INFO
[5.986s] -- Symlinking: /home/ahmed/colcon_ws/install/autonomy_msgs/lib/python3.12/site-packages/autonomy_msgs-0.0.0-py3.12.egg-info/SOURCES.txt
[5.994s] -- Symlinking: /home/ahmed/colcon_ws/install/autonomy_msgs/lib/python3.12/site-packages/autonomy_msgs-0.0.0-py3.12.egg-info/dependency_links.txt
[6.001s] -- Symlinking: /home/ahmed/colcon_ws/install/autonomy_msgs/lib/python3.12/site-packages/autonomy_msgs-0.0.0-py3.12.egg-info/top_level.txt
[6.009s] -- Symlinking: /home/ahmed/colcon_ws/install/autonomy_msgs/lib/python3.12/site-packages/autonomy_msgs/__init__.py
[6.017s] -- Symlinking: /home/ahmed/colcon_ws/install/autonomy_msgs/lib/python3.12/site-packages/autonomy_msgs/_autonomy_msgs_s.ep.rosidl_typesupport_c.c
[6.024s] -- Symlinking: /home/ahmed/colcon_ws/install/autonomy_msgs/lib/python3.12/site-packages/autonomy_msgs/_autonomy_msgs_s.ep.rosidl_typesupport_fastrtps_c.c
[6.032s] -- Symlinking: /home/ahmed/colcon_ws/install/autonomy_msgs/lib/python3.12/site-packages/autonomy_msgs/_autonomy_msgs_s.ep.rosidl_typesupport_introspection_c.c
[6.039s] -- Symlinking: /home/ahmed/colcon_ws/install/autonomy_msgs/lib/python3.12/site-packages/autonomy_msgs/autonomy_msgs_s__rosidl_typesupport_c.so
[6.047s] -- Symlinking: /home/ahmed/colcon_ws/install/autonomy_msgs/lib/python3.12/site-packages/autonomy_msgs/autonomy_msgs_s__rosidl_typesupport_fastrtps_c.so
[6.054s] -- Symlinking: /home/ahmed/colcon_ws/install/autonomy_msgs/lib/python3.12/site-packages/autonomy_msgs/autonomy_msgs_s__rosidl_typesupport_introspection_c.so
[6.062s] -- Symlinking: /home/ahmed/colcon_ws/install/autonomy_msgs/lib/python3.12/site-packages/autonomy_msgs/msg/__init__.py
[6.069s] -- Symlinking: /home/ahmed/colcon_ws/install/autonomy_msgs/lib/python3.12/site-packages/autonomy_msgs/msg/_detection.py
[6.076s] -- Symlinking: /home/ahmed/colcon_ws/install/autonomy_msgs/lib/python3.12/site-packages/autonomy_msgs/msg/_detection_array.py
[6.083s] -- Symlinking: /home/ahmed/colcon_ws/install/autonomy_msgs/lib/python3.12/site-packages/autonomy_msgs/msg/_detection_array_s.c
[6.091s] -- Symlinking: /home/ahmed/colcon_ws/install/autonomy_msgs/lib/python3.12/site-packages/autonomy_msgs/msg/_detection_s.c
[6.098s] -- Up-to-date symlink: /home/ahmed/colcon_ws/install/autonomy_msgs/lib/python3.12/site-packages/autonomy_msgs/autonomy_msgs_s__rosidl_typesupport_fastrtps_c.so
[6.098s] -- Up-to-date symlink: /home/ahmed/colcon_ws/install/autonomy_msgs/lib/python3.12/site-packages/autonomy_msgs/autonomy_msgs_s__rosidl_typesupport_introspection_c.so
[6.099s] -- Up-to-date symlink: /home/ahmed/colcon_ws/install/autonomy_msgs/lib/python3.12/site-packages/autonomy_msgs/autonomy_msgs_s__rosidl_typesupport_c.so
[6.099s] -- Symlinking: /home/ahmed/colcon_ws/install/autonomy_msgs/share/autonomy_msgs/msg/Detection.idl
[6.106s] -- Symlinking: /home/ahmed/colcon_ws/install/autonomy_msgs/share/autonomy_msgs/msg/DetectionArray.idl
[6.114s] -- Symlinking: /home/ahmed/colcon_ws/install/autonomy_msgs/share/autonomy_msgs/msg/Detection.msg
[6.122s] -- Symlinking: /home/ahmed/colcon_ws/install/autonomy_msgs/share/autonomy_msgs/msg/DetectionArray.msg
[6.129s] -- Symlinking: /home/ahmed/colcon_ws/install/autonomy_msgs/share/ament_index/resource_index/package_run_dependencies/autonomy_msgs
[6.136s] -- Symlinking: /home/ahmed/colcon_ws/install/autonomy_msgs/share/ament_index/resource_index/parent_prefix_path/autonomy_msgs
[6.144s] -- Symlinking: /home/ahmed/colcon_ws/install/autonomy_msgs/share/autonomy_msgs/environment/ament_prefix_path.sh
[6.151s] -- Symlinking: /home/ahmed/colcon_ws/install/autonomy_msgs/share/autonomy_msgs/environment/ament_prefix_path.dsv
[6.158s] -- Symlinking: /home/ahmed/colcon_ws/install/autonomy_msgs/share/autonomy_msgs/environment/path.sh
[6.166s] -- Symlinking: /home/ahmed/colcon_ws/install/autonomy_msgs/share/autonomy_msgs/environment/path.dsv
[6.173s] -- Symlinking: /home/ahmed/colcon_ws/install/autonomy_msgs/share/autonomy_msgs/local_setup.bash
[6.180s] -- Symlinking: /home/ahmed/colcon_ws/install/autonomy_msgs/share/autonomy_msgs/local_setup.sh
[6.187s] -- Symlinking: /home/ahmed/colcon_ws/install/autonomy_msgs/share/autonomy_msgs/local_setup.zsh
[6.195s] -- Symlinking: /home/ahmed/colcon_ws/install/autonomy_msgs/share/autonomy_msgs/local_setup.dsv
[6.202s] -- Symlinking: /home/ahmed/colcon_ws/install/autonomy_msgs/share/autonomy_msgs/package.dsv
[6.209s] -- Symlinking: /home/ahmed/colcon_ws/install/autonomy_msgs/share/ament_index/resource_index/packages/autonomy_msgs
[6.217s] -- Symlinking: /home/ahmed/colcon_ws/install/autonomy_msgs/share/autonomy_msgs/cmake/rosidl_cmake-extras.cmake
[6.225s] -- Symlinking: /home/ahmed/colcon_ws/install/autonomy_msgs/share/autonomy_msgs/cmake/ament_cmake_export_dependencies-extras.cmake
[6.232s] -- Symlinking: /home/ahmed/colcon_ws/install/autonomy_msgs/share/autonomy_msgs/cmake/ament_cmake_export_include_directories-extras.cmake
[6.240s] -- Symlinking: /home/ahmed/colcon_ws/install/autonomy_msgs/share/autonomy_msgs/cmake/ament_cmake_export_libraries-extras.cmake
[6.247s] -- Symlinking: /home/ahmed/colcon_ws/install/autonomy_msgs/share/autonomy_msgs/cmake/ament_cmake_export_targets-extras.cmake
[6.254s] -- Symlinking: /home/ahmed/colcon_ws/install/autonomy_msgs/share/autonomy_msgs/cmake/rosidl_cmake_export_typesupport_targets-extras.cmake
[6.262s] -- Symlinking: /home/ahmed/colcon_ws/install/autonomy_msgs/share/autonomy_msgs/cmake/rosidl_cmake_export_typesupport_libraries-extras.cmake
[6.269s] -- Symlinking: /home/ahmed/colcon_ws/install/autonomy_msgs/share/autonomy_msgs/cmake/autonomy_msgsConfig.cmake
[6.276s] -- Symlinking: /home/ahmed/colcon_ws/install/autonomy_msgs/share/autonomy_msgs/cmake/autonomy_msgsConfig-version.cmake
[6.284s] -- Symlinking: /home/ahmed/colcon_ws/install/autonomy_msgs/share/autonomy_msgs/package.xml
[6.291s] -- Installing: /home/ahmed/colcon_ws/install/autonomy_msgs/lib/libautonomy_msgs__rosidl_generator_c.so
[6.292s] -- Set non-toolchain portion of runtime path of "/home/ahmed/colcon_ws/install/autonomy_msgs/lib/libautonomy_msgs__rosidl_generator_c.so" to ""
[6.292s] -- Installing: /home/ahmed/colcon_ws/install/autonomy_msgs/lib/libautonomy_msgs__rosidl_typesupport_fastrtps_c.so
[6.292s] -- Set non-toolchain portion of runtime path of "/home/ahmed/colcon_ws/install/autonomy_msgs/lib/libautonomy_msgs__rosidl_typesupport_fastrtps_c.so" to ""
[6.292s] -- Installing: /home/ahmed/colcon_ws/install/autonomy_msgs/lib/libautonomy_msgs__rosidl_typesupport_introspection_c.so
[6.292s] -- Set non-toolchain portion of runtime path of "/home/ahmed/colcon_ws/install/autonomy_msgs/lib/libautonomy_msgs__rosidl_typesupport_introspection_c.so" to ""
[6.292s] -- Installing: /home/ahmed/colcon_ws/install/autonomy_msgs/lib/libautonomy_msgs__rosidl_typesupport_c.so
[6.292s] -- Set non-toolchain portion of runtime path of "/home/ahmed/colcon_ws/install/autonomy_msgs/lib/libautonomy_msgs__rosidl_typesupport_c.so" to ""
[6.292s] -- Installing: /home/ahmed/colcon_ws/install/autonomy_msgs/lib/libautonomy_msgs__rosidl_typesupport_fastrtps_cpp.so
[6.293s] -- Set non-toolchain portion of runtime path of "/home/ahmed/colcon_ws/install/autonomy_msgs/lib/libautonomy_msgs__rosidl_typesupport_fastrtps_cpp.so" to ""
[6.293s] -- Installing: /home/ahmed/colcon_ws/install/autonomy_msgs/lib/libautonomy_msgs__rosidl_typesupport_introspection_cpp.so
[6.293s] -- Set non-toolchain portion of runtime path of "/home/ahmed/colcon_ws/install/autonomy_msgs/lib/libautonomy_msgs__rosidl_typesupport_introspection_cpp.so" to ""
[6.293s] -- Installing: /home/ahmed/colcon_ws/install/autonomy_msgs/lib/libautonomy_msgs__rosidl_typesupport_cpp.so
[6.293s] -- Set non-toolchain portion of runtime path of "/home/ahmed/colcon_ws/install/autonomy_msgs/lib/libautonomy_msgs__rosidl_typesupport_cpp.so" to ""
[6.335s] Listing '/home/ahmed/colcon_ws/install/autonomy_msgs/lib/python3.12/site-packages/autonomy_msgs'...
[6.335s] Compiling '/home/ahmed/colcon_ws/install/autonomy_msgs/lib/python3.12/site-packages/autonomy_msgs/__init__.py'...
[6.335s] Listing '/home/ahmed/colcon_ws/install/autonomy_msgs/lib/python3.12/site-packages/autonomy_msgs/msg'...
[6.335s] Compiling '/home/ahmed/colcon_ws/install/autonomy_msgs/lib/python3.12/site-packages/autonomy_msgs/msg/__init__.py'...
[6.335s] Compiling '/home/ahmed/colcon_ws/install/autonomy_msgs/lib/python3.12/site-packages/autonomy_msgs/msg/_detection.py'...
[6.335s] Compiling '/home/ahmed/colcon_ws/install/autonomy_msgs/lib/python3.12/site-packages/autonomy_msgs/msg/_detection_array.py'...
[6.340s] -- Installing: /home/ahmed/colcon_ws/install/autonomy_msgs/lib/libautonomy_msgs__rosidl_generator_py.so
[6.340s] -- Set non-toolchain portion of runtime path of "/home/ahmed/colcon_ws/install/autonomy_msgs/lib/libautonomy_msgs__rosidl_generator_py.so" to ""
[6.340s] -- Installing: /home/ahmed/colcon_ws/install/autonomy_msgs/share/autonomy_msgs/cmake/export_autonomy_msgs__rosidl_generator_cExport.cmake
[6.340s] -- Installing: /home/ahmed/colcon_ws/install/autonomy_msgs/share/autonomy_msgs/cmake/export_autonomy_msgs__rosidl_generator_cExport-noconfig.cmake
[6.340s] -- Installing: /home/ahmed/colcon_ws/install/autonomy_msgs/share/autonomy_msgs/cmake/export_autonomy_msgs__rosidl_typesupport_fastrtps_cExport.cmake
[6.340s] -- Installing: /home/ahmed/colcon_ws/install/autonomy_msgs/share/autonomy_msgs/cmake/export_autonomy_msgs__rosidl_typesupport_fastrtps_cExport-noconfig.cmake
[6.340s] -- Installing: /home/ahmed/colcon_ws/install/autonomy_msgs/share/autonomy_msgs/cmake/autonomy_msgs__rosidl_typesupport_introspection_cExport.cmake
[6.340s] -- Installing: /home/ahmed/colcon_ws/install/autonomy_msgs/share/autonomy_msgs/cmake/autonomy_msgs__rosidl_typesupport_introspection_cExport-noconfig.cmake
[6.341s] -- Installing: /home/ahmed/colcon_ws/install/autonomy_msgs/share/autonomy_msgs/cmake/autonomy_msgs__rosidl_typesupport_cExport.cmake
[6.341s] -- Installing: /home/ahmed/colcon_ws/install/autonomy_msgs/share/autonomy_msgs/cmake/autonomy_msgs__rosidl_typesupport_cExport-noconfig.cmake
[6.341s] -- Installing: /home/ahmed/colcon_ws/install/autonomy_msgs/share/autonomy_msgs/cmake/export_autonomy_msgs__rosidl_generator_cppExport.cmake
[6.341s] -- Installing: /home/ahmed/colcon_ws/install/autonomy_msgs/share/autonomy_msgs/cmake/export_autonomy_msgs__rosidl_typesupport_fastrtps_cppExport.cmake
[6.341s] -- Installing: /home/ahmed/colcon_ws/install/autonomy_msgs/share/autonomy_msgs/cmake/export_autonomy_msgs__rosidl_typesupport_fastrtps_cppExport-noconfig.cmake
[6.341s] -- Installing: /home/ahmed/colcon_ws/install/autonomy_msgs/share/autonomy_msgs/cmake/autonomy_msgs__rosidl_typesupport_introspection_cppExport.cmake
[6.341s] -- Installing: /home/ahmed/colcon_ws/install/autonomy_msgs/share/autonomy_msgs/cmake/autonomy_msgs__rosidl_typesupport_introspection_cppExport-noconfig.cmake
[6.341s] -- Installing: /home/ahmed/colcon_ws/install/autonomy_msgs/share/autonomy_msgs/cmake/autonomy_msgs__rosidl_typesupport_cppExport.cmake
[6.341s] -- Installing: /home/ahmed/colcon_ws/install/autonomy_msgs/share/autonomy_msgs/cmake/autonomy_msgs__rosidl_typesupport_cppExport-noconfig.cmake
[6.342s] -- Installing: /home/ahmed/colcon_ws/install/autonomy_msgs/share/autonomy_msgs/cmake/export_autonomy_msgs__rosidl_generator_pyExport.cmake
[6.342s] -- Installing: /home/ahmed/colcon_ws/install/autonomy_msgs/share/autonomy_msgs/cmake/export_autonomy_msgs__rosidl_generator_pyExport-noconfig.cmake
[6.343s] Invoked command in '/home/ahmed/colcon_ws/build/autonomy_msgs' returned '0': CMAKE_PREFIX_PATH=${CMAKE_PREFIX_PATH}:/home/ahmed/colcon_ws/install/simulation:/home/ahmed/colcon_ws/install/sensor_drivers:/home/ahmed/colcon_ws/install/planning:/home/ahmed/colcon_ws/install/perception:/home/ahmed/colcon_ws/install/control:/home/ahmed/colcon_ws/install/autonomy:/opt/ros/jazzy DEBUGINFOD_URLS=https://debuginfod.ubuntu.com /usr/bin/cmake --install /home/ahmed/colcon_ws/build/autonomy_msgs
