[0.911s] Invoking command in '/home/ahmed/colcon_ws/build/bringup': AMENT_PREFIX_PATH=/home/ahmed/colcon_ws/install/bridge:/home/ahmed/colcon_ws/install/simulation:/home/ahmed/colcon_ws/install/sensor_drivers:/home/ahmed/colcon_ws/install/planning:/home/ahmed/colcon_ws/install/perception:/home/ahmed/colcon_ws/install/control:/home/ahmed/colcon_ws/install/autonomy_msgs:/home/ahmed/colcon_ws/install/autonomy:/home/ahmed/install/perception:/home/ahmed/install/autonomy:/opt/ros/jazzy DEBUGINFOD_URLS=https://debuginfod.ubuntu.com PYTHONPATH=/home/ahmed/colcon_ws/build/bringup/prefix_override:/usr/lib/python3/dist-packages/colcon_core/task/python/colcon_distutils_commands:/home/ahmed/colcon_ws/install/bringup/lib/python3.12/site-packages:/home/ahmed/colcon_ws/build/bridge:/home/ahmed/colcon_ws/install/bridge/lib/python3.12/site-packages:/home/ahmed/colcon_ws/install/interfaces/lib/python3.12/site-packages:/home/ahmed/colcon_ws/build/simulation:/home/ahmed/colcon_ws/install/simulation/lib/python3.12/site-packages:/home/ahmed/colcon_ws/build/sensor_drivers:/home/ahmed/colcon_ws/install/sensor_drivers/lib/python3.12/site-packages:/home/ahmed/colcon_ws/build/planning:/home/ahmed/colcon_ws/install/planning/lib/python3.12/site-packages:/home/ahmed/colcon_ws/build/perception:/home/ahmed/colcon_ws/install/perception/lib/python3.12/site-packages:/home/ahmed/colcon_ws/build/control:/home/ahmed/colcon_ws/install/control/lib/python3.12/site-packages:/home/ahmed/colcon_ws/install/autonomy_msgs/lib/python3.12/site-packages:/home/ahmed/colcon_ws/build/autonomy:/home/ahmed/colcon_ws/install/autonomy/lib/python3.12/site-packages:/home/ahmed/install/simulation/lib/python3.12/site-packages:/home/ahmed/install/perception/lib/python3.12/site-packages:/home/ahmed/build/autonomy:/home/ahmed/install/autonomy/lib/python3.12/site-packages:/opt/ros/jazzy/lib/python3.12/site-packages /usr/bin/python3 -W ignore:setup.py install is deprecated -W ignore:easy_install command is deprecated setup.py develop --editable --build-directory /home/ahmed/colcon_ws/build/bringup/build --no-deps symlink_data
[1.286s] running develop
[1.532s] running egg_info
[1.532s] creating bringup.egg-info
[1.556s] writing bringup.egg-info/PKG-INFO
[1.556s] writing dependency_links to bringup.egg-info/dependency_links.txt
[1.557s] writing requirements to bringup.egg-info/requires.txt
[1.557s] writing top-level names to bringup.egg-info/top_level.txt
[1.557s] writing manifest file 'bringup.egg-info/SOURCES.txt'
[1.606s] reading manifest file 'bringup.egg-info/SOURCES.txt'
[1.606s] writing manifest file 'bringup.egg-info/SOURCES.txt'
[1.632s] running build_ext
[1.632s] Creating /home/ahmed/colcon_ws/install/bringup/lib/python3.12/site-packages/bringup.egg-link (link to .)
[1.632s] 
[1.632s] Installed /home/ahmed/colcon_ws/build/bringup
[1.633s] running symlink_data
[1.633s] creating /home/ahmed/colcon_ws/install/bringup/share/ament_index
[1.633s] creating /home/ahmed/colcon_ws/install/bringup/share/ament_index/resource_index
[1.633s] creating /home/ahmed/colcon_ws/install/bringup/share/ament_index/resource_index/packages
[1.633s] symbolically linking /home/ahmed/colcon_ws/build/bringup/resource/bringup -> /home/ahmed/colcon_ws/install/bringup/share/ament_index/resource_index/packages
[1.633s] symbolically linking /home/ahmed/colcon_ws/build/bringup/package.xml -> /home/ahmed/colcon_ws/install/bringup/share/bringup
[1.633s] creating /home/ahmed/colcon_ws/install/bringup/share/bringup/launch
[1.633s] symbolically linking /home/ahmed/colcon_ws/build/bringup/launch/sim_system.launch.py -> /home/ahmed/colcon_ws/install/bringup/share/bringup/launch
[1.658s] Invoked command in '/home/ahmed/colcon_ws/build/bringup' returned '0': AMENT_PREFIX_PATH=/home/ahmed/colcon_ws/install/bridge:/home/ahmed/colcon_ws/install/simulation:/home/ahmed/colcon_ws/install/sensor_drivers:/home/ahmed/colcon_ws/install/planning:/home/ahmed/colcon_ws/install/perception:/home/ahmed/colcon_ws/install/control:/home/ahmed/colcon_ws/install/autonomy_msgs:/home/ahmed/colcon_ws/install/autonomy:/home/ahmed/install/perception:/home/ahmed/install/autonomy:/opt/ros/jazzy DEBUGINFOD_URLS=https://debuginfod.ubuntu.com PYTHONPATH=/home/ahmed/colcon_ws/build/bringup/prefix_override:/usr/lib/python3/dist-packages/colcon_core/task/python/colcon_distutils_commands:/home/ahmed/colcon_ws/install/bringup/lib/python3.12/site-packages:/home/ahmed/colcon_ws/build/bridge:/home/ahmed/colcon_ws/install/bridge/lib/python3.12/site-packages:/home/ahmed/colcon_ws/install/interfaces/lib/python3.12/site-packages:/home/ahmed/colcon_ws/build/simulation:/home/ahmed/colcon_ws/install/simulation/lib/python3.12/site-packages:/home/ahmed/colcon_ws/build/sensor_drivers:/home/ahmed/colcon_ws/install/sensor_drivers/lib/python3.12/site-packages:/home/ahmed/colcon_ws/build/planning:/home/ahmed/colcon_ws/install/planning/lib/python3.12/site-packages:/home/ahmed/colcon_ws/build/perception:/home/ahmed/colcon_ws/install/perception/lib/python3.12/site-packages:/home/ahmed/colcon_ws/build/control:/home/ahmed/colcon_ws/install/control/lib/python3.12/site-packages:/home/ahmed/colcon_ws/install/autonomy_msgs/lib/python3.12/site-packages:/home/ahmed/colcon_ws/build/autonomy:/home/ahmed/colcon_ws/install/autonomy/lib/python3.12/site-packages:/home/ahmed/install/simulation/lib/python3.12/site-packages:/home/ahmed/install/perception/lib/python3.12/site-packages:/home/ahmed/build/autonomy:/home/ahmed/install/autonomy/lib/python3.12/site-packages:/opt/ros/jazzy/lib/python3.12/site-packages /usr/bin/python3 -W ignore:setup.py install is deprecated -W ignore:easy_install command is deprecated setup.py develop --editable --build-directory /home/ahmed/colcon_ws/build/bringup/build --no-deps symlink_data
