[2.691s] DEBUG:colcon:Command line arguments: ['/usr/bin/colcon', 'build', '--packages-select', 'simulation', '--symlink-install']
[2.691s] DEBUG:colcon:Parsed command line arguments: Namespace(log_base=None, log_level=None, verb_name='build', build_base='build', install_base='install', merge_install=False, symlink_install=True, test_result_base=None, continue_on_error=False, executor='parallel', parallel_workers=12, event_handlers=None, ignore_user_meta=False, metas=['./colcon.meta'], base_paths=['.'], packages_ignore=None, packages_ignore_regex=None, paths=None, packages_up_to=None, packages_up_to_regex=None, packages_above=None, packages_above_and_dependencies=None, packages_above_depth=None, packages_select_by_dep=None, packages_skip_by_dep=None, packages_skip_up_to=None, packages_select_build_failed=False, packages_skip_build_finished=False, packages_select_test_failures=False, packages_skip_test_passed=False, packages_select=['simulation'], packages_skip=None, packages_select_regex=None, packages_skip_regex=None, packages_start=None, packages_end=None, allow_overriding=[], cmake_args=None, cmake_target=None, cmake_target_skip_unavailable=False, cmake_clean_cache=False, cmake_clean_first=False, cmake_force_configure=False, ament_cmake_args=None, catkin_cmake_args=None, catkin_skip_building_tests=False, mixin_files=None, mixin=None, verb_parser=<colcon_mixin.mixin.mixin_argument.MixinArgumentDecorator object at 0x71e4a94a42c0>, verb_extension=<colcon_core.verb.build.BuildVerb object at 0x71e4a94221b0>, main=<bound method BuildVerb.main of <colcon_core.verb.build.BuildVerb object at 0x71e4a94221b0>>, mixin_verb=('build',))
[2.931s] Level 1:colcon.colcon_core.package_discovery:discover_packages(colcon_meta) check parameters
[2.931s] Level 1:colcon.colcon_core.package_discovery:discover_packages(recursive) check parameters
[2.931s] Level 1:colcon.colcon_core.package_discovery:discover_packages(ignore) check parameters
[2.931s] Level 1:colcon.colcon_core.package_discovery:discover_packages(path) check parameters
[2.931s] Level 1:colcon.colcon_core.package_discovery:discover_packages(colcon_meta) discover
[2.932s] Level 1:colcon.colcon_core.package_discovery:discover_packages(recursive) discover
[2.932s] INFO:colcon.colcon_core.package_discovery:Crawling recursively for packages in '/home/ahmed/colcon_ws'
[2.932s] Level 1:colcon.colcon_core.package_identification:_identify(.) by extensions ['ignore', 'ignore_ament_install']
[2.932s] Level 1:colcon.colcon_core.package_identification:_identify(.) by extension 'ignore'
[2.932s] Level 1:colcon.colcon_core.package_identification:_identify(.) by extension 'ignore_ament_install'
[2.932s] Level 1:colcon.colcon_core.package_identification:_identify(.) by extensions ['colcon_pkg']
[2.932s] Level 1:colcon.colcon_core.package_identification:_identify(.) by extension 'colcon_pkg'
[2.932s] Level 1:colcon.colcon_core.package_identification:_identify(.) by extensions ['colcon_meta']
[2.932s] Level 1:colcon.colcon_core.package_identification:_identify(.) by extension 'colcon_meta'
[2.932s] Level 1:colcon.colcon_core.package_identification:_identify(.) by extensions ['ros']
[2.932s] Level 1:colcon.colcon_core.package_identification:_identify(.) by extension 'ros'
[3.004s] Level 1:colcon.colcon_core.package_identification:_identify(.) by extensions ['cmake', 'python']
[3.004s] Level 1:colcon.colcon_core.package_identification:_identify(.) by extension 'cmake'
[3.004s] Level 1:colcon.colcon_core.package_identification:_identify(.) by extension 'python'
[3.004s] Level 1:colcon.colcon_core.package_identification:_identify(.) by extensions ['python_setup_py']
[3.004s] Level 1:colcon.colcon_core.package_identification:_identify(.) by extension 'python_setup_py'
[3.005s] Level 1:colcon.colcon_core.package_identification:_identify(build) by extensions ['ignore', 'ignore_ament_install']
[3.005s] Level 1:colcon.colcon_core.package_identification:_identify(build) by extension 'ignore'
[3.005s] Level 1:colcon.colcon_core.package_identification:_identify(build) ignored
[3.005s] Level 1:colcon.colcon_core.package_identification:_identify(install) by extensions ['ignore', 'ignore_ament_install']
[3.005s] Level 1:colcon.colcon_core.package_identification:_identify(install) by extension 'ignore'
[3.005s] Level 1:colcon.colcon_core.package_identification:_identify(install) ignored
[3.005s] Level 1:colcon.colcon_core.package_identification:_identify(log) by extensions ['ignore', 'ignore_ament_install']
[3.005s] Level 1:colcon.colcon_core.package_identification:_identify(log) by extension 'ignore'
[3.005s] Level 1:colcon.colcon_core.package_identification:_identify(log) ignored
[3.033s] Level 1:colcon.colcon_core.package_identification:_identify(src) by extensions ['ignore', 'ignore_ament_install']
[3.034s] Level 1:colcon.colcon_core.package_identification:_identify(src) by extension 'ignore'
[3.034s] Level 1:colcon.colcon_core.package_identification:_identify(src) by extension 'ignore_ament_install'
[3.034s] Level 1:colcon.colcon_core.package_identification:_identify(src) by extensions ['colcon_pkg']
[3.034s] Level 1:colcon.colcon_core.package_identification:_identify(src) by extension 'colcon_pkg'
[3.034s] Level 1:colcon.colcon_core.package_identification:_identify(src) by extensions ['colcon_meta']
[3.034s] Level 1:colcon.colcon_core.package_identification:_identify(src) by extension 'colcon_meta'
[3.034s] Level 1:colcon.colcon_core.package_identification:_identify(src) by extensions ['ros']
[3.034s] Level 1:colcon.colcon_core.package_identification:_identify(src) by extension 'ros'
[3.034s] Level 1:colcon.colcon_core.package_identification:_identify(src) by extensions ['cmake', 'python']
[3.034s] Level 1:colcon.colcon_core.package_identification:_identify(src) by extension 'cmake'
[3.034s] Level 1:colcon.colcon_core.package_identification:_identify(src) by extension 'python'
[3.034s] Level 1:colcon.colcon_core.package_identification:_identify(src) by extensions ['python_setup_py']
[3.034s] Level 1:colcon.colcon_core.package_identification:_identify(src) by extension 'python_setup_py'
[3.035s] Level 1:colcon.colcon_core.package_identification:_identify(src/autonomy) by extensions ['ignore', 'ignore_ament_install']
[3.035s] Level 1:colcon.colcon_core.package_identification:_identify(src/autonomy) by extension 'ignore'
[3.035s] Level 1:colcon.colcon_core.package_identification:_identify(src/autonomy) by extension 'ignore_ament_install'
[3.036s] Level 1:colcon.colcon_core.package_identification:_identify(src/autonomy) by extensions ['colcon_pkg']
[3.036s] Level 1:colcon.colcon_core.package_identification:_identify(src/autonomy) by extension 'colcon_pkg'
[3.036s] Level 1:colcon.colcon_core.package_identification:_identify(src/autonomy) by extensions ['colcon_meta']
[3.036s] Level 1:colcon.colcon_core.package_identification:_identify(src/autonomy) by extension 'colcon_meta'
[3.036s] Level 1:colcon.colcon_core.package_identification:_identify(src/autonomy) by extensions ['ros']
[3.036s] Level 1:colcon.colcon_core.package_identification:_identify(src/autonomy) by extension 'ros'
[3.087s] DEBUG:colcon.colcon_core.package_identification:Package 'src/autonomy' with type 'ros.ament_python' and name 'autonomy'
[3.102s] Level 1:colcon.colcon_core.package_identification:_identify(src/control) by extensions ['ignore', 'ignore_ament_install']
[3.103s] Level 1:colcon.colcon_core.package_identification:_identify(src/control) by extension 'ignore'
[3.103s] Level 1:colcon.colcon_core.package_identification:_identify(src/control) by extension 'ignore_ament_install'
[3.103s] Level 1:colcon.colcon_core.package_identification:_identify(src/control) by extensions ['colcon_pkg']
[3.104s] Level 1:colcon.colcon_core.package_identification:_identify(src/control) by extension 'colcon_pkg'
[3.104s] Level 1:colcon.colcon_core.package_identification:_identify(src/control) by extensions ['colcon_meta']
[3.104s] Level 1:colcon.colcon_core.package_identification:_identify(src/control) by extension 'colcon_meta'
[3.104s] Level 1:colcon.colcon_core.package_identification:_identify(src/control) by extensions ['ros']
[3.104s] Level 1:colcon.colcon_core.package_identification:_identify(src/control) by extension 'ros'
[3.115s] DEBUG:colcon.colcon_core.package_identification:Package 'src/control' with type 'ros.ament_python' and name 'control'
[3.124s] Level 1:colcon.colcon_core.package_identification:_identify(src/localization) by extensions ['ignore', 'ignore_ament_install']
[3.125s] Level 1:colcon.colcon_core.package_identification:_identify(src/localization) by extension 'ignore'
[3.125s] Level 1:colcon.colcon_core.package_identification:_identify(src/localization) by extension 'ignore_ament_install'
[3.125s] Level 1:colcon.colcon_core.package_identification:_identify(src/localization) by extensions ['colcon_pkg']
[3.126s] Level 1:colcon.colcon_core.package_identification:_identify(src/localization) by extension 'colcon_pkg'
[3.126s] Level 1:colcon.colcon_core.package_identification:_identify(src/localization) by extensions ['colcon_meta']
[3.126s] Level 1:colcon.colcon_core.package_identification:_identify(src/localization) by extension 'colcon_meta'
[3.126s] Level 1:colcon.colcon_core.package_identification:_identify(src/localization) by extensions ['ros']
[3.126s] Level 1:colcon.colcon_core.package_identification:_identify(src/localization) by extension 'ros'
[3.135s] DEBUG:colcon.colcon_core.package_identification:Package 'src/localization' with type 'ros.ament_python' and name 'localization'
[3.147s] Level 1:colcon.colcon_core.package_identification:_identify(src/perception) by extensions ['ignore', 'ignore_ament_install']
[3.148s] Level 1:colcon.colcon_core.package_identification:_identify(src/perception) by extension 'ignore'
[3.148s] Level 1:colcon.colcon_core.package_identification:_identify(src/perception) by extension 'ignore_ament_install'
[3.148s] Level 1:colcon.colcon_core.package_identification:_identify(src/perception) by extensions ['colcon_pkg']
[3.149s] Level 1:colcon.colcon_core.package_identification:_identify(src/perception) by extension 'colcon_pkg'
[3.149s] Level 1:colcon.colcon_core.package_identification:_identify(src/perception) by extensions ['colcon_meta']
[3.149s] Level 1:colcon.colcon_core.package_identification:_identify(src/perception) by extension 'colcon_meta'
[3.149s] Level 1:colcon.colcon_core.package_identification:_identify(src/perception) by extensions ['ros']
[3.149s] Level 1:colcon.colcon_core.package_identification:_identify(src/perception) by extension 'ros'
[3.159s] DEBUG:colcon.colcon_core.package_identification:Package 'src/perception' with type 'ros.ament_python' and name 'perception'
[3.160s] Level 1:colcon.colcon_core.package_identification:_identify(src/planning) by extensions ['ignore', 'ignore_ament_install']
[3.161s] Level 1:colcon.colcon_core.package_identification:_identify(src/planning) by extension 'ignore'
[3.161s] Level 1:colcon.colcon_core.package_identification:_identify(src/planning) by extension 'ignore_ament_install'
[3.161s] Level 1:colcon.colcon_core.package_identification:_identify(src/planning) by extensions ['colcon_pkg']
[3.161s] Level 1:colcon.colcon_core.package_identification:_identify(src/planning) by extension 'colcon_pkg'
[3.162s] Level 1:colcon.colcon_core.package_identification:_identify(src/planning) by extensions ['colcon_meta']
[3.162s] Level 1:colcon.colcon_core.package_identification:_identify(src/planning) by extension 'colcon_meta'
[3.162s] Level 1:colcon.colcon_core.package_identification:_identify(src/planning) by extensions ['ros']
[3.162s] Level 1:colcon.colcon_core.package_identification:_identify(src/planning) by extension 'ros'
[3.170s] DEBUG:colcon.colcon_core.package_identification:Package 'src/planning' with type 'ros.ament_python' and name 'planning'
[3.171s] Level 1:colcon.colcon_core.package_identification:_identify(src/safety) by extensions ['ignore', 'ignore_ament_install']
[3.171s] Level 1:colcon.colcon_core.package_identification:_identify(src/safety) by extension 'ignore'
[3.171s] Level 1:colcon.colcon_core.package_identification:_identify(src/safety) by extension 'ignore_ament_install'
[3.172s] Level 1:colcon.colcon_core.package_identification:_identify(src/safety) by extensions ['colcon_pkg']
[3.172s] Level 1:colcon.colcon_core.package_identification:_identify(src/safety) by extension 'colcon_pkg'
[3.172s] Level 1:colcon.colcon_core.package_identification:_identify(src/safety) by extensions ['colcon_meta']
[3.172s] Level 1:colcon.colcon_core.package_identification:_identify(src/safety) by extension 'colcon_meta'
[3.172s] Level 1:colcon.colcon_core.package_identification:_identify(src/safety) by extensions ['ros']
[3.173s] Level 1:colcon.colcon_core.package_identification:_identify(src/safety) by extension 'ros'
[3.183s] DEBUG:colcon.colcon_core.package_identification:Package 'src/safety' with type 'ros.ament_python' and name 'safety'
[3.191s] Level 1:colcon.colcon_core.package_identification:_identify(src/sensor_drivers) by extensions ['ignore', 'ignore_ament_install']
[3.191s] Level 1:colcon.colcon_core.package_identification:_identify(src/sensor_drivers) by extension 'ignore'
[3.191s] Level 1:colcon.colcon_core.package_identification:_identify(src/sensor_drivers) by extension 'ignore_ament_install'
[3.192s] Level 1:colcon.colcon_core.package_identification:_identify(src/sensor_drivers) by extensions ['colcon_pkg']
[3.192s] Level 1:colcon.colcon_core.package_identification:_identify(src/sensor_drivers) by extension 'colcon_pkg'
[3.192s] Level 1:colcon.colcon_core.package_identification:_identify(src/sensor_drivers) by extensions ['colcon_meta']
[3.192s] Level 1:colcon.colcon_core.package_identification:_identify(src/sensor_drivers) by extension 'colcon_meta'
[3.192s] Level 1:colcon.colcon_core.package_identification:_identify(src/sensor_drivers) by extensions ['ros']
[3.193s] Level 1:colcon.colcon_core.package_identification:_identify(src/sensor_drivers) by extension 'ros'
[3.195s] DEBUG:colcon.colcon_core.package_identification:Package 'src/sensor_drivers' with type 'ros.ament_python' and name 'sensor_drivers'
[3.197s] Level 1:colcon.colcon_core.package_identification:_identify(src/simulation) by extensions ['ignore', 'ignore_ament_install']
[3.197s] Level 1:colcon.colcon_core.package_identification:_identify(src/simulation) by extension 'ignore'
[3.197s] Level 1:colcon.colcon_core.package_identification:_identify(src/simulation) by extension 'ignore_ament_install'
[3.198s] Level 1:colcon.colcon_core.package_identification:_identify(src/simulation) by extensions ['colcon_pkg']
[3.198s] Level 1:colcon.colcon_core.package_identification:_identify(src/simulation) by extension 'colcon_pkg'
[3.198s] Level 1:colcon.colcon_core.package_identification:_identify(src/simulation) by extensions ['colcon_meta']
[3.198s] Level 1:colcon.colcon_core.package_identification:_identify(src/simulation) by extension 'colcon_meta'
[3.198s] Level 1:colcon.colcon_core.package_identification:_identify(src/simulation) by extensions ['ros']
[3.199s] Level 1:colcon.colcon_core.package_identification:_identify(src/simulation) by extension 'ros'
[3.209s] DEBUG:colcon.colcon_core.package_identification:Package 'src/simulation' with type 'ros.ament_python' and name 'simulation'
[3.210s] Level 1:colcon.colcon_core.package_identification:_identify(src/vehicle_interface) by extensions ['ignore', 'ignore_ament_install']
[3.210s] Level 1:colcon.colcon_core.package_identification:_identify(src/vehicle_interface) by extension 'ignore'
[3.211s] Level 1:colcon.colcon_core.package_identification:_identify(src/vehicle_interface) by extension 'ignore_ament_install'
[3.211s] Level 1:colcon.colcon_core.package_identification:_identify(src/vehicle_interface) by extensions ['colcon_pkg']
[3.211s] Level 1:colcon.colcon_core.package_identification:_identify(src/vehicle_interface) by extension 'colcon_pkg'
[3.211s] Level 1:colcon.colcon_core.package_identification:_identify(src/vehicle_interface) by extensions ['colcon_meta']
[3.212s] Level 1:colcon.colcon_core.package_identification:_identify(src/vehicle_interface) by extension 'colcon_meta'
[3.212s] Level 1:colcon.colcon_core.package_identification:_identify(src/vehicle_interface) by extensions ['ros']
[3.212s] Level 1:colcon.colcon_core.package_identification:_identify(src/vehicle_interface) by extension 'ros'
[3.232s] DEBUG:colcon.colcon_core.package_identification:Package 'src/vehicle_interface' with type 'ros.ament_python' and name 'vehicle_interface'
[3.232s] Level 1:colcon.colcon_core.package_discovery:discover_packages(recursive) using defaults
[3.233s] Level 1:colcon.colcon_core.package_discovery:discover_packages(ignore) discover
[3.233s] Level 1:colcon.colcon_core.package_discovery:discover_packages(ignore) using defaults
[3.233s] Level 1:colcon.colcon_core.package_discovery:discover_packages(path) discover
[3.233s] Level 1:colcon.colcon_core.package_discovery:discover_packages(path) using defaults
[3.408s] INFO:colcon.colcon_core.package_selection:Skipping not selected package 'autonomy' in 'src/autonomy'
[3.408s] INFO:colcon.colcon_core.package_selection:Skipping not selected package 'control' in 'src/control'
[3.408s] INFO:colcon.colcon_core.package_selection:Skipping not selected package 'localization' in 'src/localization'
[3.408s] INFO:colcon.colcon_core.package_selection:Skipping not selected package 'perception' in 'src/perception'
[3.408s] INFO:colcon.colcon_core.package_selection:Skipping not selected package 'planning' in 'src/planning'
[3.409s] INFO:colcon.colcon_core.package_selection:Skipping not selected package 'safety' in 'src/safety'
[3.409s] INFO:colcon.colcon_core.package_selection:Skipping not selected package 'sensor_drivers' in 'src/sensor_drivers'
[3.409s] INFO:colcon.colcon_core.package_selection:Skipping not selected package 'vehicle_interface' in 'src/vehicle_interface'
[3.411s] Level 1:colcon.colcon_core.package_discovery:discover_packages(prefix_path) check parameters
[3.412s] Level 1:colcon.colcon_core.package_discovery:discover_packages(prefix_path) discover
[3.429s] DEBUG:colcon.colcon_installed_package_information.package_discovery:Found 319 installed packages in /opt/ros/jazzy
[3.434s] Level 1:colcon.colcon_core.package_discovery:discover_packages(prefix_path) using defaults
[3.512s] Level 5:colcon.colcon_core.verb:set package 'simulation' build argument 'cmake_args' from command line to 'None'
[3.512s] Level 5:colcon.colcon_core.verb:set package 'simulation' build argument 'cmake_target' from command line to 'None'
[3.512s] Level 5:colcon.colcon_core.verb:set package 'simulation' build argument 'cmake_target_skip_unavailable' from command line to 'False'
[3.512s] Level 5:colcon.colcon_core.verb:set package 'simulation' build argument 'cmake_clean_cache' from command line to 'False'
[3.512s] Level 5:colcon.colcon_core.verb:set package 'simulation' build argument 'cmake_clean_first' from command line to 'False'
[3.512s] Level 5:colcon.colcon_core.verb:set package 'simulation' build argument 'cmake_force_configure' from command line to 'False'
[3.512s] Level 5:colcon.colcon_core.verb:set package 'simulation' build argument 'ament_cmake_args' from command line to 'None'
[3.512s] Level 5:colcon.colcon_core.verb:set package 'simulation' build argument 'catkin_cmake_args' from command line to 'None'
[3.512s] Level 5:colcon.colcon_core.verb:set package 'simulation' build argument 'catkin_skip_building_tests' from command line to 'False'
[3.512s] DEBUG:colcon.colcon_core.verb:Building package 'simulation' with the following arguments: {'ament_cmake_args': None, 'build_base': '/home/ahmed/colcon_ws/build/simulation', 'catkin_cmake_args': None, 'catkin_skip_building_tests': False, 'cmake_args': None, 'cmake_clean_cache': False, 'cmake_clean_first': False, 'cmake_force_configure': False, 'cmake_target': None, 'cmake_target_skip_unavailable': False, 'install_base': '/home/ahmed/colcon_ws/install/simulation', 'merge_install': False, 'path': '/home/ahmed/colcon_ws/src/simulation', 'symlink_install': True, 'test_result_base': None}
[3.512s] INFO:colcon.colcon_core.executor:Executing jobs using 'parallel' executor
[3.513s] DEBUG:colcon.colcon_parallel_executor.executor.parallel:run_until_complete
[3.513s] INFO:colcon.colcon_ros.task.ament_python.build:Building ROS package in '/home/ahmed/colcon_ws/src/simulation' with build type 'ament_python'
[3.513s] Level 1:colcon.colcon_core.shell:create_environment_hook('simulation', 'ament_prefix_path')
[3.540s] INFO:colcon.colcon_core.plugin_system:Skipping extension 'colcon_core.shell.bat': Not used on non-Windows systems
[3.540s] INFO:colcon.colcon_core.shell:Creating environment hook '/home/ahmed/colcon_ws/install/simulation/share/simulation/hook/ament_prefix_path.ps1'
[3.570s] INFO:colcon.colcon_core.shell:Creating environment descriptor '/home/ahmed/colcon_ws/install/simulation/share/simulation/hook/ament_prefix_path.dsv'
[3.571s] INFO:colcon.colcon_core.shell:Creating environment hook '/home/ahmed/colcon_ws/install/simulation/share/simulation/hook/ament_prefix_path.sh'
[3.572s] INFO:colcon.colcon_core.shell:Skip shell extension 'powershell' for command environment: Not usable outside of PowerShell
[3.572s] DEBUG:colcon.colcon_core.shell:Skip shell extension 'dsv' for command environment
[3.951s] INFO:colcon.colcon_core.task.python.build:Building Python package in '/home/ahmed/colcon_ws/src/simulation'
[3.952s] INFO:colcon.colcon_core.shell:Skip shell extension 'powershell' for command environment: Not usable outside of PowerShell
[3.952s] DEBUG:colcon.colcon_core.shell:Skip shell extension 'dsv' for command environment
[8.187s] DEBUG:colcon.colcon_core.event_handler.log_command:Invoking command in '/home/ahmed/colcon_ws/build/simulation': DEBUGINFOD_URLS=https://debuginfod.ubuntu.com PYTHONPATH=/home/ahmed/colcon_ws/build/simulation/prefix_override:/usr/lib/python3/dist-packages/colcon_core/task/python/colcon_distutils_commands:/home/ahmed/colcon_ws/install/simulation/lib/python3.12/site-packages:${PYTHONPATH} /usr/bin/python3 -W ignore:setup.py install is deprecated -W ignore:easy_install command is deprecated setup.py develop --editable --build-directory /home/ahmed/colcon_ws/build/simulation/build --no-deps symlink_data
[9.043s] Level 1:colcon.colcon_core.shell:create_environment_hook('simulation', 'pythonpath_develop')
[9.043s] INFO:colcon.colcon_core.shell:Creating environment hook '/home/ahmed/colcon_ws/build/simulation/share/simulation/hook/pythonpath_develop.ps1'
[9.043s] DEBUG:colcon.colcon_core.event_handler.log_command:Invoked command in '/home/ahmed/colcon_ws/build/simulation' returned '0': DEBUGINFOD_URLS=https://debuginfod.ubuntu.com PYTHONPATH=/home/ahmed/colcon_ws/build/simulation/prefix_override:/usr/lib/python3/dist-packages/colcon_core/task/python/colcon_distutils_commands:/home/ahmed/colcon_ws/install/simulation/lib/python3.12/site-packages:${PYTHONPATH} /usr/bin/python3 -W ignore:setup.py install is deprecated -W ignore:easy_install command is deprecated setup.py develop --editable --build-directory /home/ahmed/colcon_ws/build/simulation/build --no-deps symlink_data
[9.045s] INFO:colcon.colcon_core.shell:Creating environment descriptor '/home/ahmed/colcon_ws/build/simulation/share/simulation/hook/pythonpath_develop.dsv'
[9.045s] INFO:colcon.colcon_core.shell:Creating environment hook '/home/ahmed/colcon_ws/build/simulation/share/simulation/hook/pythonpath_develop.sh'
[9.209s] Level 1:colcon.colcon_core.environment:checking '/home/ahmed/colcon_ws/install/simulation' for CMake module files
[9.211s] Level 1:colcon.colcon_core.environment:checking '/home/ahmed/colcon_ws/install/simulation' for CMake config files
[9.247s] Level 1:colcon.colcon_core.environment:checking '/home/ahmed/colcon_ws/install/simulation/lib'
[9.247s] Level 1:colcon.colcon_core.environment:checking '/home/ahmed/colcon_ws/install/simulation/bin'
[9.248s] Level 1:colcon.colcon_core.environment:checking '/home/ahmed/colcon_ws/install/simulation/lib/pkgconfig/simulation.pc'
[9.249s] Level 1:colcon.colcon_core.environment:checking '/home/ahmed/colcon_ws/install/simulation/lib/python3.12/site-packages'
[9.249s] Level 1:colcon.colcon_core.shell:create_environment_hook('simulation', 'pythonpath')
[9.250s] INFO:colcon.colcon_core.shell:Creating environment hook '/home/ahmed/colcon_ws/install/simulation/share/simulation/hook/pythonpath.ps1'
[9.252s] INFO:colcon.colcon_core.shell:Creating environment descriptor '/home/ahmed/colcon_ws/install/simulation/share/simulation/hook/pythonpath.dsv'
[9.253s] INFO:colcon.colcon_core.shell:Creating environment hook '/home/ahmed/colcon_ws/install/simulation/share/simulation/hook/pythonpath.sh'
[9.256s] Level 1:colcon.colcon_core.environment:checking '/home/ahmed/colcon_ws/install/simulation/bin'
[9.256s] Level 1:colcon.colcon_core.environment:create_environment_scripts_only(simulation)
[9.257s] INFO:colcon.colcon_core.shell:Creating package script '/home/ahmed/colcon_ws/install/simulation/share/simulation/package.ps1'
[9.285s] INFO:colcon.colcon_core.shell:Creating package descriptor '/home/ahmed/colcon_ws/install/simulation/share/simulation/package.dsv'
[9.289s] INFO:colcon.colcon_core.shell:Creating package script '/home/ahmed/colcon_ws/install/simulation/share/simulation/package.sh'
[9.292s] INFO:colcon.colcon_core.shell:Creating package script '/home/ahmed/colcon_ws/install/simulation/share/simulation/package.bash'
[9.304s] INFO:colcon.colcon_core.shell:Creating package script '/home/ahmed/colcon_ws/install/simulation/share/simulation/package.zsh'
[9.308s] Level 1:colcon.colcon_core.environment:create_file_with_runtime_dependencies(/home/ahmed/colcon_ws/install/simulation/share/colcon-core/packages/simulation)
[9.310s] DEBUG:colcon.colcon_parallel_executor.executor.parallel:closing loop
[9.310s] DEBUG:colcon.colcon_parallel_executor.executor.parallel:loop closed
[9.311s] DEBUG:colcon.colcon_parallel_executor.executor.parallel:run_until_complete finished with '0'
[9.311s] DEBUG:colcon.colcon_core.event_reactor:joining thread
[9.354s] INFO:colcon.colcon_core.plugin_system:Skipping extension 'colcon_notification.desktop_notification.terminal_notifier': Not used on non-Darwin systems
[9.354s] INFO:colcon.colcon_core.plugin_system:Skipping extension 'colcon_notification.desktop_notification.win32': Not used on non-Windows systems
[9.355s] INFO:colcon.colcon_notification.desktop_notification:Sending desktop notification using 'notify2'
[9.413s] DEBUG:colcon.colcon_core.event_reactor:joined thread
[9.413s] INFO:colcon.colcon_core.shell:Creating prefix script '/home/ahmed/colcon_ws/install/local_setup.ps1'
[9.415s] INFO:colcon.colcon_core.shell:Creating prefix util module '/home/ahmed/colcon_ws/install/_local_setup_util_ps1.py'
[9.418s] INFO:colcon.colcon_core.shell:Creating prefix chain script '/home/ahmed/colcon_ws/install/setup.ps1'
[9.420s] INFO:colcon.colcon_core.shell:Creating prefix script '/home/ahmed/colcon_ws/install/local_setup.sh'
[9.421s] INFO:colcon.colcon_core.shell:Creating prefix util module '/home/ahmed/colcon_ws/install/_local_setup_util_sh.py'
[9.422s] INFO:colcon.colcon_core.shell:Creating prefix chain script '/home/ahmed/colcon_ws/install/setup.sh'
[9.424s] INFO:colcon.colcon_core.shell:Creating prefix script '/home/ahmed/colcon_ws/install/local_setup.bash'
[9.425s] INFO:colcon.colcon_core.shell:Creating prefix chain script '/home/ahmed/colcon_ws/install/setup.bash'
[9.426s] INFO:colcon.colcon_core.shell:Creating prefix script '/home/ahmed/colcon_ws/install/local_setup.zsh'
[9.427s] INFO:colcon.colcon_core.shell:Creating prefix chain script '/home/ahmed/colcon_ws/install/setup.zsh'
