running develop
running egg_info
creating description.egg-info
writing description.egg-info/PKG-INFO
writing dependency_links to description.egg-info/dependency_links.txt
writing requirements to description.egg-info/requires.txt
writing top-level names to description.egg-info/top_level.txt
writing manifest file 'description.egg-info/SOURCES.txt'
reading manifest file 'description.egg-info/SOURCES.txt'
writing manifest file 'description.egg-info/SOURCES.txt'
running build_ext
Creating /home/ahmed/colcon_ws/install/description/lib/python3.12/site-packages/description.egg-link (link to .)

Installed /home/ahmed/colcon_ws/build/description
running symlink_data
creating /home/ahmed/colcon_ws/install/description/share/ament_index
creating /home/ahmed/colcon_ws/install/description/share/ament_index/resource_index
creating /home/ahmed/colcon_ws/install/description/share/ament_index/resource_index/packages
symbolically linking /home/ahmed/colcon_ws/build/description/resource/description -> /home/ahmed/colcon_ws/install/description/share/ament_index/resource_index/packages
symbolically linking /home/ahmed/colcon_ws/build/description/package.xml -> /home/ahmed/colcon_ws/install/description/share/description
creating /home/ahmed/colcon_ws/install/description/share/description/urdf
symbolically linking /home/ahmed/colcon_ws/build/description/urdf/robot.urdf.xacro -> /home/ahmed/colcon_ws/install/description/share/description/urdf
creating /home/ahmed/colcon_ws/install/description/share/description/launch
symbolically linking /home/ahmed/colcon_ws/build/description/launch/view_description.launch.py -> /home/ahmed/colcon_ws/install/description/share/description/launch
