[0.889s] Invoking command in '/home/ahmed/colcon_ws/build/description': DEBUGINFOD_URLS=https://debuginfod.ubuntu.com PYTHONPATH=/home/ahmed/colcon_ws/build/description/prefix_override:/usr/lib/python3/dist-packages/colcon_core/task/python/colcon_distutils_commands:/home/ahmed/colcon_ws/install/description/lib/python3.12/site-packages:${PYTHONPATH} /usr/bin/python3 -W ignore:setup.py install is deprecated -W ignore:easy_install command is deprecated setup.py develop --editable --build-directory /home/ahmed/colcon_ws/build/description/build --no-deps symlink_data
[1.255s] running develop
[1.492s] running egg_info
[1.492s] creating description.egg-info
[1.515s] writing description.egg-info/PKG-INFO
[1.515s] writing dependency_links to description.egg-info/dependency_links.txt
[1.515s] writing requirements to description.egg-info/requires.txt
[1.515s] writing top-level names to description.egg-info/top_level.txt
[1.515s] writing manifest file 'description.egg-info/SOURCES.txt'
[1.562s] reading manifest file 'description.egg-info/SOURCES.txt'
[1.563s] writing manifest file 'description.egg-info/SOURCES.txt'
[1.587s] running build_ext
[1.587s] Creating /home/ahmed/colcon_ws/install/description/lib/python3.12/site-packages/description.egg-link (link to .)
[1.587s] 
[1.587s] Installed /home/ahmed/colcon_ws/build/description
[1.587s] running symlink_data
[1.587s] creating /home/ahmed/colcon_ws/install/description/share/ament_index
[1.587s] creating /home/ahmed/colcon_ws/install/description/share/ament_index/resource_index
[1.588s] creating /home/ahmed/colcon_ws/install/description/share/ament_index/resource_index/packages
[1.588s] symbolically linking /home/ahmed/colcon_ws/build/description/resource/description -> /home/ahmed/colcon_ws/install/description/share/ament_index/resource_index/packages
[1.588s] symbolically linking /home/ahmed/colcon_ws/build/description/package.xml -> /home/ahmed/colcon_ws/install/description/share/description
[1.588s] creating /home/ahmed/colcon_ws/install/description/share/description/urdf
[1.588s] symbolically linking /home/ahmed/colcon_ws/build/description/urdf/robot.urdf.xacro -> /home/ahmed/colcon_ws/install/description/share/description/urdf
[1.588s] creating /home/ahmed/colcon_ws/install/description/share/description/launch
[1.588s] symbolically linking /home/ahmed/colcon_ws/build/description/launch/view_description.launch.py -> /home/ahmed/colcon_ws/install/description/share/description/launch
[1.617s] Invoked command in '/home/ahmed/colcon_ws/build/description' returned '0': DEBUGINFOD_URLS=https://debuginfod.ubuntu.com PYTHONPATH=/home/ahmed/colcon_ws/build/description/prefix_override:/usr/lib/python3/dist-packages/colcon_core/task/python/colcon_distutils_commands:/home/ahmed/colcon_ws/install/description/lib/python3.12/site-packages:${PYTHONPATH} /usr/bin/python3 -W ignore:setup.py install is deprecated -W ignore:easy_install command is deprecated setup.py develop --editable --build-directory /home/ahmed/colcon_ws/build/description/build --no-deps symlink_data
