running develop
Removing /home/ahmed/colcon_ws/install/bridge/lib/python3.12/site-packages/bridge.egg-link (link to .)
running egg_info
writing ../../build/bridge/bridge.egg-info/PKG-INFO
writing dependency_links to ../../build/bridge/bridge.egg-info/dependency_links.txt
writing entry points to ../../build/bridge/bridge.egg-info/entry_points.txt
writing requirements to ../../build/bridge/bridge.egg-info/requires.txt
writing top-level names to ../../build/bridge/bridge.egg-info/top_level.txt
reading manifest file '../../build/bridge/bridge.egg-info/SOURCES.txt'
writing manifest file '../../build/bridge/bridge.egg-info/SOURCES.txt'
running build
running build_py
creating /home/ahmed/colcon_ws/build/bridge/build
creating /home/ahmed/colcon_ws/build/bridge/build/lib
creating /home/ahmed/colcon_ws/build/bridge/build/lib/bridge
copying bridge/bridge_node.py -> /home/ahmed/colcon_ws/build/bridge/build/lib/bridge
copying bridge/__init__.py -> /home/ahmed/colcon_ws/build/bridge/build/lib/bridge
running install
running install_lib
creating /home/ahmed/colcon_ws/install/bridge/lib/python3.12/site-packages/bridge
copying /home/ahmed/colcon_ws/build/bridge/build/lib/bridge/bridge_node.py -> /home/ahmed/colcon_ws/install/bridge/lib/python3.12/site-packages/bridge
copying /home/ahmed/colcon_ws/build/bridge/build/lib/bridge/__init__.py -> /home/ahmed/colcon_ws/install/bridge/lib/python3.12/site-packages/bridge
byte-compiling /home/ahmed/colcon_ws/install/bridge/lib/python3.12/site-packages/bridge/bridge_node.py to bridge_node.cpython-312.pyc
byte-compiling /home/ahmed/colcon_ws/install/bridge/lib/python3.12/site-packages/bridge/__init__.py to __init__.cpython-312.pyc
running install_data
copying resource/bridge -> /home/ahmed/colcon_ws/install/bridge/share/ament_index/resource_index/packages
copying package.xml -> /home/ahmed/colcon_ws/install/bridge/share/bridge
running install_egg_info
Copying ../../build/bridge/bridge.egg-info to /home/ahmed/colcon_ws/install/bridge/lib/python3.12/site-packages/bridge-0.0.1-py3.12.egg-info
running install_scripts
Installing bridge_node script to /home/ahmed/colcon_ws/install/bridge/bin
writing list of installed files to '/home/ahmed/colcon_ws/build/bridge/install.log'
