[0.880s] Invoking command in '/home/ahmed/colcon_ws/build/bridge': DEBUGINFOD_URLS=https://debuginfod.ubuntu.com PYTHONPATH=/home/ahmed/colcon_ws/build/bridge/prefix_override:/usr/lib/python3/dist-packages/colcon_core/task/python/colcon_distutils_commands:/home/ahmed/colcon_ws/install/bridge/lib/python3.12/site-packages:/home/ahmed/colcon_ws/install/interfaces/lib/python3.12/site-packages:/home/ahmed/colcon_ws/build/bridge:/home/ahmed/colcon_ws/install/bridge/lib/python3.12/site-packages:/home/ahmed/colcon_ws/build/simulation:/home/ahmed/colcon_ws/install/simulation/lib/python3.12/site-packages:/home/ahmed/colcon_ws/build/sensor_drivers:/home/ahmed/colcon_ws/install/sensor_drivers/lib/python3.12/site-packages:/home/ahmed/colcon_ws/build/planning:/home/ahmed/colcon_ws/install/planning/lib/python3.12/site-packages:/home/ahmed/colcon_ws/build/perception:/home/ahmed/colcon_ws/install/perception/lib/python3.12/site-packages:/home/ahmed/colcon_ws/build/control:/home/ahmed/colcon_ws/install/control/lib/python3.12/site-packages:/home/ahmed/colcon_ws/install/autonomy_msgs/lib/python3.12/site-packages:/home/ahmed/colcon_ws/build/autonomy:/home/ahmed/colcon_ws/install/autonomy/lib/python3.12/site-packages:/opt/ros/jazzy/lib/python3.12/site-packages /usr/bin/python3 -W ignore:setup.py install is deprecated -W ignore:easy_install command is deprecated setup.py develop --uninstall --editable --build-directory /home/ahmed/colcon_ws/build/bridge/build
[1.216s] running develop
[1.454s] Removing /home/ahmed/colcon_ws/install/bridge/lib/python3.12/site-packages/bridge.egg-link (link to .)
[1.479s] Invoked command in '/home/ahmed/colcon_ws/build/bridge' returned '0': DEBUGINFOD_URLS=https://debuginfod.ubuntu.com PYTHONPATH=/home/ahmed/colcon_ws/build/bridge/prefix_override:/usr/lib/python3/dist-packages/colcon_core/task/python/colcon_distutils_commands:/home/ahmed/colcon_ws/install/bridge/lib/python3.12/site-packages:/home/ahmed/colcon_ws/install/interfaces/lib/python3.12/site-packages:/home/ahmed/colcon_ws/build/bridge:/home/ahmed/colcon_ws/install/bridge/lib/python3.12/site-packages:/home/ahmed/colcon_ws/build/simulation:/home/ahmed/colcon_ws/install/simulation/lib/python3.12/site-packages:/home/ahmed/colcon_ws/build/sensor_drivers:/home/ahmed/colcon_ws/install/sensor_drivers/lib/python3.12/site-packages:/home/ahmed/colcon_ws/build/planning:/home/ahmed/colcon_ws/install/planning/lib/python3.12/site-packages:/home/ahmed/colcon_ws/build/perception:/home/ahmed/colcon_ws/install/perception/lib/python3.12/site-packages:/home/ahmed/colcon_ws/build/control:/home/ahmed/colcon_ws/install/control/lib/python3.12/site-packages:/home/ahmed/colcon_ws/install/autonomy_msgs/lib/python3.12/site-packages:/home/ahmed/colcon_ws/build/autonomy:/home/ahmed/colcon_ws/install/autonomy/lib/python3.12/site-packages:/opt/ros/jazzy/lib/python3.12/site-packages /usr/bin/python3 -W ignore:setup.py install is deprecated -W ignore:easy_install command is deprecated setup.py develop --uninstall --editable --build-directory /home/ahmed/colcon_ws/build/bridge/build
[1.480s] Invoking command in '/home/ahmed/colcon_ws/src/bridge': DEBUGINFOD_URLS=https://debuginfod.ubuntu.com PYTHONPATH=/home/ahmed/colcon_ws/build/bridge/prefix_override:/usr/lib/python3/dist-packages/colcon_core/task/python/colcon_distutils_commands:/home/ahmed/colcon_ws/install/bridge/lib/python3.12/site-packages:/home/ahmed/colcon_ws/install/interfaces/lib/python3.12/site-packages:/home/ahmed/colcon_ws/build/bridge:/home/ahmed/colcon_ws/install/bridge/lib/python3.12/site-packages:/home/ahmed/colcon_ws/build/simulation:/home/ahmed/colcon_ws/install/simulation/lib/python3.12/site-packages:/home/ahmed/colcon_ws/build/sensor_drivers:/home/ahmed/colcon_ws/install/sensor_drivers/lib/python3.12/site-packages:/home/ahmed/colcon_ws/build/planning:/home/ahmed/colcon_ws/install/planning/lib/python3.12/site-packages:/home/ahmed/colcon_ws/build/perception:/home/ahmed/colcon_ws/install/perception/lib/python3.12/site-packages:/home/ahmed/colcon_ws/build/control:/home/ahmed/colcon_ws/install/control/lib/python3.12/site-packages:/home/ahmed/colcon_ws/install/autonomy_msgs/lib/python3.12/site-packages:/home/ahmed/colcon_ws/build/autonomy:/home/ahmed/colcon_ws/install/autonomy/lib/python3.12/site-packages:/opt/ros/jazzy/lib/python3.12/site-packages /usr/bin/python3 -W ignore:setup.py install is deprecated -W ignore:easy_install command is deprecated setup.py egg_info --egg-base ../../build/bridge build --build-base /home/ahmed/colcon_ws/build/bridge/build install --record /home/ahmed/colcon_ws/build/bridge/install.log --single-version-externally-managed install_data --force
[1.779s] running egg_info
[1.803s] writing ../../build/bridge/bridge.egg-info/PKG-INFO
[1.803s] writing dependency_links to ../../build/bridge/bridge.egg-info/dependency_links.txt
[1.803s] writing entry points to ../../build/bridge/bridge.egg-info/entry_points.txt
[1.803s] writing requirements to ../../build/bridge/bridge.egg-info/requires.txt
[1.804s] writing top-level names to ../../build/bridge/bridge.egg-info/top_level.txt
[1.850s] reading manifest file '../../build/bridge/bridge.egg-info/SOURCES.txt'
[1.851s] writing manifest file '../../build/bridge/bridge.egg-info/SOURCES.txt'
[1.851s] running build
[1.851s] running build_py
[1.851s] creating /home/ahmed/colcon_ws/build/bridge/build
[1.851s] creating /home/ahmed/colcon_ws/build/bridge/build/lib
[1.851s] creating /home/ahmed/colcon_ws/build/bridge/build/lib/bridge
[1.851s] copying bridge/bridge_node.py -> /home/ahmed/colcon_ws/build/bridge/build/lib/bridge
[1.851s] copying bridge/__init__.py -> /home/ahmed/colcon_ws/build/bridge/build/lib/bridge
[1.851s] running install
[1.858s] running install_lib
[1.881s] creating /home/ahmed/colcon_ws/install/bridge/lib/python3.12/site-packages/bridge
[1.881s] copying /home/ahmed/colcon_ws/build/bridge/build/lib/bridge/bridge_node.py -> /home/ahmed/colcon_ws/install/bridge/lib/python3.12/site-packages/bridge
[1.881s] copying /home/ahmed/colcon_ws/build/bridge/build/lib/bridge/__init__.py -> /home/ahmed/colcon_ws/install/bridge/lib/python3.12/site-packages/bridge
[1.882s] byte-compiling /home/ahmed/colcon_ws/install/bridge/lib/python3.12/site-packages/bridge/bridge_node.py to bridge_node.cpython-312.pyc
[1.883s] byte-compiling /home/ahmed/colcon_ws/install/bridge/lib/python3.12/site-packages/bridge/__init__.py to __init__.cpython-312.pyc
[1.883s] running install_data
[1.883s] copying resource/bridge -> /home/ahmed/colcon_ws/install/bridge/share/ament_index/resource_index/packages
[1.883s] copying package.xml -> /home/ahmed/colcon_ws/install/bridge/share/bridge
[1.883s] running install_egg_info
[1.908s] Copying ../../build/bridge/bridge.egg-info to /home/ahmed/colcon_ws/install/bridge/lib/python3.12/site-packages/bridge-0.0.1-py3.12.egg-info
[1.909s] running install_scripts
[2.059s] Installing bridge_node script to /home/ahmed/colcon_ws/install/bridge/bin
[2.059s] writing list of installed files to '/home/ahmed/colcon_ws/build/bridge/install.log'
[2.082s] Invoked command in '/home/ahmed/colcon_ws/src/bridge' returned '0': DEBUGINFOD_URLS=https://debuginfod.ubuntu.com PYTHONPATH=/home/ahmed/colcon_ws/build/bridge/prefix_override:/usr/lib/python3/dist-packages/colcon_core/task/python/colcon_distutils_commands:/home/ahmed/colcon_ws/install/bridge/lib/python3.12/site-packages:/home/ahmed/colcon_ws/install/interfaces/lib/python3.12/site-packages:/home/ahmed/colcon_ws/build/bridge:/home/ahmed/colcon_ws/install/bridge/lib/python3.12/site-packages:/home/ahmed/colcon_ws/build/simulation:/home/ahmed/colcon_ws/install/simulation/lib/python3.12/site-packages:/home/ahmed/colcon_ws/build/sensor_drivers:/home/ahmed/colcon_ws/install/sensor_drivers/lib/python3.12/site-packages:/home/ahmed/colcon_ws/build/planning:/home/ahmed/colcon_ws/install/planning/lib/python3.12/site-packages:/home/ahmed/colcon_ws/build/perception:/home/ahmed/colcon_ws/install/perception/lib/python3.12/site-packages:/home/ahmed/colcon_ws/build/control:/home/ahmed/colcon_ws/install/control/lib/python3.12/site-packages:/home/ahmed/colcon_ws/install/autonomy_msgs/lib/python3.12/site-packages:/home/ahmed/colcon_ws/build/autonomy:/home/ahmed/colcon_ws/install/autonomy/lib/python3.12/site-packages:/opt/ros/jazzy/lib/python3.12/site-packages /usr/bin/python3 -W ignore:setup.py install is deprecated -W ignore:easy_install command is deprecated setup.py egg_info --egg-base ../../build/bridge build --build-base /home/ahmed/colcon_ws/build/bridge/build install --record /home/ahmed/colcon_ws/build/bridge/install.log --single-version-externally-managed install_data --force
