running develop
running egg_info
creating control.egg-info
writing control.egg-info/PKG-INFO
writing dependency_links to control.egg-info/dependency_links.txt
writing entry points to control.egg-info/entry_points.txt
writing requirements to control.egg-info/requires.txt
writing top-level names to control.egg-info/top_level.txt
writing manifest file 'control.egg-info/SOURCES.txt'
reading manifest file 'control.egg-info/SOURCES.txt'
writing manifest file 'control.egg-info/SOURCES.txt'
running build_ext
Creating /home/ahmed/colcon_ws/install/control/lib/python3.12/site-packages/control.egg-link (link to .)
Installing reactive_driver script to /home/ahmed/colcon_ws/install/control/lib/control

Installed /home/ahmed/colcon_ws/build/control
running symlink_data
creating /home/ahmed/colcon_ws/install/control/share/ament_index
creating /home/ahmed/colcon_ws/install/control/share/ament_index/resource_index
creating /home/ahmed/colcon_ws/install/control/share/ament_index/resource_index/packages
symbolically linking /home/ahmed/colcon_ws/build/control/resource/control -> /home/ahmed/colcon_ws/install/control/share/ament_index/resource_index/packages
symbolically linking /home/ahmed/colcon_ws/build/control/package.xml -> /home/ahmed/colcon_ws/install/control/share/control
